Component: ARM Compiler 5.06 update 3 (build 300) Tool: armlink [4d35c9]

==============================================================================

Section Cross References

    main.o(.text) refers to malloc_ext.o(.text) for malloc_ext
    main.o(.text) refers to sem.o(.text) for _impl_k_sem_init
    main.o(.text) refers to lcd.o(.text) for lcd_config
    main.o(.text) refers to memcpya.o(.text) for __aeabi_memcpy
    main.o(.text) refers to storage.o(.text) for aimodule_init_device
    main.o(.text) refers to memseta.o(.text) for __aeabi_memclr4
    main.o(.text) refers to camera.o(.text) for camera_config
    main.o(.text) refers to app_processor.o(.text) for rrggbb_split2rgb
    main.o(.text) refers to sched.o(.text) for _impl_k_yield
    main.o(.text) refers to gm_hal_kdp.o(.text) for HAL_CNN_Bram_hfwd_rw_en
    main.o(.text) refers to processor.o(.text) for easynet_ops_process
    main.o(.text) refers to draw.o(.text) for LCD_draw_rectangle
    main.o(.text) refers to sys_clock.o(.text) for _impl_k_uptime_get_32
    main.o(.text) refers to obj_info.o(.text) for obj_info_set_camera_param
    main.o(.text) refers to f2d.o(.text) for __aeabi_f2d
    main.o(.text) refers to fabs.o(i.fabs) for fabs
    main.o(.text) refers to sqrt.o(i.sqrt) for sqrt
    main.o(.text) refers to dfixui.o(.text) for __aeabi_d2uiz
    main.o(.text) refers to main.o(.bss) for .bss
    main.o(.text) refers to main.o(.data) for .data
    main.o(.text) refers to camera.o(.data) for dcmi
    main.o(.text) refers to lcd.o(.data) for show_buf_addr
    main.o(.text) refers to main.o(mem_ai_data) for mem_ai_data
    main.o(.text) refers to main.o(.constdata) for .constdata
    main.o(.text) refers to thread.o(.text) for _impl_k_thread_create
    main.o(.text) refers to post_yolo.o(.text) for easynet_post_region
    main.o(.text) refers to gm_hal_vin.o(.text) for HAL_VIN_Enable
    main.o(.text) refers to main.o(.noinit."..\\src\\main.c".0) for .noinit."..\\src\\main.c".0
    main.o(.data) refers to main.o(.conststring) for .conststring
    post_yolo.o(.text) refers to f2d.o(.text) for __aeabi_f2d
    post_yolo.o(.text) refers to dmul.o(.text) for __aeabi_dmul
    post_yolo.o(.text) refers to dadd.o(.text) for __aeabi_dadd
    post_yolo.o(.text) refers to d2f.o(.text) for __aeabi_d2f
    post_yolo.o(.text) refers to memcpya.o(.text) for __aeabi_memcpy4
    post_yolo.o(.text) refers to dflti.o(.text) for __aeabi_i2d
    post_yolo.o(.text) refers to ddiv.o(.text) for __aeabi_ddiv
    post_yolo.o(.text) refers to malloc_ext.o(.text) for malloc_ext
    post_yolo.o(.text) refers to post_yolo.o(.data) for .data
    obj_info.o(.text) refers to f2d.o(.text) for __aeabi_f2d
    obj_info.o(.text) refers to dmul.o(.text) for __aeabi_dmul
    obj_info.o(.text) refers to dadd.o(.text) for __aeabi_dsub
    obj_info.o(.text) refers to d2f.o(.text) for __aeabi_d2f
    obj_info.o(.text) refers to sqrt.o(i.__hardfp_sqrt) for __hardfp_sqrt
    obj_info.o(.text) refers to atan.o(i.__hardfp_atan) for __hardfp_atan
    obj_info.o(.text) refers to sin.o(i.__hardfp_sin) for __hardfp_sin
    obj_info.o(.text) refers to ddiv.o(.text) for __aeabi_ddiv
    obj_info.o(.text) refers to memcpya.o(.text) for __aeabi_memcpy4
    obj_info.o(.text) refers to obj_info.o(.data) for .data
    obj_info.o(.text) refers to cdrcmple.o(.text) for __aeabi_cdrcmple
    protocol.o(.text) refers to atomic_c.o(.text) for atomic_or
    protocol.o(.text) refers to queue.o(.text) for k_queue_append
    protocol.o(.text) refers to gm_hal_uart.o(.text) for HAL_UART_PutChar
    protocol.o(.text) refers to sched.o(.text) for _impl_k_sleep
    protocol.o(.text) refers to objcmd.o(.text) for set_personinfo
    protocol.o(.text) refers to memcpya.o(.text) for __aeabi_memcpy4
    protocol.o(.text) refers to thread.o(.text) for _impl_k_thread_create
    protocol.o(.text) refers to timer.o(.text) for _impl_k_timer_start
    protocol.o(.text) refers to system_work_q.o(.bss) for k_sys_work_q
    protocol.o(.text) refers to main.o(.bss) for objout
    protocol.o(.text) refers to protocol.o(.bss) for .bss
    protocol.o(.text) refers to protocol.o(.data) for .data
    protocol.o(.text) refers to protocol.o(._k_work.static.frame_ctrl_work) for ._k_work.static.frame_ctrl_work
    protocol.o(.text) refers to protocol.o(._k_work.static.frame_person_work) for ._k_work.static.frame_person_work
    protocol.o(.text) refers to protocol.o(.noinit."..\\src\\protocol\\protocol.c".0) for .noinit."..\\src\\protocol\\protocol.c".0
    protocol.o(.text) refers to protocol.o(._k_timer.static.frame_ctrl_timer) for ._k_timer.static.frame_ctrl_timer
    protocol.o(.text) refers to protocol.o(._k_timer.static.frame_person_timer) for ._k_timer.static.frame_person_timer
    protocol.o(._k_timer.static.frame_ctrl_timer) refers to timer.o(.text) for _timer_expiration_handler
[...]
    I2C_Init                                 0x0001a8ed   Thumb Code   406  gm_hal_i2c.o(.text)
    I2C_MasterTransmit                       0x0001aa83   Thumb Code   284  gm_hal_i2c.o(.text)
    I2C_MasterReceive                        0x0001ab9f   Thumb Code   354  gm_hal_i2c.o(.text)
    I2C_MasterReceive_restart                0x0001ad01   Thumb Code   382  gm_hal_i2c.o(.text)
    I2C_SlaveTransmit                        0x0001ae7f   Thumb Code   224  gm_hal_i2c.o(.text)
    I2C_SlaveReceive                         0x0001af5f   Thumb Code   242  gm_hal_i2c.o(.text)
    k_mbox_init                              0x0001b099   Thumb Code    12  mailbox.o(.text)
    k_mbox_put                               0x0001b243   Thumb Code     8  mailbox.o(.text)
    k_mbox_async_put                         0x0001b24b   Thumb Code    60  mailbox.o(.text)
    k_mbox_data_get                          0x0001b287   Thumb Code    36  mailbox.o(.text)
    k_mbox_data_block_get                    0x0001b2ab   Thumb Code    64  mailbox.o(.text)
    k_mbox_get                               0x0001b2eb   Thumb Code   170  mailbox.o(.text)
    k_mem_slab_init                          0x0001b3f7   Thumb Code    26  mem_slab.o(.text)
    k_mem_slab_alloc                         0x0001b411   Thumb Code    90  mem_slab.o(.text)
    k_mem_slab_free                          0x0001b46b   Thumb Code    98  mem_slab.o(.text)
    init_static_pools                        0x0001b4fd   Thumb Code    42  mempool.o(.text)
    k_mem_pool_alloc                         0x0001b527   Thumb Code   158  mempool.o(.text)
    k_mem_pool_free_id                       0x0001b5c5   Thumb Code   102  mempool.o(.text)
    k_mem_pool_free                          0x0001b62b   Thumb Code     4  mempool.o(.text)
    k_mem_pool_malloc                        0x0001b62f   Thumb Code    30  mempool.o(.text)
    k_free                                   0x0001b64d   Thumb Code    10  mempool.o(.text)
    k_malloc                                 0x0001b657   Thumb Code     6  mempool.o(.text)
    k_calloc                                 0x0001b65d   Thumb Code    26  mempool.o(.text)
    k_thread_system_pool_assign              0x0001b677   Thumb Code     6  mempool.o(.text)
    z_thread_malloc                          0x0001b67d   Thumb Code    16  mempool.o(.text)
    _impl_k_mutex_init                       0x0001b6a5   Thumb Code    12  mutex.o(.text)
    _impl_k_mutex_lock                       0x0001b6b1   Thumb Code   208  mutex.o(.text)
    _impl_k_mutex_unlock                     0x0001b781   Thumb Code   124  mutex.o(.text)
    k_pipe_init                              0x0001b885   Thumb Code    32  pipes.o(.text)
    _impl_k_pipe_alloc_init                  0x0001b8a5   Thumb Code    52  pipes.o(.text)
    k_pipe_cleanup                           0x0001b8d9   Thumb Code    36  pipes.o(.text)
    _k_pipe_put_internal                     0x0001b9e5   Thumb Code   392  pipes.o(.text)
    _impl_k_pipe_get                         0x0001bb6d   Thumb Code   462  pipes.o(.text)
    _impl_k_pipe_put                         0x0001bd3b   Thumb Code    28  pipes.o(.text)
    k_pipe_block_put                         0x0001bd57   Thumb Code    78  pipes.o(.text)
    z_queue_node_peek                        0x0001be89   Thumb Code    28  queue.o(.text)
    _impl_k_queue_init                       0x0001bea5   Thumb Code    12  queue.o(.text)
    _impl_k_queue_cancel_wait                0x0001beb1   Thumb Code    38  queue.o(.text)
    k_queue_insert                           0x0001bf77   Thumb Code     4  queue.o(.text)
    k_queue_append                           0x0001bf7b   Thumb Code     8  queue.o(.text)
    k_queue_prepend                          0x0001bf83   Thumb Code     8  queue.o(.text)
    _impl_k_queue_alloc_append               0x0001bf8b   Thumb Code     8  queue.o(.text)
    _impl_k_queue_alloc_prepend              0x0001bf93   Thumb Code     8  queue.o(.text)
    k_queue_append_list                      0x0001bf9b   Thumb Code    58  queue.o(.text)
    k_queue_merge_slist                      0x0001bfd5   Thumb Code    20  queue.o(.text)
    _impl_k_queue_get                        0x0001bfe9   Thumb Code    96  queue.o(.text)
    _impl_k_sem_init                         0x0001c119   Thumb Code    16  sem.o(.text)
    _sem_give_non_preemptible                0x0001c129   Thumb Code    36  sem.o(.text)
    _impl_k_sem_give                         0x0001c14d   Thumb Code    82  sem.o(.text)
    _impl_k_sem_take                         0x0001c19f   Thumb Code    70  sem.o(.text)
    k_stack_init                             0x0001c1f9   Thumb Code    16  stack.o(.text)
    _impl_k_stack_alloc_init                 0x0001c209   Thumb Code    38  stack.o(.text)
    k_stack_cleanup                          0x0001c22f   Thumb Code    30  stack.o(.text)
    _impl_k_stack_push                       0x0001c24d   Thumb Code    96  stack.o(.text)
    _impl_k_stack_pop                        0x0001c2ad   Thumb Code    94  stack.o(.text)
    k_poll_event_init                        0x0001c331   Thumb Code    30  poll.o(.text)
    _impl_k_poll                             0x0001c427   Thumb Code   350  poll.o(.text)
    _handle_obj_poll_events                  0x0001c5e5   Thumb Code    22  poll.o(.text)
    _impl_k_poll_signal_init                 0x0001c5fb   Thumb Code    10  poll.o(.text)
    _impl_k_poll_signal_check                0x0001c605   Thumb Code    10  poll.o(.text)
    _impl_k_poll_signal                      0x0001c60f   Thumb Code    66  poll.o(.text)
    _sys_device_do_config_level              0x0001c6e5   Thumb Code    70  device.o(.text)
    device_get_binding                       0x0001c72b   Thumb Code    66  device.o(.text)
    device_pm_control_nop                    0x0001c76d   Thumb Code     4  device.o(.text)
    device_list_get                          0x0001c771   Thumb Code    22  device.o(.text)
    device_any_busy_check                    0x0001c787   Thumb Code    36  device.o(.text)
    device_busy_check                        0x0001c7ab   Thumb Code    44  device.o(.text)
    device_busy_set                          0x0001c7d7   Thumb Code    32  device.o(.text)
    device_busy_clear                        0x0001c7f7   Thumb Code    34  device.o(.text)
    sys_rand32_get                           0x0001cf8d   Thumb Code    20  rand32_timer.o(.text)
    shell_register_mcumgr_handler            0x0001d1cf   Thumb Code     8  shell.o(.text)
    shell_exec                               0x0001d1d7   Thumb Code   170  shell.o(.text)
    shell_init                               0x0001d639   Thumb Code   128  shell.o(.text)
    shell_register_app_cmd_handler           0x0001d6b9   Thumb Code     6  shell.o(.text)
    shell_register_prompt_handler            0x0001d6bf   Thumb Code     6  shell.o(.text)
    shell_register_default_module            0x0001d6c5   Thumb Code    26  shell.o(.text)
    shell_run                                0x0001d839   Thumb Code    12  shell_service.o(.text)
    console_register_line_input              0x0001d84d   Thumb Code     4  line_fifo.o(.text)
    mem_area_config                          0x0001d851   Thumb Code    66  malloc_ext.o(.text)
    mem_init_ext                             0x0001d893   Thumb Code    30  malloc_ext.o(.text)
    mem_perused_ext                          0x0001d8b1   Thumb Code    58  malloc_ext.o(.text)
    mem_malloc_ext                           0x0001d8eb   Thumb Code   130  malloc_ext.o(.text)
    mem_free_ext                             0x0001d96d   Thumb Code    78  malloc_ext.o(.text)
    free_ext                                 0x0001d9bb   Thumb Code    20  malloc_ext.o(.text)
    malloc_ext                               0x0001d9cf   Thumb Code    28  malloc_ext.o(.text)
    realloc_ext                              0x0001d9eb   Thumb Code    58  malloc_ext.o(.text)
    camera_config                            0x0001da4d   Thumb Code   262  camera.o(.text)
    LCD_clear                                0x0001db91   Thumb Code    38  draw.o(.text)
    LCD_draw_detobjects                      0x0001dd01   Thumb Code    86  draw.o(.text)
    LCD_draw_rectangle                       0x0001dd57   Thumb Code    68  draw.o(.text)
    LCD_draw_rectangle2orgpic                0x0001dd9b   Thumb Code    76  draw.o(.text)
    LCD_draw_rgb24                           0x0001dde7   Thumb Code   102  draw.o(.text)
    LCD_showstring                           0x0001de4d   Thumb Code    86  draw.o(.text)
    lcd_config                               0x0001df89   Thumb Code   158  lcd.o(.text)
    HAL_Reset_Module                         0x0001e055   Thumb Code  1270  gm_hal_reset.o(.text)
    HAL_Reset_ClearRestCause                 0x0001e54b   Thumb Code    34  gm_hal_reset.o(.text)
    HAL_CLOCK_WaitForStable                  0x0001e6c3   Thumb Code    12  gm_hal_clock.o(.text)
    HAL_CLOCK_AdjustPLLKDPDefaultDiv         0x0001e701   Thumb Code   108  gm_hal_clock.o(.text)
    HAL_CLOCK_SYSCLKConfig                   0x0001e787   Thumb Code   302  gm_hal_clock.o(.text)
    HAL_CLOCK_DeInit                         0x0001e8b5   Thumb Code    74  gm_hal_clock.o(.text)
    HAL_CLOCK_AdjustPLLDefaultDiv            0x0001e919   Thumb Code   118  gm_hal_clock.o(.text)
    HAL_CLOCK_AdjustPLLsDefaultDivM          0x0001e98f   Thumb Code    28  gm_hal_clock.o(.text)
    HAL_CLOCK_PLLsReferenceClock             0x0001e9ab   Thumb Code    86  gm_hal_clock.o(.text)
    HAL_CLOCK_AdjustPLLI2SDefaultDiv         0x0001ea01   Thumb Code    38  gm_hal_clock.o(.text)
    HAL_CLOCK_AdjustPLLSAIDefaultDiv         0x0001ea27   Thumb Code   102  gm_hal_clock.o(.text)
    HAL_CLOCK_ClockCmd                       0x0001ea8d   Thumb Code   114  gm_hal_clock.o(.text)
    HAL_CLOCK_GetSYSCLKConfig                0x0001eaff   Thumb Code    36  gm_hal_clock.o(.text)
    HAL_CLOCK_GetSYSCLKFreq                  0x0001eb23   Thumb Code   240  gm_hal_clock.o(.text)
    HAL_CLOCK_PeripheralClockEnable0         0x0001ec13   Thumb Code    20  gm_hal_clock.o(.text)
    HAL_CLOCK_PeripheralClockDisable0        0x0001ec27   Thumb Code    20  gm_hal_clock.o(.text)
    HAL_CLOCK_PeripheralClockEnable1         0x0001ec3b   Thumb Code    20  gm_hal_clock.o(.text)
    HAL_CLOCK_PeripheralClockDisable1        0x0001ec4f   Thumb Code    20  gm_hal_clock.o(.text)
    HAL_CLOCK_PeripheralClockEnable2         0x0001ec63   Thumb Code    20  gm_hal_clock.o(.text)
    HAL_CLOCK_PeripheralClockDisable2        0x0001ec77   Thumb Code    20  gm_hal_clock.o(.text)
    HAL_CLOCK_PeripheralClkSetConfig         0x0001ec8b   Thumb Code  2698  gm_hal_clock.o(.text)
    atomic_cas                               0x0001f719   Thumb Code    60  atomic_c.o(.text)
    atomic_add                               0x0001f755   Thumb Code    56  atomic_c.o(.text)
    atomic_sub                               0x0001f78d   Thumb Code    56  atomic_c.o(.text)
    atomic_inc                               0x0001f7c5   Thumb Code    56  atomic_c.o(.text)
    atomic_dec                               0x0001f7fd   Thumb Code    56  atomic_c.o(.text)
    atomic_get                               0x0001f835   Thumb Code     6  atomic_c.o(.text)
    atomic_set                               0x0001f83b   Thumb Code    52  atomic_c.o(.text)
    atomic_clear                             0x0001f86f   Thumb Code    54  atomic_c.o(.text)
    atomic_or                                0x0001f8a5   Thumb Code    56  atomic_c.o(.text)
    atomic_xor                               0x0001f8dd   Thumb Code    56  atomic_c.o(.text)
    atomic_and                               0x0001f915   Thumb Code    56  atomic_c.o(.text)
    atomic_nand                              0x0001f94d   Thumb Code    58  atomic_c.o(.text)
    k_call_stacks_analyze                    0x0001f9a9   Thumb Code     2  init.o(.text)
    _bss_zero                                0x0001f9ab   Thumb Code    34  init.o(.text)
    z_early_boot_rand32_get                  0x0001faff   Thumb Code     8  init.o(.text)
    _Cstart                                  0x0001fb07   Thumb Code   126  init.o(.text)
    _update_time_slice_before_swap           0x0001fc7b   Thumb Code     8  sched.o(.text)
    _priq_mq_best                            0x0001fced   Thumb Code    38  sched.o(.text)
    _priq_mq_add                             0x0001fd4f   Thumb Code    40  sched.o(.text)
    _priq_mq_remove                          0x0001fd77   Thumb Code    46  sched.o(.text)
    _impl_k_yield                            0x0001fdc5   Thumb Code   120  sched.o(.text)
    _add_thread_to_ready_q                   0x0001fe3d   Thumb Code    60  sched.o(.text)
    _priq_dumb_remove                        0x0001fe7f   Thumb Code    18  sched.o(.text)
    _unpend_thread_no_timeout                0x0001fe91   Thumb Code    64  sched.o(.text)
    _priq_dumb_best                          0x0001fed1   Thumb Code    12  sched.o(.text)
    _find_first_thread_to_unpend             0x0001fedd   Thumb Code    52  sched.o(.text)
    _is_t1_higher_prio_than_t2               0x0001ffc1   Thumb Code    22  sched.o(.text)
    _move_thread_to_end_of_prio_q            0x0001ffd7   Thumb Code    70  sched.o(.text)
    _remove_thread_from_ready_q              0x0002001d   Thumb Code   116  sched.o(.text)
    _priq_dumb_add                           0x00020091   Thumb Code   100  sched.o(.text)
    _pend_thread                             0x00020167   Thumb Code    24  sched.o(.text)
    _pend_current_thread                     0x0002017f   Thumb Code    28  sched.o(.text)
    _unpend_first_thread                     0x0002019b   Thumb Code    44  sched.o(.text)
    _unpend_thread                           0x000201c7   Thumb Code    18  sched.o(.text)
    _reschedule                              0x000201d9   Thumb Code    84  sched.o(.text)
    _thread_priority_set                     0x0002022d   Thumb Code   124  sched.o(.text)
    k_sched_lock                             0x000202a9   Thumb Code    82  sched.o(.text)
    k_sched_unlock                           0x000202fb   Thumb Code    96  sched.o(.text)
    _priq_rb_lessthan                        0x0002035b   Thumb Code    54  sched.o(.text)
    _priq_rb_add                             0x00020391   Thumb Code   110  sched.o(.text)
    _priq_rb_remove                          0x000203ff   Thumb Code    28  sched.o(.text)
    _priq_rb_best                            0x0002041b   Thumb Code    20  sched.o(.text)
    k_sched_time_slice_set                   0x0002042f   Thumb Code    24  sched.o(.text)
    _is_thread_time_slicing                  0x00020447   Thumb Code   146  sched.o(.text)
    _unpend_all                              0x000204d9   Thumb Code    40  sched.o(.text)
    _sched_init                              0x00020501   Thumb Code    42  sched.o(.text)
    _impl_k_thread_priority_get              0x0002052b   Thumb Code     8  sched.o(.text)
    _impl_k_thread_priority_set              0x00020533   Thumb Code    30  sched.o(.text)
    _impl_k_sleep                            0x00020551   Thumb Code    98  sched.o(.text)
    _impl_k_wakeup                           0x000205b3   Thumb Code   152  sched.o(.text)
    _impl_k_current_get                      0x0002064b   Thumb Code     8  sched.o(.text)
    _impl_k_is_preempt_thread                0x00020653   Thumb Code    56  sched.o(.text)
    _tick_get                                0x00020859   Thumb Code    54  sys_clock.o(.text)
    sys_tick_get                             0x00020859   Thumb Code     0  sys_clock.o(.text)
    _impl_k_uptime_get                       0x0002088f   Thumb Code    14  sys_clock.o(.text)
    _tick_get_32                             0x00020943   Thumb Code     8  sys_clock.o(.text)
    sys_tick_get_32                          0x00020943   Thumb Code     0  sys_clock.o(.text)
    _impl_k_uptime_get_32                    0x0002094b   Thumb Code    16  sys_clock.o(.text)
    k_uptime_delta                           0x0002095b   Thumb Code    38  sys_clock.o(.text)
    k_uptime_delta_32                        0x00020981   Thumb Code    12  sys_clock.o(.text)
    _nano_sys_clock_tick_announce            0x00020af1   Thumb Code    76  sys_clock.o(.text)
    _impl_k_thread_start                     0x00020c41   Thumb Code    76  thread.o(.text)
    k_thread_foreach                         0x00020d55   Thumb Code     2  thread.o(.text)
    k_is_in_isr                              0x00020d57   Thumb Code    36  thread.o(.text)
    _thread_essential_set                    0x00020d7b   Thumb Code    22  thread.o(.text)
    _thread_essential_clear                  0x00020d91   Thumb Code    22  thread.o(.text)
    _is_thread_essential                     0x00020da7   Thumb Code    14  thread.o(.text)
    k_busy_wait                              0x00020db5   Thumb Code    58  thread.o(.text)
    _setup_new_thread                        0x00020e57   Thumb Code    72  thread.o(.text)
    _impl_k_thread_create                    0x00020e9f   Thumb Code    58  thread.o(.text)
    _impl_k_thread_cancel                    0x00020ed9   Thumb Code    98  thread.o(.text)
    _k_thread_single_suspend                 0x00020f3b   Thumb Code    32  thread.o(.text)
    _impl_k_thread_suspend                   0x00020f5b   Thumb Code    78  thread.o(.text)
    _k_thread_single_resume                  0x00020fa9   Thumb Code    24  thread.o(.text)
    _impl_k_thread_resume                    0x00020fc1   Thumb Code    42  thread.o(.text)
    _k_thread_single_abort                   0x00020feb   Thumb Code    68  thread.o(.text)
    _init_static_threads                     0x0002102f   Thumb Code   228  thread.o(.text)
    _init_thread_base                        0x00021113   Thumb Code    36  thread.o(.text)
    k_thread_access_grant                    0x00021137   Thumb Code     2  thread.o(.text)
    k_thread_user_mode_enter                 0x00021139   Thumb Code    40  thread.o(.text)
    k_work_q_start                           0x000214c3   Thumb Code    76  work_q.o(.text)
    k_delayed_work_init                      0x00021521   Thumb Code    58  work_q.o(.text)
    k_delayed_work_cancel                    0x0002155b   Thumb Code   184  work_q.o(.text)
    k_delayed_work_submit_to_queue           0x00021613   Thumb Code   140  work_q.o(.text)
    __printk_hook_install                    0x000217bf   Thumb Code     6  printk.o(.text)
    __printk_get_hook                        0x000217c5   Thumb Code     6  printk.o(.text)
    _vprintk                                 0x0002190b   Thumb Code   550  printk.o(.text)
    vprintk                                  0x00021b49   Thumb Code    28  printk.o(.text)
    _impl_k_str_out                          0x00021b65   Thumb Code    26  printk.o(.text)
    printk                                   0x00021b7f   Thumb Code    42  printk.o(.text)
    snprintk                                 0x00021be5   Thumb Code    64  printk.o(.text)
    vsnprintk                                0x00021c25   Thumb Code    54  printk.o(.text)
    _sys_mem_pool_base_init                  0x00021d83   Thumb Code   150  mempool.o(.text)
    _sys_mem_pool_block_alloc                0x00021ffb   Thumb Code   226  mempool.o(.text)
    _sys_mem_pool_block_free                 0x000220dd   Thumb Code    86  mempool.o(.text)
    sys_mem_pool_alloc                       0x00022133   Thumb Code    86  mempool.o(.text)
    sys_mem_pool_free                        0x00022189   Thumb Code    50  mempool.o(.text)
    _impl__ugelis_fputc                      0x000221f5   Thumb Code    28  stdout_console.o(.text)
    _impl__ugelis_fwrite                     0x00022211   Thumb Code    76  stdout_console.o(.text)
    __stdout_hook_install                    0x00022265   Thumb Code     6  stdout_console.o(.text)
    fputc                                    0x0002226b   Thumb Code    18  stdout_console.o(.text)
    fwrite                                   0x0002227d   Thumb Code    30  stdout_console.o(.text)
    fputs                                    0x0002229b   Thumb Code    46  stdout_console.o(.text)
    puts                                     0x000222c9   Thumb Code    44  stdout_console.o(.text)
    fp_register_touch                        0x00022301   Thumb Code     0  swap_helper.o(.text)
    __pendsv                                 0x0002230f   Thumb Code     0  swap_helper.o(.text)
    __svc                                    0x0002235b   Thumb Code     0  swap_helper.o(.text)
    _isr_wrapper                             0x0002239d   Thumb Code     0  isr_wrapper.o(.text)
    _arch_irq_enable                         0x000223c1   Thumb Code    32  irq_manage.o(.text)
    _arch_irq_disable                        0x000223e1   Thumb Code    62  irq_manage.o(.text)
    _arch_irq_is_enabled                     0x0002241f   Thumb Code    26  irq_manage.o(.text)
    _irq_priority_set                        0x00022439   Thumb Code    48  irq_manage.o(.text)
    _irq_spurious                            0x00022469   Thumb Code    10  irq_manage.o(.text)
    _PrepC                                   0x00022481   Thumb Code    92  prep_c.o(.text)
    __nmi                                    0x000224e9   Thumb Code    12  nmi.o(.text)
    _sw_isr_table_set                        0x000224f5   Thumb Code    16  isr_tables.o(.text)
    _sys_power_save_idle_exit                0x00022519   Thumb Code     4  idle.o(.text)
    idle                                     0x0002251d   Thumb Code    72  idle.o(.text)
    _rb_get_minmax                           0x00022631   Thumb Code    38  rb.o(.text)
    rb_insert                                0x000227c1   Thumb Code   158  rb.o(.text)
    rb_remove                                0x000229f3   Thumb Code   564  rb.o(.text)
    _rb_walk                                 0x00022c27   Thumb Code    58  rb.o(.text)
    _rb_child                                0x00022c61   Thumb Code    16  rb.o(.text)
    _rb_is_black                             0x00022c71   Thumb Code    12  rb.o(.text)
    rb_contains                              0x00022c7d   Thumb Code    52  rb.o(.text)
    _rb_foreach_next                         0x00022cfb   Thumb Code   130  rb.o(.text)
    _thread_entry                            0x00022d7d   Thumb Code    30  thread_entry.o(.text)
    _new_thread                              0x00022d9d   Thumb Code   114  thread_1.o(.text)
    __swap                                   0x00022e15   Thumb Code    54  swap.o(.text)
    _irq_do_offload                          0x00022e59   Thumb Code    14  irq_offload.o(.text)
    irq_offload                              0x00022e67   Thumb Code    40  irq_offload.o(.text)
    _IntLibInit                              0x00022e99   Thumb Code    48  irq_init.o(.text)
    _Fault                                   0x000231a5   Thumb Code    48  fault.o(.text)
    _FaultInit                               0x000231d5   Thumb Code    18  fault.o(.text)
    _NanoFatalErrorHandler                   0x000234f1   Thumb Code    84  fatal.o(.text)
    _do_kernel_oops                          0x00023545   Thumb Code    14  fatal.o(.text)
    _arch_syscall_oops                       0x00023553   Thumb Code    24  fatal.o(.text)
    _CpuIdleInit                             0x0002362d   Thumb Code     0  cpu_idle.o(.text)
    k_cpu_idle                               0x00023635   Thumb Code     0  cpu_idle.o(.text)
    k_cpu_atomic_idle                        0x0002363f   Thumb Code     0  cpu_idle.o(.text)
    _SysNmiOnReset                           0x00023661   Thumb Code     0  nmi_on_reset.o(.text)
    _impl_k_thread_abort                     0x00023665   Thumb Code    94  thread_abort_1.o(.text)
    _SysFatalErrorHandler                    0x000236cd   Thumb Code    80  sys_fatal_error_handler.o(.text)
    __aeabi_uldivmod                         0x00023781   Thumb Code    98  uldiv.o(.text)
    __rt_ctype_table                         0x000237e5   Thumb Code     4  ctype_o.o(.text)
    __aeabi_memcpy                           0x000237ed   Thumb Code    36  memcpya.o(.text)
    __aeabi_memcpy4                          0x000237ed   Thumb Code     0  memcpya.o(.text)
    __aeabi_memcpy8                          0x000237ed   Thumb Code     0  memcpya.o(.text)
    __aeabi_memset                           0x00023811   Thumb Code    14  memseta.o(.text)
    __aeabi_memset4                          0x00023811   Thumb Code     0  memseta.o(.text)
    __aeabi_memset8                          0x00023811   Thumb Code     0  memseta.o(.text)
    __aeabi_memclr                           0x0002381f   Thumb Code     4  memseta.o(.text)
    __aeabi_memclr4                          0x0002381f   Thumb Code     0  memseta.o(.text)
    __aeabi_memclr8                          0x0002381f   Thumb Code     0  memseta.o(.text)
    _memset$wrapper                          0x00023823   Thumb Code    18  memseta.o(.text)
    strcat                                   0x00023835   Thumb Code    24  strcat.o(.text)
    strncpy                                  0x0002384d   Thumb Code    24  strncpy.o(.text)
    strchr                                   0x00023865   Thumb Code    20  strchr.o(.text)
    strlen                                   0x00023879   Thumb Code    14  strlen.o(.text)
    strcmp                                   0x00023887   Thumb Code    28  strcmp.o(.text)
    strncmp                                  0x000238a3   Thumb Code    30  strncmp.o(.text)
    __aeabi_dadd                             0x000238c1   Thumb Code   322  dadd.o(.text)
    __aeabi_dsub                             0x00023a03   Thumb Code     6  dadd.o(.text)
    __aeabi_drsub                            0x00023a09   Thumb Code     6  dadd.o(.text)
    __aeabi_dmul                             0x00023a0f   Thumb Code   228  dmul.o(.text)
    __aeabi_ddiv                             0x00023af3   Thumb Code   222  ddiv.o(.text)
    __aeabi_l2f                              0x00023bd1   Thumb Code    44  ffltl.o(.text)
    __aeabi_i2d                              0x00023bfd   Thumb Code    34  dflti.o(.text)
    __aeabi_d2uiz                            0x00023c1f   Thumb Code    50  dfixui.o(.text)
    __aeabi_f2d                              0x00023c51   Thumb Code    38  f2d.o(.text)
    __aeabi_cdrcmple                         0x00023c79   Thumb Code    48  cdrcmple.o(.text)
    __aeabi_d2f                              0x00023ca9   Thumb Code    56  d2f.o(.text)
    __aeabi_uidiv                            0x00023ce1   Thumb Code     0  uidiv.o(.text)
    __aeabi_uidivmod                         0x00023ce1   Thumb Code    44  uidiv.o(.text)
    __aeabi_llsl                             0x00023d0d   Thumb Code    30  llshl.o(.text)
    _ll_shift_l                              0x00023d0d   Thumb Code     0  llshl.o(.text)
    __aeabi_llsr                             0x00023d2b   Thumb Code    32  llushr.o(.text)
    _ll_ushift_r                             0x00023d2b   Thumb Code     0  llushr.o(.text)
    __aeabi_lasr                             0x00023d4b   Thumb Code    36  llsshr.o(.text)
    _ll_sshift_r                             0x00023d4b   Thumb Code     0  llsshr.o(.text)
    __I$use$fp                               0x00023d6f   Thumb Code     0  iusefp.o(.text)
    _float_round                             0x00023d6f   Thumb Code    18  fepilogue.o(.text)
    _float_epilogue                          0x00023d81   Thumb Code    92  fepilogue.o(.text)
    _double_round                            0x00023ddd   Thumb Code    30  depilogue.o(.text)
    _double_epilogue                         0x00023dfb   Thumb Code   156  depilogue.o(.text)
    _dsqrt                                   0x00023e97   Thumb Code   162  dsqrt.o(.text)
    __scatterload                            0x00023f39   Thumb Code    28  init.o(.text)
    __scatterload_rt2                        0x00023f39   Thumb Code     0  init.o(.text)
    __aeabi_ui2d                             0x00023f5d   Thumb Code    26  dfltui.o(.text)
    __aeabi_d2iz                             0x00023f77   Thumb Code    62  dfixi.o(.text)
    _ExcExit                                 0x00023fb5   Thumb Code     0  exc_exit.o(.text._HandlerModeExit)
    _IntExit                                 0x00023fb5   Thumb Code     0  exc_exit.o(.text._HandlerModeExit)
    __bus_fault                              0x00023fe1   Thumb Code     0  fault_s.o(.text.__fault)
    __debug_monitor                          0x00023fe1   Thumb Code     0  fault_s.o(.text.__fault)
    __hard_fault                             0x00023fe1   Thumb Code     0  fault_s.o(.text.__fault)
    __mpu_fault                              0x00023fe1   Thumb Code     0  fault_s.o(.text.__fault)
    __reserved                               0x00023fe1   Thumb Code     0  fault_s.o(.text.__fault)
    __usage_fault                            0x00023fe1   Thumb Code     0  fault_s.o(.text.__fault)
    __reset                                  0x00024011   Thumb Code     0  reset.o(.text._reset_section)
    __start                                  0x00024011   Thumb Code     0  reset.o(.text._reset_section)
    __0printf$3                              0x0002406d   Thumb Code    22  printf3.o(i.__0printf$3)
    __1printf$3                              0x0002406d   Thumb Code     0  printf3.o(i.__0printf$3)
    __2printf                                0x0002406d   Thumb Code     0  printf3.o(i.__0printf$3)
    __ARM_fpclassify                         0x0002408d   Thumb Code    48  fpclassify.o(i.__ARM_fpclassify)
    __hardfp_atan                            0x000240c1   Thumb Code   622  atan.o(i.__hardfp_atan)
    __hardfp_sin                             0x00024399   Thumb Code   180  sin.o(i.__hardfp_sin)
    __hardfp_sqrt                            0x00024461   Thumb Code   122  sqrt.o(i.__hardfp_sqrt)
    __ieee754_rem_pio2                       0x000244e1   Thumb Code   938  rred.o(i.__ieee754_rem_pio2)
    __kernel_cos                             0x00024919   Thumb Code   322  cos_i.o(i.__kernel_cos)
    __kernel_poly                            0x00024a89   Thumb Code   248  poly.o(i.__kernel_poly)
    __kernel_sin                             0x00024b81   Thumb Code   280  sin_i.o(i.__kernel_sin)
    __mathlib_dbl_infnan                     0x00024cb1   Thumb Code    20  dunder.o(i.__mathlib_dbl_infnan)
    __mathlib_dbl_invalid                    0x00024cc9   Thumb Code    24  dunder.o(i.__mathlib_dbl_invalid)
    __mathlib_dbl_underflow                  0x00024ce9   Thumb Code    24  dunder.o(i.__mathlib_dbl_underflow)
    __scatterload_copy                       0x00024d09   Thumb Code    14  handlers.o(i.__scatterload_copy)
    __scatterload_null                       0x00024d17   Thumb Code     2  handlers.o(i.__scatterload_null)
    __scatterload_zeroinit                   0x00024d19   Thumb Code    14  handlers.o(i.__scatterload_zeroinit)
    __set_errno                              0x00024d29   Thumb Code     6  errno.o(i.__set_errno)
    fabs                                     0x00024eed   Thumb Code    24  fabs.o(i.fabs)
    free                                     0x00024f05   Thumb Code    76  malloc.o(i.free)
    malloc                                   0x00024f55   Thumb Code    92  malloc.o(i.malloc)
    sqrt                                     0x00024fc1   Thumb Code   110  sqrt.o(i.sqrt)
    ov5640_af_firmware                       0x00025298   Data        4077  camera_interface.o(.constdata)
    asc2_1206                                0x00026fe4   Data        1140  draw.o(.constdata)
    asc2_1608                                0x00027458   Data        1520  draw.o(.constdata)
    asc2_2412                                0x00027a48   Data        3420  draw.o(.constdata)
    asc2_3216                                0x000287a4   Data       12160  draw.o(.constdata)
    _main_thread                             0x0002b724   Data           4  init.o(.constdata)
    _idle_thread                             0x0002b728   Data           4  init.o(.constdata)
    _k_neg_eagain                            0x0002b72c   Data           4  errno.o(.constdata)
    __ctype_table                            0x0002b7c8   Data         129  ctype_o.o(.constdata)
    Region$$Table$$Base                      0x0002bdd8   Number         0  anon$$obj.o(Region$$Table)
    Region$$Table$$Limit                     0x0002be98   Number         0  anon$$obj.o(Region$$Table)
    lcd_inited                               0xc002be98   Data           1  main.o(.data)
    angle_test                               0xc002bf60   Data           8  obj_info.o(.data)
    info_grid                                0xc002bf78   Data       11616  obj_info.o(.data)
    uart_console_dev                         0xc002ed3c   Data           4  uart_console.o(.data)
    s_dmaBufferLen                           0xc002ef3c   Data           2  camera_interface.o(.data)
    s_mstTransCmplt                          0xc002ef40   Data           4  camera_interface.o(.data)
    s_slvTransCmplt                          0xc002ef44   Data           4  camera_interface.o(.data)
    p_dmaCtrl                                0xc002f030   Data           4  gm_hal_dma.o(.data)
    _k_mem_slab_list_start                   0xc002f260   Data           4  mem_slab.o(.data)
    _k_mem_slab_list_end                     0xc002f264   Data           4  mem_slab.o(.data)
    _k_mem_pool_list_start                   0xc002f268   Data           4  mempool.o(.data)
    _k_mem_pool_list_end                     0xc002f26c   Data           4  mempool.o(.data)
    __device_init_start                      0xc002f270   Data           4  device.o(.data)
    __device_PRE_KERNEL1_start               0xc002f274   Data           4  device.o(.data)
    __device_PRE_KERNEL2_start               0xc002f278   Data           4  device.o(.data)
    __device_POST_KERNEL_start               0xc002f27c   Data           4  device.o(.data)
    __device_APPLICATION_start               0xc002f280   Data           4  device.o(.data)
    __device_init_end                        0xc002f284   Data           4  device.o(.data)
    __device_busy_start                      0xc002f288   Data           4  device.o(.data)
    __device_busy_end                        0xc002f28c   Data           4  device.o(.data)
    __shell_module_start                     0xc002f29c   Data           4  shell.o(.data)
    __shell_module_end                       0xc002f2a0   Data           4  shell.o(.data)
    __shell_cmd_start                        0xc002f2a4   Data           4  shell.o(.data)
    __shell_cmd_end                          0xc002f2a8   Data           4  shell.o(.data)
    mallco_dev                               0xc002f2d8   Data          20  malloc_ext.o(.data)
    dcmi                                     0xc002f2ec   Data           4  camera.o(.data)
    camera_sensor                            0xc002f2f0   Data           4  camera.o(.data)
    pixfmt                                   0xc002f2f4   Data           1  lcd.o(.data)
    show_buf_addr                            0xc002f2f8   Data           4  lcd.o(.data)
    bl_gpio                                  0xc002f2fc   Data           4  lcd.o(.data)
    ltdc                                     0xc002f300   Data           4  lcd.o(.data)
    sys_clock_us_per_tick                    0xc002f320   Data           4  sys_clock.o(.data)
    sys_clock_hw_cycles_per_tick             0xc002f324   Data           4  sys_clock.o(.data)
    _sys_idle_elapsed_ticks                  0xc002f328   Data           4  sys_clock.o(.data)
    _sys_clock_tick_count                    0xc002f330   Data           8  sys_clock.o(.data)
    _handling_timeouts                       0xc002f338   Data           4  sys_clock.o(.data)
    _time_slice_elapsed                      0xc002f33c   Data           4  sys_clock.o(.data)
    _time_slice_duration                     0xc002f340   Data           4  sys_clock.o(.data)
    _time_slice_prio_ceiling                 0xc002f344   Data           4  sys_clock.o(.data)
    _static_thread_data_list_start           0xc002f348   Data           4  thread.o(.data)
    _static_thread_data_list_end             0xc002f34c   Data           4  thread.o(.data)
    _sw_isr_table                            0xc002f368   Data         640  isr_tables.o(.data)
    offload_routine                          0xc002f5e8   Data           4  irq_offload.o(.data)
    __stdout                                 0xc002f5f0   Data           4  stdout.o(.data)
    __microlib_freelist                      0xc002f5f4   Data           4  mvars.o(.data)
    __microlib_freelist_initialised          0xc002f5f8   Data           4  mvars.o(.data)
    Image$$DEVICE_PRE_KERNEL1_REGION$$Base   0xc002f8a0   Number         0  anon$$obj.o ABSOLUTE
    Image$$DEVICE_PRE_KERNEL2_REGION$$Base   0xc002fb48   Number         0  anon$$obj.o ABSOLUTE
    Image$$DEVICE_POST_KERNEL_REGION$$Base   0xc002fb5c   Number         0  anon$$obj.o ABSOLUTE
    Image$$DEVICE_APPLICATION_REGION$$Base   0xc002fbd4   Number         0  anon$$obj.o ABSOLUTE
    Image$$KMEM_POOL_REGION$$Base            0xc002fbe8   Number         0  anon$$obj.o ABSOLUTE
    Image$$KMEM_SLAB_REGION$$Base            0xc002fbe8   Number         0  anon$$obj.o ABSOLUTE
    _heap_mem_pool                           0xc002fbe8   Data          28  mempool.o(._k_mem_pool.static._heap_mem_pool)
    async_msg_free                           0xc002fc04   Data          24  mailbox.o(._k_stack.static.async_msg_free)
    pipe_async_msgs                          0xc002fc1c   Data          24  pipes.o(._k_stack.static.pipe_async_msgs)
    Image$$SHELL_CMD_REGION$$Base            0xc002fc34   Number         0  anon$$obj.o ABSOLUTE
    Image$$SHELL_MODULE_REGION$$Base         0xc002fc34   Number         0  anon$$obj.o ABSOLUTE
    Image$$SHELL_MODULE_REGION$$Limit        0xc002fc34   Number         0  anon$$obj.o ABSOLUTE
    Image$$STATIC_THREAD_REGION$$Base        0xc002fc34   Number         0  anon$$obj.o ABSOLUTE
    __shell__SHELL_CMD_NOPROMPT              0xc002fc34   Data          16  shell.o(.shell_cmd_)
    Image$$SHELL_CMD_REGION$$Limit           0xc002fc44   Number         0  anon$$obj.o ABSOLUTE
    __heap_base                              0xc002fc48   Data           0  reset.o(HEAP)
    __heap_limit                             0xc002fe48   Data           0  reset.o(HEAP)
    __initial_sp                             0xc0030248   Data           0  reset.o(STACK)
    RecvBuffer                               0xc0030260   Data       150530  main.o(mem_ai_data)
    inputImage                               0xc0054e80   Data       401408  main.o(mem_ai_data)
    OutputImage                              0xc00b6e80   Data       401408  main.o(mem_ai_data)
    OPS_WEI_BASE                             0xc0118e80   Data       4194304  main.o(mem_ai_data)
    Image$$BSS_REGION$$Base                  0xc0518e80   Number         0  anon$$obj.o ABSOLUTE
    objout                                   0xc0518ea0   Data          49  main.o(.bss)
    obj_det_data                             0xc0518f7c   Data          76  main.o(.bss)
    s_dmabuffer                              0xc0519260   Data          34  camera_interface.o(.bss)
    dma_ram_reserve                          0xc0519400   Data        1024  gm_hal_dma.o(.bss)
    _mpool_buf__heap_mem_pool                0xc051a8a4   Data        8232  mempool.o(.bss)
    _mpool_lvls__heap_mem_pool               0xc051c8cc   Data          48  mempool.o(.bss)
    k_sys_work_q                             0xc051c8fc   Data         184  system_work_q.o(.bss)
    info                                     0xc051cc40   Data          12  lcd.o(.bss)
    g_kernel                                 0xc051cd9c   Data         296  sched.o(.bss)
    Image$$NOINIT_REGION$$Base               0xc051cec4   Number         0  anon$$obj.o ABSOLUTE
    _k_stack_buf_async_msg_free              0xc051d234   Data          40  mailbox.o(.noinit."..\\..\\..\\..\\kernel\\mailbox.c".2)
    _k_stack_buf_pipe_async_msgs             0xc051d504   Data          40  pipes.o(.noinit."..\\..\\..\\..\\kernel\\pipes.c".2)
    sys_work_q_stack                         0xc051d530   Data        1024  system_work_q.o(.noinit."..\\..\\..\\..\\kernel\\system_work_q.c".0)
    _main_stack                              0xc051e100   Data        4096  init.o(.noinit."..\\..\\..\\kernel\\init.c".11)
    _idle_stack                              0xc051f100   Data        2048  init.o(.noinit."..\\..\\..\\kernel\\init.c".12)
    _interrupt_stack                         0xc051f900   Data        1024  init.o(.noinit."..\\..\\..\\kernel\\init.c".13)
    stack_area                               0xc051fd00   Data        4096  main.o(.noinit."..\\src\\main.c".0)
    Image$$VT_REGION$$Base                   0xc0520d00   Number         0  anon$$obj.o ABSOLUTE



==============================================================================

Memory Map of the image

  Image Entry point : 0x00010181

  Load Region LOAD_REGION (Base: 0x00010000, Size: 0x00023a80, Max: 0xffffffff, ABSOLUTE)

    Execution Region VECTOR_REGION (Base: 0x00010000, Size: 0x00000180, Max: 0xffffffff, ABSOLUTE)

    Base Addr    Size         Type   Attr      Idx    E Section Name        Object

    0x00010000   0x00000040   Code   RO         2655    .exc_vector_table._vector_table_section  vector_table.o
    0x00010040   0x00000140   Data   RW         3612    .irq_vector_table   ugelis_core_f6721b.lib(isr_tables.o)


    Execution Region TEXT_REGION (Base: 0x00010180, Size: 0x0001bd18, Max: 0xffffffff, ABSOLUTE)

    Base Addr    Size         Type   Attr      Idx    E Section Name        Object

    0x00010180   0x00000000   Code   RO         4068  * .ARM.Collect$$$$00000000  mc_w.l(entry.o)
    0x00010180   0x00000004   Code   RO         4459    .ARM.Collect$$$$00000001  mc_w.l(entry2.o)
    0x00010184   0x00000004   Code   RO         4462    .ARM.Collect$$$$00000004  mc_w.l(entry5.o)
    0x00010188   0x00000000   Code   RO         4464    .ARM.Collect$$$$00000008  mc_w.l(entry7b.o)
    0x00010188   0x00000000   Code   RO         4466    .ARM.Collect$$$$0000000A  mc_w.l(entry8b.o)
    0x00010188   0x00000008   Code   RO         4467    .ARM.Collect$$$$0000000B  mc_w.l(entry9a.o)
    0x00010190   0x00000000   Code   RO         4469    .ARM.Collect$$$$0000000D  mc_w.l(entry10a.o)
    0x00010190   0x00000000   Code   RO         4471    .ARM.Collect$$$$0000000F  mc_w.l(entry11a.o)
    0x00010190   0x00000004   Code   RO         4460    .ARM.Collect$$$$00002712  mc_w.l(entry2.o)
    0x00010194   0x00000014   Code   RO         1104    .emb_text           display_gm6721x.o
    0x000101a8   0x000005b4   Code   RO            4    .text               main.o
    0x0001075c   0x000000d2   Code   RO          360    .text               app_processor.o
    0x0001082e   0x00000002   PAD
    0x00010830   0x000014ec   Code   RO          447    .text               post_yolo.o
    0x00011d1c   0x000006a4   Code   RO          469    .text               obj_info.o
    0x000123c0   0x00001698   Code   RO          600    .text               processor.o
    0x00013a58   0x000000d8   Code   RO          638    .text               storage.o
    0x00013b30   0x00000038   Code   RO          693    .text               soc.o
    0x00013b68   0x0000001a   Code   RO          735    .text               soc_gm6721x.o
    0x00013b82   0x00000002   PAD
    0x00013b84   0x00000040   Code   RO          768    .text               weak_fixup.o
    0x00013bc4   0x00000054   Code   RO          800    .text               gm_common.o
    0x00013c18   0x000002e4   Code   RO          828    .text               uart_gm.o
    0x00013efc   0x0000006c   Code   RO          874    .text               cortex_m_systick.o
    0x00013f68   0x000004ac   Code   RO          925    .text               uart_console.o
    0x00014414   0x000005f0   Code   RO          984    .text               gpio_gm.o
    0x00014a04   0x00000028   Code   RO         1055    .text               pinmux_gm.o
    0x00014a2c   0x0000080a   Code   RO         1105    .text               display_gm6721x.o
    0x00015236   0x00000066   Code   RO         1165    .text               vb_queue.o
    0x0001529c   0x0000053e   Code   RO         1192    .text               vin_gm6721x.o
    0x000157da   0x00000002   PAD
    0x000157dc   0x000009dc   Code   RO         1240    .text               camera_interface.o
    0x000161b8   0x00000c04   Code   RO         1325    .text               gm_hal_uart.o
    0x00016dbc   0x000006b8   Code   RO         1362    .text               gm_hal_gpio.o
    0x00017474   0x00000750   Code   RO         1395    .text               gm_hal_dma.o
    0x00017bc4   0x0000019a   Code   RO         1428    .text               gm_hal_vin.o
    0x00017d5e   0x00000002   PAD
    0x00017d60   0x00000498   Code   RO         1459    .text               gm_hal_vout.o
    0x000181f8   0x00000374   Code   RO         1492    .text               gm_hal_imp.o
    0x0001856c   0x00000170   Code   RO         1525    .text               gm_hal_kdp.o
    0x000186dc   0x0000012c   Code   RO         1553    .text               gm_hal_cache.o
    0x00018808   0x00000e72   Code   RO         1590    .text               gm_hal_sqi.o
    0x0001967a   0x00000002   PAD
    0x0001967c   0x000009b8   Code   RO         1627    .text               gm_hal_sqi_host.o
    0x0001a034   0x00001020   Code   RO         1655    .text               gm_hal_i2c.o
    0x0001b054   0x00000380   Code   RO         1715    .text               mailbox.o
    0x0001b3d4   0x00000128   Code   RO         1789    .text               mem_slab.o
    0x0001b4fc   0x000001a8   Code   RO         1856    .text               mempool.o
    0x0001b6a4   0x000001a4   Code   RO         1958    .text               mutex.o
    0x0001b848   0x00000640   Code   RO         2019    .text               pipes.o
    0x0001be88   0x00000290   Code   RO         2088    .text               queue.o
    0x0001c118   0x000000e0   Code   RO         2146    .text               sem.o
    0x0001c1f8   0x00000118   Code   RO         2174    .text               stack.o
    0x0001c310   0x00000020   Code   RO         2196    .text               system_work_q.o
    0x0001c330   0x000003b4   Code   RO         2284    .text               poll.o
    0x0001c6e4   0x00000150   Code   RO         2345    .text               device.o
    0x0001c834   0x00000758   Code   RO         2378    .text               pinmux.o
    0x0001cf8c   0x0000001c   Code   RO         2407    .text               rand32_timer.o
    0x0001cfa8   0x00000890   Code   RO         2421    .text               shell.o
    0x0001d838   0x00000014   Code   RO         2461    .text               shell_service.o
    0x0001d84c   0x00000004   Code   RO         2513    .text               line_fifo.o
    0x0001d850   0x000001fc   Code   RO         2532    .text               malloc_ext.o
    0x0001da4c   0x00000144   Code   RO         2571    .text               camera.o
    0x0001db90   0x000003f8   Code   RO         2613    .text               draw.o
    0x0001df88   0x000000cc   Code   RO         2632    .text               lcd.o
    0x0001e054   0x00000520   Code   RO         2661    .text               ugelis_core_f6721b.lib(gm_hal_reset.o)
    0x0001e574   0x000011a4   Code   RO         2834    .text               ugelis_core_f6721b.lib(gm_hal_clock.o)
    0x0001f718   0x0000026e   Code   RO         2871    .text               ugelis_core_f6721b.lib(atomic_c.o)
    0x0001f986   0x00000002   PAD
    0x0001f988   0x000002a8   Code   RO         2892    .text               ugelis_core_f6721b.lib(init.o)
    0x0001fc30   0x00000bf4   Code   RO         3109    .text               ugelis_core_f6721b.lib(sched.o)
    0x00020824   0x000003bc   Code   RO         3195    .text               ugelis_core_f6721b.lib(sys_clock.o)
    0x00020be0   0x000006a0   Code   RO         3267    .text               ugelis_core_f6721b.lib(thread.o)
    0x00021280   0x00000538   Code   RO         3343    .text               ugelis_core_f6721b.lib(work_q.o)
    0x000217b8   0x000004a8   Code   RO         3397    .text               ugelis_core_f6721b.lib(printk.o)
    0x00021c60   0x00000594   Code   RO         3444    .text               ugelis_core_f6721b.lib(mempool.o)
    0x000221f4   0x00000108   Code   RO         3475    .text               ugelis_core_f6721b.lib(stdout_console.o)
    0x000222fc   0x00000004   PAD
    0x00022300   0x0000009c   Code   RO         3499    .text               ugelis_core_f6721b.lib(swap_helper.o)
    0x0002239c   0x00000024   Code   RO         3502    .text               ugelis_core_f6721b.lib(isr_wrapper.o)
    0x000223c0   0x000000c0   Code   RO         3508    .text               ugelis_core_f6721b.lib(irq_manage.o)
    0x00022480   0x00000068   Code   RO         3568    .text               ugelis_core_f6721b.lib(prep_c.o)
    0x000224e8   0x0000000c   Code   RO         3594    .text               ugelis_core_f6721b.lib(nmi.o)
    0x000224f4   0x00000014   Code   RO         3609    .text               ugelis_core_f6721b.lib(isr_tables.o)
    0x00022508   0x00000060   Code   RO         3665    .text               ugelis_core_f6721b.lib(idle.o)
    0x00022568   0x00000814   Code   RO         3734    .text               ugelis_core_f6721b.lib(rb.o)
    0x00022d7c   0x0000001e   Code   RO         3746    .text               ugelis_core_f6721b.lib(thread_entry.o)
    0x00022d9a   0x00000002   PAD
    0x00022d9c   0x00000078   Code   RO         3764    .text               ugelis_core_f6721b.lib(thread_1.o)
    0x00022e14   0x00000044   Code   RO         3815    .text               ugelis_core_f6721b.lib(swap.o)
    0x00022e58   0x00000040   Code   RO         3840    .text               ugelis_core_f6721b.lib(irq_offload.o)
    0x00022e98   0x00000038   Code   RO         3858    .text               ugelis_core_f6721b.lib(irq_init.o)
    0x00022ed0   0x00000620   Code   RO         3886    .text               ugelis_core_f6721b.lib(fault.o)
    0x000234f0   0x0000013c   Code   RO         3910    .text               ugelis_core_f6721b.lib(fatal.o)
    0x0002362c   0x00000028   Code   RO         3958    .text               ugelis_core_f6721b.lib(cpu_idle.o)
    0x00023654   0x0000000c   PAD
    0x00023660   0x00000004   Code   RO         3961    .text               ugelis_core_f6721b.lib(nmi_on_reset.o)
    0x00023664   0x00000068   Code   RO         3967    .text               ugelis_core_f6721b.lib(thread_abort_1.o)
    0x000236cc   0x000000b4   Code   RO         4000    .text               ugelis_core_f6721b.lib(sys_fatal_error_handler.o)
    0x00023780   0x00000062   Code   RO         4072    .text               mc_w.l(uldiv.o)
    0x000237e2   0x00000002   PAD
    0x000237e4   0x00000008   Code   RO         4074    .text               mc_w.l(ctype_o.o)
    0x000237ec   0x00000024   Code   RO         4102    .text               mc_w.l(memcpya.o)
    0x00023810   0x00000024   Code   RO         4104    .text               mc_w.l(memseta.o)
    0x00023834   0x00000018   Code   RO         4106    .text               mc_w.l(strcat.o)
    0x0002384c   0x00000018   Code   RO         4108    .text               mc_w.l(strncpy.o)
    0x00023864   0x00000014   Code   RO         4110    .text               mc_w.l(strchr.o)
    0x00023878   0x0000000e   Code   RO         4112    .text               mc_w.l(strlen.o)
    0x00023886   0x0000001c   Code   RO         4114    .text               mc_w.l(strcmp.o)
    0x000238a2   0x0000001e   Code   RO         4116    .text               mc_w.l(strncmp.o)
    0x000238c0   0x0000014e   Code   RO         4409    .text               mf_w.l(dadd.o)
    0x00023a0e   0x000000e4   Code   RO         4411    .text               mf_w.l(dmul.o)
    0x00023af2   0x000000de   Code   RO         4413    .text               mf_w.l(ddiv.o)
    0x00023bd0   0x0000002c   Code   RO         4415    .text               mf_w.l(ffltl.o)
    0x00023bfc   0x00000022   Code   RO         4417    .text               mf_w.l(dflti.o)
    0x00023c1e   0x00000032   Code   RO         4419    .text               mf_w.l(dfixui.o)
    0x00023c50   0x00000026   Code   RO         4421    .text               mf_w.l(f2d.o)
    0x00023c76   0x00000002   PAD
    0x00023c78   0x00000030   Code   RO         4423    .text               mf_w.l(cdrcmple.o)
    0x00023ca8   0x00000038   Code   RO         4425    .text               mf_w.l(d2f.o)
    0x00023ce0   0x0000002c   Code   RO         4473    .text               mc_w.l(uidiv.o)
    0x00023d0c   0x0000001e   Code   RO         4475    .text               mc_w.l(llshl.o)
    0x00023d2a   0x00000020   Code   RO         4477    .text               mc_w.l(llushr.o)
    0x00023d4a   0x00000024   Code   RO         4479    .text               mc_w.l(llsshr.o)
    0x00023d6e   0x00000000   Code   RO         4490    .text               mc_w.l(iusefp.o)
    0x00023d6e   0x0000006e   Code   RO         4491    .text               mf_w.l(fepilogue.o)
    0x00023ddc   0x000000ba   Code   RO         4493    .text               mf_w.l(depilogue.o)
    0x00023e96   0x000000a2   Code   RO         4497    .text               mf_w.l(dsqrt.o)
    0x00023f38   0x00000024   Code   RO         4503    .text               mc_w.l(init.o)
    0x00023f5c   0x0000001a   Code   RO         4505    .text               mf_w.l(dfltui.o)
    0x00023f76   0x0000003e   Code   RO         4507    .text               mf_w.l(dfixi.o)
    0x00023fb4   0x00000028   Code   RO         3557    .text._HandlerModeExit  ugelis_core_f6721b.lib(exc_exit.o)
    0x00023fdc   0x00000004   PAD
    0x00023fe0   0x00000028   Code   RO         3554    .text.__fault       ugelis_core_f6721b.lib(fault_s.o)
    0x00024008   0x00000008   PAD
    0x00024010   0x0000005c   Code   RO         3562    .text._reset_section  ugelis_core_f6721b.lib(reset.o)
    0x0002406c   0x00000020   Code   RO         4209    i.__0printf$3       mc_w.l(printf3.o)
    0x0002408c   0x00000030   Code   RO         4444    i.__ARM_fpclassify  m_wm.l(fpclassify.o)
    0x000240bc   0x00000004   PAD
    0x000240c0   0x000002d8   Code   RO         4024    i.__hardfp_atan     m_wm.l(atan.o)
    0x00024398   0x000000c8   Code   RO         4044    i.__hardfp_sin      m_wm.l(sin.o)
    0x00024460   0x0000007a   Code   RO         4056    i.__hardfp_sqrt     m_wm.l(sqrt.o)
    0x000244da   0x00000006   PAD
    0x000244e0   0x00000438   Code   RO         4448    i.__ieee754_rem_pio2  m_wm.l(rred.o)
    0x00024918   0x00000170   Code   RO         4427    i.__kernel_cos      m_wm.l(cos_i.o)
    0x00024a88   0x000000f8   Code   RO         4446    i.__kernel_poly     m_wm.l(poly.o)
    0x00024b80   0x00000130   Code   RO         4453    i.__kernel_sin      m_wm.l(sin_i.o)
    0x00024cb0   0x00000014   Code   RO         4431    i.__mathlib_dbl_infnan  m_wm.l(dunder.o)
    0x00024cc4   0x00000004   PAD
    0x00024cc8   0x00000020   Code   RO         4433    i.__mathlib_dbl_invalid  m_wm.l(dunder.o)
    0x00024ce8   0x00000020   Code   RO         4436    i.__mathlib_dbl_underflow  m_wm.l(dunder.o)
    0x00024d08   0x0000000e   Code   RO         4511    i.__scatterload_copy  mc_w.l(handlers.o)
    0x00024d16   0x00000002   Code   RO         4512    i.__scatterload_null  mc_w.l(handlers.o)
    0x00024d18   0x0000000e   Code   RO         4513    i.__scatterload_zeroinit  mc_w.l(handlers.o)
    0x00024d26   0x00000002   PAD
    0x00024d28   0x0000000c   Code   RO         4485    i.__set_errno       mc_w.l(errno.o)
    0x00024d34   0x000001b8   Code   RO         4216    i._printf_core      mc_w.l(printf3.o)
    0x00024eec   0x00000018   Code   RO         4040    i.fabs              m_wm.l(fabs.o)
    0x00024f04   0x00000050   Code   RO         4381    i.free              mc_w.l(malloc.o)
    0x00024f54   0x0000006c   Code   RO         4382    i.malloc            mc_w.l(malloc.o)
    0x00024fc0   0x0000006e   Code   RO         4058    i.sqrt              m_wm.l(sqrt.o)
    0x0002502e   0x00000002   PAD
    0x00025030   0x00000028   Data   RO            6    .constdata          main.o
    0x00025058   0x0000000e   Data   RO          602    .constdata          processor.o
    0x00025066   0x00000002   PAD
    0x00025068   0x0000000c   Data   RO          833    .constdata          uart_gm.o
    0x00025074   0x0000000c   Data   RO          834    .constdata          uart_gm.o
    0x00025080   0x0000000c   Data   RO          835    .constdata          uart_gm.o
    0x0002508c   0x0000000c   Data   RO          836    .constdata          uart_gm.o
    0x00025098   0x00000044   Data   RO          837    .constdata          uart_gm.o
    0x000250dc   0x0000001c   Data   RO          996    .constdata          gpio_gm.o
    0x000250f8   0x00000008   Data   RO          997    .constdata          gpio_gm.o
    0x00025100   0x00000008   Data   RO          998    .constdata          gpio_gm.o
    0x00025108   0x00000008   Data   RO          999    .constdata          gpio_gm.o
    0x00025110   0x00000008   Data   RO         1000    .constdata          gpio_gm.o
    0x00025118   0x00000008   Data   RO         1001    .constdata          gpio_gm.o
    0x00025120   0x00000008   Data   RO         1002    .constdata          gpio_gm.o
    0x00025128   0x00000008   Data   RO         1003    .constdata          gpio_gm.o
    0x00025130   0x00000008   Data   RO         1004    .constdata          gpio_gm.o
    0x00025138   0x00000008   Data   RO         1005    .constdata          gpio_gm.o
    0x00025140   0x00000008   Data   RO         1006    .constdata          gpio_gm.o
    0x00025148   0x00000008   Data   RO         1007    .constdata          gpio_gm.o
    0x00025150   0x00000010   Data   RO         1056    .constdata          pinmux_gm.o
    0x00025160   0x00000038   Data   RO         1107    .constdata          display_gm6721x.o
    0x00025198   0x0000002c   Data   RO         1108    .constdata          display_gm6721x.o
    0x000251c4   0x00000018   Data   RO         1193    .constdata          vin_gm6721x.o
    0x000251dc   0x0000000c   Data   RO         1194    .constdata          vin_gm6721x.o
    0x000251e8   0x00000010   Data   RO         1243    .constdata          camera_interface.o
    0x000251f8   0x00000010   Data   RO         1244    .constdata          camera_interface.o
    0x00025208   0x00000010   Data   RO         1245    .constdata          camera_interface.o
    0x00025218   0x00001b06   Data   RO         1246    .constdata          camera_interface.o
    0x00026d1e   0x00000002   PAD
    0x00026d20   0x00000010   Data   RO         1247    .constdata          camera_interface.o
    0x00026d30   0x0000002c   Data   RO         1363    .constdata          gm_hal_gpio.o
    0x00026d5c   0x0000000c   Data   RO         1657    .constdata          gm_hal_i2c.o
    0x00026d68   0x00000008   Data   RO         2285    .constdata          poll.o
    0x00026d70   0x00000234   Data   RO         2379    .constdata          pinmux.o
    0x00026fa4   0x00000040   Data   RO         2423    .constdata          shell.o
    0x00026fe4   0x00004740   Data   RO         2614    .constdata          draw.o
    0x0002b724   0x00000008   Data   RO         2894    .constdata          ugelis_core_f6721b.lib(init.o)
    0x0002b72c   0x00000004   Data   RO         3639    .constdata          ugelis_core_f6721b.lib(errno.o)
    0x0002b730   0x00000098   Data   RO         4027    .constdata          m_wm.l(atan.o)
    0x0002b7c8   0x00000081   Data   RO         4075    .constdata          mc_w.l(ctype_o.o)
    0x0002b849   0x00000003   PAD
    0x0002b84c   0x00000004   Data   RO         4076    .constdata          mc_w.l(ctype_o.o)
    0x0002b850   0x00000030   Data   RO         4428    .constdata          m_wm.l(cos_i.o)
    0x0002b880   0x000000c8   Data   RO         4450    .constdata          m_wm.l(rred.o)
    0x0002b948   0x00000028   Data   RO         4454    .constdata          m_wm.l(sin_i.o)
    0x0002b970   0x000000a0   Data   RO            7    .conststring        main.o
    0x0002ba10   0x0000000e   Data   RO         1248    .conststring        camera_interface.o
    0x0002ba1e   0x00000002   PAD
    0x0002ba20   0x000001de   Data   RO         1592    .conststring        gm_hal_sqi.o
    0x0002bbfe   0x00000002   PAD
    0x0002bc00   0x0000002d   Data   RO         2424    .conststring        shell.o
    0x0002bc2d   0x00000003   PAD
    0x0002bc30   0x00000048   Data   RO         2533    .conststring        malloc_ext.o
    0x0002bc78   0x00000001   Data   RO          694    .conststrlit        soc.o
    0x0002bc79   0x00000003   PAD
    0x0002bc7c   0x0000001f   Data   RO          838    .conststrlit        uart_gm.o
    0x0002bc9b   0x00000001   PAD
    0x0002bc9c   0x00000001   Data   RO          926    .conststrlit        uart_console.o
    0x0002bc9d   0x00000003   PAD
    0x0002bca0   0x00000056   Data   RO         1008    .conststrlit        gpio_gm.o
    0x0002bcf6   0x00000002   PAD
    0x0002bcf8   0x00000056   Data   RO         1057    .conststrlit        pinmux_gm.o
    0x0002bd4e   0x00000002   PAD
    0x0002bd50   0x0000000a   Data   RO         1091    .conststrlit        sys_clock_init.o
    0x0002bd5a   0x00000002   PAD
    0x0002bd5c   0x00000005   Data   RO         1109    .conststrlit        display_gm6721x.o
    0x0002bd61   0x00000003   PAD
    0x0002bd64   0x00000004   Data   RO         1195    .conststrlit        vin_gm6721x.o
    0x0002bd68   0x00000020   Data   RO         1249    .conststrlit        camera_interface.o
    0x0002bd88   0x00000001   Data   RO         1717    .conststrlit        mailbox.o
    0x0002bd89   0x00000003   PAD
    0x0002bd8c   0x00000001   Data   RO         1790    .conststrlit        mem_slab.o
    0x0002bd8d   0x00000003   PAD
    0x0002bd90   0x00000001   Data   RO         1860    .conststrlit        mempool.o
    0x0002bd91   0x00000003   PAD
    0x0002bd94   0x00000001   Data   RO         2021    .conststrlit        pipes.o
    0x0002bd95   0x00000003   PAD
    0x0002bd98   0x00000001   Data   RO         2198    .conststrlit        system_work_q.o
    0x0002bd99   0x00000003   PAD
    0x0002bd9c   0x00000010   Data   RO         2380    .conststrlit        pinmux.o
    0x0002bdac   0x00000021   Data   RO         2425    .conststrlit        shell.o
    0x0002bdcd   0x00000003   PAD
    0x0002bdd0   0x00000001   Data   RO         2462    .conststrlit        shell_service.o
    0x0002bdd1   0x00000003   PAD
    0x0002bdd4   0x00000001   Data   RO         2534    .conststrlit        malloc_ext.o
    0x0002bdd5   0x00000003   PAD
    0x0002bdd8   0x000000c0   Data   RO         4509    Region$$Table       anon$$obj.o


    Execution Region RODATA_REGION (Base: 0x0002be98, Size: 0x00000000, Max: 0xffffffff, ABSOLUTE)

    **** No section assigned to this execution region ****


    Execution Region DATA_START_REGION (Base: 0xc002be98, Size: 0x00003768, Max: 0xffffffff, ABSOLUTE)

    Base Addr    Size         Type   Attr      Idx    E Section Name        Object

    0xc002be98   0x000000a8   Data   RW            8    .data               main.o
    0xc002bf40   0x00000008   Data   RW          448    .data               post_yolo.o
    0xc002bf48   0x00002d90   Data   RW          470    .data               obj_info.o
    0xc002ecd8   0x00000044   Data   RW          611    .data               processor.o
    0xc002ed1c   0x0000000c   Data   RW          640    .data               storage.o
    0xc002ed28   0x00000004   Data   RW          769    .data               weak_fixup.o
    0xc002ed2c   0x00000004   Data   RW          839    .data               uart_gm.o
    0xc002ed30   0x00000004   Data   RW          875    .data               cortex_m_systick.o
    0xc002ed34   0x00000024   Data   RW          927    .data               uart_console.o
    0xc002ed58   0x00000008   Data   RW         1058    .data               pinmux_gm.o
    0xc002ed60   0x00000008   Data   RW         1059    .data               pinmux_gm.o
    0xc002ed68   0x00000008   Data   RW         1060    .data               pinmux_gm.o
    0xc002ed70   0x00000008   Data   RW         1061    .data               pinmux_gm.o
    0xc002ed78   0x00000008   Data   RW         1062    .data               pinmux_gm.o
    0xc002ed80   0x00000008   Data   RW         1063    .data               pinmux_gm.o
    0xc002ed88   0x00000008   Data   RW         1064    .data               pinmux_gm.o
    0xc002ed90   0x00000008   Data   RW         1065    .data               pinmux_gm.o
    0xc002ed98   0x00000008   Data   RW         1066    .data               pinmux_gm.o
    0xc002eda0   0x00000008   Data   RW         1067    .data               pinmux_gm.o
    0xc002eda8   0x00000008   Data   RW         1068    .data               pinmux_gm.o
    0xc002edb0   0x0000018c   Data   RW         1196    .data               vin_gm6721x.o
    0xc002ef3c   0x000000c4   Data   RW         1250    .data               camera_interface.o
    0xc002f000   0x00000024   Data   RW         1251    .data               camera_interface.o
    0xc002f024   0x00000008   Data   RW         1327    .data               gm_hal_uart.o
    0xc002f02c   0x000001ac   Data   RW         1398    .data               gm_hal_dma.o
    0xc002f1d8   0x00000080   Data   RW         1593    .data               gm_hal_sqi.o
    0xc002f258   0x00000008   Data   RW         1658    .data               gm_hal_i2c.o
    0xc002f260   0x00000008   Data   RW         1791    .data               mem_slab.o
    0xc002f268   0x00000008   Data   RW         1861    .data               mempool.o
    0xc002f270   0x00000020   Data   RW         2347    .data               device.o
    0xc002f290   0x00000004   Data   RW         2381    .data               pinmux.o
    0xc002f294   0x00000004   Data   RW         2408    .data               rand32_timer.o
    0xc002f298   0x0000002c   Data   RW         2426    .data               shell.o
    0xc002f2c4   0x00000028   Data   RW         2535    .data               malloc_ext.o
    0xc002f2ec   0x00000008   Data   RW         2572    .data               camera.o
    0xc002f2f4   0x00000010   Data   RW         2634    .data               lcd.o
    0xc002f304   0x00000002   Data   RW         2662    .data               ugelis_core_f6721b.lib(gm_hal_reset.o)
    0xc002f306   0x00000002   PAD
    0xc002f308   0x00000014   Data   RW         2895    .data               ugelis_core_f6721b.lib(init.o)
    0xc002f31c   0x00000001   Data   RW         3111    .data               ugelis_core_f6721b.lib(sched.o)
    0xc002f31d   0x00000003   PAD
    0xc002f320   0x00000028   Data   RW         3196    .data               ugelis_core_f6721b.lib(sys_clock.o)
    0xc002f348   0x00000008   Data   RW         3268    .data               ugelis_core_f6721b.lib(thread.o)
    0xc002f350   0x00000004   Data   RW         3398    .data               ugelis_core_f6721b.lib(printk.o)
    0xc002f354   0x00000004   Data   RW         3476    .data               ugelis_core_f6721b.lib(stdout_console.o)
    0xc002f358   0x00000010   Data   RW         3569    .data               ugelis_core_f6721b.lib(prep_c.o)
    0xc002f368   0x00000280   Data   RW         3610    .data               ugelis_core_f6721b.lib(isr_tables.o)
    0xc002f5e8   0x00000008   Data   RW         3841    .data               ugelis_core_f6721b.lib(irq_offload.o)
    0xc002f5f0   0x00000004   Data   RW         4071    .data               mc_w.l(stdout.o)
    0xc002f5f4   0x00000004   Data   RW         4481    .data               mc_w.l(mvars.o)
    0xc002f5f8   0x00000004   Data   RW         4482    .data               mc_w.l(mvars.o)
    0xc002f5fc   0x00000004   Data   RW         4486    .data               mc_w.l(errno.o)


    Execution Region DEVCONFIG_REGION (Base: 0xc002f600, Size: 0x000002a0, Max: 0xffffffff, ABSOLUTE)

    Base Addr    Size         Type   Attr      Idx    E Section Name        Object

    0xc002f600   0x00000010   Data   RW          695    .devconfig.init     soc.o
    0xc002f610   0x00000040   Data   RW          840    .devconfig.init     uart_gm.o
    0xc002f650   0x00000010   Data   RW          928    .devconfig.init     uart_console.o
    0xc002f660   0x000000b0   Data   RW         1009    .devconfig.init     gpio_gm.o
    0xc002f710   0x000000b0   Data   RW         1069    .devconfig.init     pinmux_gm.o
    0xc002f7c0   0x00000010   Data   RW         1092    .devconfig.init     sys_clock_init.o
    0xc002f7d0   0x00000010   Data   RW         1110    .devconfig.init     display_gm6721x.o
    0xc002f7e0   0x00000010   Data   RW         1197    .devconfig.init     vin_gm6721x.o
    0xc002f7f0   0x00000030   Data   RW         1252    .devconfig.init     camera_interface.o
    0xc002f820   0x00000010   Data   RW         1720    .devconfig.init     mailbox.o
    0xc002f830   0x00000010   Data   RW         1792    .devconfig.init     mem_slab.o
    0xc002f840   0x00000010   Data   RW         1862    .devconfig.init     mempool.o
    0xc002f850   0x00000010   Data   RW         2022    .devconfig.init     pipes.o
    0xc002f860   0x00000010   Data   RW         2199    .devconfig.init     system_work_q.o
    0xc002f870   0x00000010   Data   RW         2382    .devconfig.init     pinmux.o
    0xc002f880   0x00000010   Data   RW         2463    .devconfig.init     shell_service.o
    0xc002f890   0x00000010   Data   RW         2536    .devconfig.init     malloc_ext.o


    Execution Region DEVICE_PRE_KERNEL1_REGION (Base: 0xc002f8a0, Size: 0x000002a8, Max: 0xffffffff, ABSOLUTE)

    Base Addr    Size         Type   Attr      Idx    E Section Name        Object

    0xc002f8a0   0x00000014   Data   RW          696    .init_PRE_KERNEL_10  soc.o
    0xc002f8b4   0x00000014   Data   RW         2537    .init_PRE_KERNEL_11  malloc_ext.o
    0xc002f8c8   0x000000dc   Data   RW         1070    .init_PRE_KERNEL_13  pinmux_gm.o
    0xc002f9a4   0x00000014   Data   RW         1721    .init_PRE_KERNEL_130  mailbox.o
    0xc002f9b8   0x00000014   Data   RW         1793    .init_PRE_KERNEL_130  mem_slab.o
    0xc002f9cc   0x00000014   Data   RW         1863    .init_PRE_KERNEL_130  mempool.o
    0xc002f9e0   0x00000014   Data   RW         2023    .init_PRE_KERNEL_130  pipes.o
    0xc002f9f4   0x00000014   Data   RW         2383    .init_PRE_KERNEL_14  pinmux.o
    0xc002fa08   0x000000dc   Data   RW         1010    .init_PRE_KERNEL_16  gpio_gm.o
    0xc002fae4   0x00000014   Data   RW          929    .init_PRE_KERNEL_160  uart_console.o
    0xc002faf8   0x00000050   Data   RW          841    .init_PRE_KERNEL_17  uart_gm.o


    Execution Region DEVICE_PRE_KERNEL2_REGION (Base: 0xc002fb48, Size: 0x00000014, Max: 0xffffffff, ABSOLUTE)

    Base Addr    Size         Type   Attr      Idx    E Section Name        Object

    0xc002fb48   0x00000014   Data   RW         1093    .init_PRE_KERNEL_20  sys_clock_init.o


    Execution Region DEVICE_POST_KERNEL_REGION (Base: 0xc002fb5c, Size: 0x00000078, Max: 0xffffffff, ABSOLUTE)

    Base Addr    Size         Type   Attr      Idx    E Section Name        Object

    0xc002fb5c   0x00000014   Data   RW         2200    .init_POST_KERNEL40  system_work_q.o
    0xc002fb70   0x00000014   Data   RW         1111    .init_POST_KERNEL50  display_gm6721x.o
    0xc002fb84   0x00000014   Data   RW         1198    .init_POST_KERNEL50  vin_gm6721x.o
    0xc002fb98   0x0000003c   Data   RW         1253    .init_POST_KERNEL50  camera_interface.o


    Execution Region DEVICE_APPLICATION_REGION (Base: 0xc002fbd4, Size: 0x00000014, Max: 0xffffffff, ABSOLUTE)

    Base Addr    Size         Type   Attr      Idx    E Section Name        Object

    0xc002fbd4   0x00000014   Data   RW         2464    .init_APPLICATION40  shell_service.o


    Execution Region KMEM_SLAB_REGION (Base: 0xc002fbe8, Size: 0x00000000, Max: 0xffffffff, ABSOLUTE)

    **** No section assigned to this execution region ****


    Execution Region KMEM_POOL_REGION (Base: 0xc002fbe8, Size: 0x0000001c, Max: 0xffffffff, ABSOLUTE)

    Base Addr    Size         Type   Attr      Idx    E Section Name        Object

    0xc002fbe8   0x0000001c   Data   RW         1857    ._k_mem_pool.static._heap_mem_pool  mempool.o


    Execution Region KTIMER_REGION (Base: 0xc002fc04, Size: 0x00000000, Max: 0xffffffff, ABSOLUTE)

    **** No section assigned to this execution region ****


    Execution Region KSEM_REGION (Base: 0xc002fc04, Size: 0x00000000, Max: 0xffffffff, ABSOLUTE)

    **** No section assigned to this execution region ****


    Execution Region KMUTEX_REGION (Base: 0xc002fc04, Size: 0x00000000, Max: 0xffffffff, ABSOLUTE)

    **** No section assigned to this execution region ****


    Execution Region KALERT_REGION (Base: 0xc002fc04, Size: 0x00000000, Max: 0xffffffff, ABSOLUTE)

    **** No section assigned to this execution region ****


    Execution Region KQUEUE_REGION (Base: 0xc002fc04, Size: 0x00000000, Max: 0xffffffff, ABSOLUTE)

    **** No section assigned to this execution region ****


    Execution Region KSTACK_REGION (Base: 0xc002fc04, Size: 0x00000030, Max: 0xffffffff, ABSOLUTE)

    Base Addr    Size         Type   Attr      Idx    E Section Name        Object

    0xc002fc04   0x00000018   Data   RW         1716    ._k_stack.static.async_msg_free  mailbox.o
    0xc002fc1c   0x00000018   Data   RW         2020    ._k_stack.static.pipe_async_msgs  pipes.o


    Execution Region KMSGQ_REGION (Base: 0xc002fc34, Size: 0x00000000, Max: 0xffffffff, ABSOLUTE)

    **** No section assigned to this execution region ****


    Execution Region KMBOX_REGION (Base: 0xc002fc34, Size: 0x00000000, Max: 0xffffffff, ABSOLUTE)

    **** No section assigned to this execution region ****


    Execution Region STATIC_THREAD_REGION (Base: 0xc002fc34, Size: 0x00000000, Max: 0xffffffff, ABSOLUTE)

    **** No section assigned to this execution region ****


    Execution Region SHELL_MODULE_REGION (Base: 0xc002fc34, Size: 0x00000000, Max: 0xffffffff, ABSOLUTE)

    **** No section assigned to this execution region ****


    Execution Region SHELL_CMD_REGION (Base: 0xc002fc34, Size: 0x00000010, Max: 0xffffffff, ABSOLUTE)

    Base Addr    Size         Type   Attr      Idx    E Section Name        Object

    0xc002fc34   0x00000010   Data   RO         2428    .shell_cmd_         shell.o


    Execution Region DATA_END_REGION (Base: 0xc002fc44, Size: 0x004e923c, Max: 0xffffffff, ABSOLUTE)

    Base Addr    Size         Type   Attr      Idx    E Section Name        Object

    0xc002fc44   0x00000004   PAD
    0xc002fc48   0x00000200   Zero   RW         3561    HEAP                ugelis_core_f6721b.lib(reset.o)
    0xc002fe48   0x00000400   Zero   RW         3560    STACK               ugelis_core_f6721b.lib(reset.o)
    0xc0030248   0x00000018   PAD
    0xc0030260   0x004e8c20   Zero   RW           10    mem_ai_data         main.o


    Execution Region BSS_REGION (Base: 0xc0518e80, Size: 0x00004044, Max: 0xffffffff, ABSOLUTE)

    Base Addr    Size         Type   Attr      Idx    E Section Name        Object

    0xc0518e80   0x00000148   Zero   RW            5    .bss                main.o
    0xc0518fc8   0x00000014   Zero   RW          601    .bss                processor.o
    0xc0518fdc   0x00000014   Zero   RW          639    .bss                storage.o
    0xc0518ff0   0x00000068   Zero   RW          829    .bss                uart_gm.o
    0xc0519058   0x00000068   Zero   RW          830    .bss                uart_gm.o
    0xc05190c0   0x00000068   Zero   RW          831    .bss                uart_gm.o
    0xc0519128   0x00000068   Zero   RW          832    .bss                uart_gm.o
    0xc0519190   0x0000000c   Zero   RW          985    .bss                gpio_gm.o
    0xc051919c   0x0000000c   Zero   RW          986    .bss                gpio_gm.o
    0xc05191a8   0x0000000c   Zero   RW          987    .bss                gpio_gm.o
    0xc05191b4   0x0000000c   Zero   RW          988    .bss                gpio_gm.o
    0xc05191c0   0x0000000c   Zero   RW          989    .bss                gpio_gm.o
    0xc05191cc   0x0000000c   Zero   RW          990    .bss                gpio_gm.o
    0xc05191d8   0x0000000c   Zero   RW          991    .bss                gpio_gm.o
    0xc05191e4   0x0000000c   Zero   RW          992    .bss                gpio_gm.o
    0xc05191f0   0x0000000c   Zero   RW          993    .bss                gpio_gm.o
    0xc05191fc   0x0000000c   Zero   RW          994    .bss                gpio_gm.o
    0xc0519208   0x0000000c   Zero   RW          995    .bss                gpio_gm.o
    0xc0519214   0x0000004c   Zero   RW         1106    .bss                display_gm6721x.o
    0xc0519260   0x000000d8   Zero   RW         1241    .bss                camera_interface.o
    0xc0519338   0x00000020   Zero   RW         1326    .bss                gm_hal_uart.o
    0xc0519358   0x00000040   Zero   RW         1396    .bss                gm_hal_dma.o
    0xc0519398   0x00000068   PAD
    0xc0519400   0x00000400   Zero   RW         1397    .bss                gm_hal_dma.o
    0xc0519800   0x0000005c   Zero   RW         1460    .bss                gm_hal_vout.o
    0xc051985c   0x0000000c   Zero   RW         1493    .bss                gm_hal_imp.o
    0xc0519868   0x00001018   Zero   RW         1591    .bss                gm_hal_sqi.o
    0xc051a880   0x00000024   Zero   RW         1656    .bss                gm_hal_i2c.o
    0xc051a8a4   0x00002028   Zero   RW         1858    .bss                mempool.o
    0xc051c8cc   0x00000030   Zero   RW         1859    .bss                mempool.o
    0xc051c8fc   0x000000b8   Zero   RW         2197    .bss                system_work_q.o
    0xc051c9b4   0x00000014   Zero   RW         2346    .bss                device.o
    0xc051c9c8   0x00000278   Zero   RW         2422    .bss                shell.o
    0xc051cc40   0x0000000c   Zero   RW         2633    .bss                lcd.o
    0xc051cc4c   0x00000150   Zero   RW         2893    .bss                ugelis_core_f6721b.lib(init.o)
    0xc051cd9c   0x00000128   Zero   RW         3110    .bss                ugelis_core_f6721b.lib(sched.o)


    Execution Region NOINIT_REGION (Base: 0xc051cec4, Size: 0x00003e3c, Max: 0xffffffff, ABSOLUTE)

    Base Addr    Size         Type   Attr      Idx    E Section Name        Object

    0xc051cec4   0x00000370   Data   RW         1722    .noinit."..\\..\\..\\..\\kernel\\mailbox.c".1  mailbox.o
    0xc051d234   0x00000028   Data   RW         1723    .noinit."..\\..\\..\\..\\kernel\\mailbox.c".2  mailbox.o
    0xc051d25c   0x000002a8   Data   RW         2024    .noinit."..\\..\\..\\..\\kernel\\pipes.c".1  pipes.o
    0xc051d504   0x00000028   Data   RW         2025    .noinit."..\\..\\..\\..\\kernel\\pipes.c".2  pipes.o
    0xc051d52c   0x00000004   PAD
    0xc051d530   0x00000400   Data   RW         2201    .noinit."..\\..\\..\\..\\kernel\\system_work_q.c".0  system_work_q.o
    0xc051d930   0x000007d0   Data   RW         2427    .noinit."..\\..\\..\\..\\subsys\\shell\\shell.c".0  shell.o
    0xc051e100   0x00001000   Data   RW         2896    .noinit."..\\..\\..\\kernel\\init.c".11  ugelis_core_f6721b.lib(init.o)
    0xc051f100   0x00000800   Data   RW         2897    .noinit."..\\..\\..\\kernel\\init.c".12  ugelis_core_f6721b.lib(init.o)
    0xc051f900   0x00000400   Data   RW         2898    .noinit."..\\..\\..\\kernel\\init.c".13  ugelis_core_f6721b.lib(init.o)
    0xc051fd00   0x00001000   Data   RW            9    .noinit."..\\src\\main.c".0  main.o


    Execution Region VT_REGION (Base: 0xc0520d00, Size: 0x00000000, Max: 0xffffffff, ABSOLUTE)

    **** No section assigned to this execution region ****


==============================================================================

Image component sizes


      Code (inc. data)   RO Data    RW Data    ZI Data      Debug   Object Name

       210          0          0          0          0      35548   app_processor.o
       324         34          0          8          0       8389   camera.o
      2524        128       7028        340        216      46649   camera_interface.o
       108         16          0          4          0      33163   cortex_m_systick.o
       336         28          0         32         20       6011   device.o
      2078         26        105         36         76      25780   display_gm6721x.o
      1016         24      18240          0          0       7442   draw.o
        84          0          0          0          0       2405   gm_common.o
       300         10          0          0          0       2458   gm_hal_cache.o
      1872         24          0        428       1088       6152   gm_hal_dma.o
      1720         62         44          0          0       9051   gm_hal_gpio.o
      4128         86         12          8         36      26151   gm_hal_i2c.o
       884         10          0          0         12       5758   gm_hal_imp.o
       368         20          0          0          0       4244   gm_hal_kdp.o
      3698        186        478        128       4120      21723   gm_hal_sqi.o
      2488         40          0          0          0      16982   gm_hal_sqi_host.o
      3076         96          0          8         32      32362   gm_hal_uart.o
       410          0          0          0          0       5908   gm_hal_vin.o
      1176         12          0          0         92       9170   gm_hal_vout.o
      1520         78        202        396        132      55296   gpio_gm.o
       204         24          0         16         12       7934   lcd.o
         4          0          0          0          0        738   line_fifo.o
       896         12          1        980          0      40291   mailbox.o
      1460        130        200       4264    5148008     112399   main.o
       508         22         73         76          0       5620   malloc_ext.o
       296         18          1         44          0      34607   mem_slab.o
       424         24          1         72       8280      30432   mempool.o
       420          4          0          0          0      32104   mutex.o
      1700         68          0      11664          0       5723   obj_info.o
         0          0          0          0          0      21163   objcmd.o
      1880        100        580         40          0       7560   pinmux.o
        40          0        102        484          0       3792   pinmux_gm.o
      1600         22          1        780          0      43869   pipes.o
       948          8          8          0          0      42771   poll.o
      5356         60          0          8          0      23645   post_yolo.o
      5784        330         14         68         20      35964   processor.o
         0          0          0          0          0      10796   protocol.o
       656          0          0          0          0      37051   queue.o
        28          8          0          4          0        881   rand32_timer.o
       224          0          0          0          0       6399   sem.o
      2192        696        158       2044        632      17140   shell.o
        20          8          1         36          0        968   shell_service.o
        56          4          1         36          0       2552   soc.o
        26          0          0          0          0       1701   soc_gm6721x.o
       280          6          0          0          0       3877   stack.o
       216         14          0         12         20      11886   storage.o
         0          0         10         36          0        356   sys_clock_init.o
        32         10          1       1060        184      19968   system_work_q.o
      1196         46          1         72          0      35604   uart_console.o
       740         30        147        148        416      10940   uart_gm.o
       102          0          0          0          0       2695   vb_queue.o
        64         64          0          0          0        304   vector_table.o
      1342         44         40        432          0      15044   vin_gm6721x.o
        64          6          0          4          0       6133   weak_fixup.o

    ----------------------------------------------------------------------
     57088       2638      27692      23772    5163504     993549   Object Totals
         0          0        192          0          0          0   (incl. Generated)
        10          0         51          4        108          0   (incl. Padding)

    ----------------------------------------------------------------------

      Code (inc. data)   RO Data    RW Data    ZI Data      Debug   Library Member Name

       728        106        152          0          0        228   atan.o
       368         46         48          0          0        200   cos_i.o
        84         16          0          0          0        372   dunder.o
        24          0          0          0          0        124   fabs.o
        48          0          0          0          0        124   fpclassify.o
       248          0          0          0          0        152   poly.o
      1080        142        200          0          0        188   rred.o
       200         20          0          0          0        164   sin.o
       304         24         40          0          0        208   sin_i.o
       232          0          0          0          0        296   sqrt.o
         8          4        133          0          0         68   ctype_o.o
         0          0          0          0          0          0   entry.o
         0          0          0          0          0          0   entry10a.o
         0          0          0          0          0          0   entry11a.o
         8          4          0          0          0          0   entry2.o
         4          0          0          0          0          0   entry5.o
         0          0          0          0          0          0   entry7b.o
         0          0          0          0          0          0   entry8b.o
         8          4          0          0          0          0   entry9a.o
        12          6          0          4          0         68   errno.o
        30          0          0          0          0          0   handlers.o
        36          8          0          0          0         68   init.o
         0          0          0          0          0          0   iusefp.o
        30          0          0          0          0         68   llshl.o
        36          0          0          0          0         68   llsshr.o
        32          0          0          0          0         68   llushr.o
       188         20          0          0          0        160   malloc.o
        36          0          0          0          0         68   memcpya.o
        36          0          0          0          0        108   memseta.o
         0          0          0          8          0          0   mvars.o
       472         14          0          0          0        184   printf3.o
         0          0          0          4          0          0   stdout.o
        24          0          0          0          0         68   strcat.o
        20          0          0          0          0         68   strchr.o
        28          0          0          0          0         76   strcmp.o
        14          0          0          0          0         68   strlen.o
        30          0          0          0          0         80   strncmp.o
        24          0          0          0          0         76   strncpy.o
        44          0          0          0          0         80   uidiv.o
        98          0          0          0          0         92   uldiv.o
        48          0          0          0          0         68   cdrcmple.o
        56          0          0          0          0         88   d2f.o
       334          0          0          0          0        148   dadd.o
       222          0          0          0          0        100   ddiv.o
       186          0          0          0          0        176   depilogue.o
        62          0          0          0          0         80   dfixi.o
        50          0          0          0          0         76   dfixui.o
        34          0          0          0          0         76   dflti.o
        26          0          0          0          0         76   dfltui.o
       228          0          0          0          0         96   dmul.o
       162          0          0          0          0        100   dsqrt.o
        38          0          0          0          0         68   f2d.o
       110          0          0          0          0        168   fepilogue.o
        44          0          0          0          0         92   ffltl.o
       622          0          0          0          0       7036   atomic_c.o
        40          4          0          0          0        312   cpu_idle.o
         0          0          4          0          0        244   errno.o
        40         10          0          0          0        304   exc_exit.o
       316        194          0          0          0      27087   fatal.o
      1568        778          0          0          0       3832   fault.o
        40          4          0          0          0        300   fault_s.o
      4516         70          0          0          0      15159   gm_hal_clock.o
      1312         70          0          2          0      46864   gm_hal_reset.o
        96          4          0          0          0      26880   idle.o
       680        162          8       7188        336      43774   init.o
        56          8          0          0          0      30557   irq_init.o
       192         14          0          0          0      31569   irq_manage.o
        64         10          0          8          0       1520   irq_offload.o
        20          4          0        960          0       2343   isr_tables.o
        36          6          0          0          0        308   isr_wrapper.o
      1428          0          0          0          0      36553   mempool.o
        12          0          0          0          0        524   nmi.o
         4          0          0          0          0        316   nmi_on_reset.o
       104         12          0         16          0       1709   prep_c.o
      1192         38          0          4          0      30408   printk.o
      2068          0          0          0          0       7418   rb.o
        92          8          0          0       1536        340   reset.o
      3060         56          0          1        296      60887   sched.o
       264          8          0          4          0       5725   stdout_console.o
        68         14          0          0          0       1325   swap.o
       156         16          0          0          0        356   swap_helper.o
       956         20          0         40          0      38672   sys_clock.o
       180        100          0          0          0       5364   sys_fatal_error_handler.o
      1696         44          0          8          0      44017   thread.o
       120          6          0          0          0      21824   thread_1.o
       104         10          0          0          0        927   thread_abort_1.o
        30          0          0          0          0       4708   thread_entry.o
      1336         12          0          0          0      38641   work_q.o

    ----------------------------------------------------------------------
     28656       2124        588       8252       2192     542807   Library Totals
        54         28          3          5         24          0   (incl. Padding)

    ----------------------------------------------------------------------

      Code (inc. data)   RO Data    RW Data    ZI Data      Debug   Library Name

      3316        354        440          0          0       2056   m_wm.l
      1218         60        133         16          0       1536   mc_w.l
      1600          0          0          0          0       1412   mf_w.l
     22468       1682         12       8231       2168     537803   ugelis_core_f6721b.lib

    ----------------------------------------------------------------------
     28656       2124        588       8252       2192     542807   Library Totals

    ----------------------------------------------------------------------

==============================================================================


      Code (inc. data)   RO Data    RW Data    ZI Data      Debug   

     85744       4762      28280      32024    5165696    1520100   Grand Totals
     85744       4762      28280      32024    5165696    1520100   ELF Image Totals
     85744       4762      28280      32024          0          0   ROM Totals

==============================================================================

    Total RO  Size (Code + RO Data)               114024 ( 111.35kB)
    Total RW  Size (RW Data + ZI Data)           5197720 (5075.90kB)
    Total ROM Size (Code + RO Data + RW Data)     146048 ( 142.63kB)

==============================================================================

