<!doctype html public "-//w3c//dtd html 4.0 transitional//en">
<html><head>
<title>Static Call Graph - [.\ugelis_demo.axf]</title></head>
<body><HR>
<H1>Static Call Graph for image .\ugelis_demo.axf</H1><HR>
<BR><P>#&#060CALLGRAPH&#062# ARM Linker, 5060300: Last Updated: Wed May 20 17:15:24 2020
<BR><P>
<H3>Maximum Stack Usage =        368 bytes + Unknown(Functions without stacksize, Cycles, Untraceable Function Pointers)</H3><H3>
Call chain for Maximum Stack Depth:</H3>
work_timeout &rArr; k_work_submit_to_queue &rArr; k_queue_append &rArr; queue_insert &rArr; z_thread_malloc &rArr; k_mem_pool_malloc &rArr; k_mem_pool_alloc &rArr; _pend_current_thread &rArr; pend &rArr; _add_thread_timeout &rArr; _add_timeout &rArr; _handle_one_expired_timeout &rArr; _ready_thread &rArr; _add_thread_to_ready_q &rArr; update_cache &rArr; next_up &rArr; _priq_mq_best &rArr; sys_dlist_peek_head
<P>
<H3>
Functions with no stack information
</H3><UL>
 <LI><a href="#[28e]">fp_register_touch</a>
 <LI><a href="#[9]">__pendsv</a>
 <LI><a href="#[7]">__svc</a>
 <LI><a href="#[b]">_isr_wrapper</a>
 <LI><a href="#[202]">_CpuIdleInit</a>
 <LI><a href="#[299]">k_cpu_idle</a>
 <LI><a href="#[30a]">k_cpu_atomic_idle</a>
 <LI><a href="#[28f]">_SysNmiOnReset</a>
 <LI><a href="#[a8]">_ExcExit</a>
 <LI><a href="#[28c]">_IntExit</a>
 <LI><a href="#[4]">__bus_fault</a>
 <LI><a href="#[8]">__debug_monitor</a>
 <LI><a href="#[2]">__hard_fault</a>
 <LI><a href="#[3]">__mpu_fault</a>
 <LI><a href="#[6]">__reserved</a>
 <LI><a href="#[5]">__usage_fault</a>
 <LI><a href="#[0]">__reset</a>
 <LI><a href="#[312]">__start</a>
</UL>
</UL>
<P>
<H3>
Mutually Recursive functions
</H3> <LI><a href="#[28f]">_SysNmiOnReset</a>&nbsp;&nbsp;&nbsp;&rArr;&nbsp;&nbsp;&nbsp;<a href="#[28f]">_SysNmiOnReset</a><BR>
 <LI><a href="#[27d]">block_free</a>&nbsp;&nbsp;&nbsp;&rArr;&nbsp;&nbsp;&nbsp;<a href="#[27d]">block_free</a><BR>
</UL>
<P>
<H3>
Function Pointers
</H3><UL>
 <LI><a href="#[19]">I2C_RxDMACallback</a> from gm_hal_i2c.o(.text) referenced from gm_hal_i2c.o(.text)
 <LI><a href="#[18]">I2C_TxDMACallback</a> from gm_hal_i2c.o(.text) referenced from gm_hal_i2c.o(.text)
 <LI><a href="#[d]">LCD_isr</a> from main.o(.text) referenced from main.o(.text)
 <LI><a href="#[16]">UART_RxDMACallback</a> from gm_hal_uart.o(.text) referenced from gm_hal_uart.o(.text)
 <LI><a href="#[17]">UART_TxDMACallback</a> from gm_hal_uart.o(.text) referenced from gm_hal_uart.o(.text)
 <LI><a href="#[4]">__bus_fault</a> from fault_s.o(.text.__fault) referenced from vector_table.o(.exc_vector_table._vector_table_section)
 <LI><a href="#[8]">__debug_monitor</a> from fault_s.o(.text.__fault) referenced from vector_table.o(.exc_vector_table._vector_table_section)
 <LI><a href="#[2]">__hard_fault</a> from fault_s.o(.text.__fault) referenced from vector_table.o(.exc_vector_table._vector_table_section)
 <LI><a href="#[3]">__mpu_fault</a> from fault_s.o(.text.__fault) referenced from vector_table.o(.exc_vector_table._vector_table_section)
 <LI><a href="#[1]">__nmi</a> from nmi.o(.text) referenced from vector_table.o(.exc_vector_table._vector_table_section)
 <LI><a href="#[9]">__pendsv</a> from swap_helper.o(.text) referenced from vector_table.o(.exc_vector_table._vector_table_section)
 <LI><a href="#[6]">__reserved</a> from fault_s.o(.text.__fault) referenced 5 times from vector_table.o(.exc_vector_table._vector_table_section)
 <LI><a href="#[0]">__reset</a> from reset.o(.text._reset_section) referenced from vector_table.o(.exc_vector_table._vector_table_section)
 <LI><a href="#[7]">__svc</a> from swap_helper.o(.text) referenced from vector_table.o(.exc_vector_table._vector_table_section)
 <LI><a href="#[5]">__usage_fault</a> from fault_s.o(.text.__fault) referenced from vector_table.o(.exc_vector_table._vector_table_section)
 <LI><a href="#[21]">_do_kernel_oops</a> from fatal.o(.text) referenced from swap_helper.o(.text)
 <LI><a href="#[20]">_irq_do_offload</a> from irq_offload.o(.text) referenced from swap_helper.o(.text)
 <LI><a href="#[61]">_irq_spurious</a> from irq_manage.o(.text) referenced 80 times from isr_tables.o(.data)
 <LI><a href="#[b]">_isr_wrapper</a> from isr_wrapper.o(.text) referenced 80 times from isr_tables.o(.irq_vector_table)
 <LI><a href="#[5f]">_nop_char_out</a> from printk.o(.text) referenced from printk.o(.data)
 <LI><a href="#[60]">_stdout_hook_default</a> from stdout_console.o(.text) referenced from stdout_console.o(.data)
 <LI><a href="#[73]">_sys_clock_driver_init</a> from cortex_m_systick.o(.text) referenced from sys_clock_init.o(.devconfig.init)
 <LI><a href="#[22]">_thread_entry</a> from thread_entry.o(.text) referenced from thread_1.o(.text)
 <LI><a href="#[a]">_timer_int_handler</a> from cortex_m_systick.o(.text) referenced from vector_table.o(.exc_vector_table._vector_table_section)
 <LI><a href="#[1b]">bg_thread_main</a> from init.o(.text) referenced from init.o(.text)
 <LI><a href="#[1e]">char_out</a> from printk.o(.text) referenced from printk.o(.text)
 <LI><a href="#[f]">console_out</a> from uart_console.o(.text) referenced from uart_console.o(.text)
 <LI><a href="#[63]">device_pm_control_nop</a> from device.o(.text) referenced 35 times from soc.o(.devconfig.init)
 <LI><a href="#[62]">gm6721x_init</a> from soc.o(.text) referenced from soc.o(.devconfig.init)
 <LI><a href="#[13]">gm_i2c_hal_rx_callback</a> from camera_interface.o(.text) referenced from camera_interface.o(.text)
 <LI><a href="#[14]">gm_i2c_hal_tx_callback</a> from camera_interface.o(.text) referenced from camera_interface.o(.text)
 <LI><a href="#[7e]">gm_pinmux_pm_control</a> from pinmux.o(.text) referenced from pinmux.o(.devconfig.init)
 <LI><a href="#[65]">gm_uart_pm_control</a> from uart_gm.o(.text) referenced 4 times from uart_gm.o(.devconfig.init)
 <LI><a href="#[67]">gpio_gm_a_init</a> from gpio_gm.o(.text) referenced from gpio_gm.o(.devconfig.init)
 <LI><a href="#[68]">gpio_gm_b_init</a> from gpio_gm.o(.text) referenced from gpio_gm.o(.devconfig.init)
 <LI><a href="#[69]">gpio_gm_c_init</a> from gpio_gm.o(.text) referenced from gpio_gm.o(.devconfig.init)
 <LI><a href="#[35]">gpio_gm_config</a> from gpio_gm.o(.text) referenced from gpio_gm.o(.constdata)
 <LI><a href="#[6a]">gpio_gm_d_init</a> from gpio_gm.o(.text) referenced from gpio_gm.o(.devconfig.init)
 <LI><a href="#[3a]">gpio_gm_disable_callback</a> from gpio_gm.o(.text) referenced from gpio_gm.o(.constdata)
 <LI><a href="#[6b]">gpio_gm_e_init</a> from gpio_gm.o(.text) referenced from gpio_gm.o(.devconfig.init)
 <LI><a href="#[39]">gpio_gm_enable_callback</a> from gpio_gm.o(.text) referenced from gpio_gm.o(.constdata)
 <LI><a href="#[6c]">gpio_gm_f_init</a> from gpio_gm.o(.text) referenced from gpio_gm.o(.devconfig.init)
 <LI><a href="#[6d]">gpio_gm_g_init</a> from gpio_gm.o(.text) referenced from gpio_gm.o(.devconfig.init)
 <LI><a href="#[6e]">gpio_gm_h_init</a> from gpio_gm.o(.text) referenced from gpio_gm.o(.devconfig.init)
 <LI><a href="#[6f]">gpio_gm_i_init</a> from gpio_gm.o(.text) referenced from gpio_gm.o(.devconfig.init)
 <LI><a href="#[70]">gpio_gm_j_init</a> from gpio_gm.o(.text) referenced from gpio_gm.o(.devconfig.init)
 <LI><a href="#[71]">gpio_gm_k_init</a> from gpio_gm.o(.text) referenced from gpio_gm.o(.devconfig.init)
 <LI><a href="#[38]">gpio_gm_manage_callback</a> from gpio_gm.o(.text) referenced from gpio_gm.o(.constdata)
 <LI><a href="#[10]">gpio_gm_port_isr</a> from gpio_gm.o(.text) referenced from gpio_gm.o(.text)
 <LI><a href="#[37]">gpio_gm_read</a> from gpio_gm.o(.text) referenced from gpio_gm.o(.constdata)
 <LI><a href="#[36]">gpio_gm_write</a> from gpio_gm.o(.text) referenced from gpio_gm.o(.constdata)
 <LI><a href="#[5d]">i2cMasterCallback</a> from camera_interface.o(.text) referenced from camera_interface.o(.data)
 <LI><a href="#[5e]">i2cSlvCallback</a> from camera_interface.o(.text) referenced 2 times from camera_interface.o(.data)
 <LI><a href="#[57]">i2c_gm_config_func_0</a> from camera_interface.o(.text) referenced from camera_interface.o(.constdata)
 <LI><a href="#[58]">i2c_gm_config_func_2</a> from camera_interface.o(.text) referenced from camera_interface.o(.constdata)
 <LI><a href="#[55]">i2c_gm_configure</a> from camera_interface.o(.text) referenced from camera_interface.o(.constdata)
 <LI><a href="#[76]">i2c_gm_init</a> from camera_interface.o(.text) referenced 2 times from camera_interface.o(.devconfig.init)
 <LI><a href="#[15]">i2c_gm_isr</a> from camera_interface.o(.text) referenced from camera_interface.o(.text)
 <LI><a href="#[56]">i2c_gm_transfer</a> from camera_interface.o(.text) referenced from camera_interface.o(.constdata)
 <LI><a href="#[1a]">idle</a> from idle.o(.text) referenced from init.o(.text)
 <LI><a href="#[78]">init_mbox_module</a> from mailbox.o(.text) referenced from mailbox.o(.devconfig.init)
 <LI><a href="#[79]">init_mem_slab_module</a> from mem_slab.o(.text) referenced from mem_slab.o(.devconfig.init)
 <LI><a href="#[7b]">init_pipes_module</a> from pipes.o(.text) referenced from pipes.o(.devconfig.init)
 <LI><a href="#[7a]">init_static_pools</a> from mempool.o(.text) referenced from mempool.o(.devconfig.init)
 <LI><a href="#[7c]">k_sys_work_q_init</a> from system_work_q.o(.text) referenced from system_work_q.o(.devconfig.init)
 <LI><a href="#[c]">main</a> from main.o(.text) referenced from entry9a.o(.ARM.Collect$$$$0000000B)
 <LI><a href="#[5b]">ov5640_get_fmt</a> from camera_interface.o(.text) referenced from camera_interface.o(.constdata)
 <LI><a href="#[77]">ov5640_init</a> from camera_interface.o(.text) referenced from camera_interface.o(.devconfig.init)
 <LI><a href="#[5c]">ov5640_s_ctrl</a> from camera_interface.o(.text) referenced from camera_interface.o(.constdata)
 <LI><a href="#[5a]">ov5640_set_fmt</a> from camera_interface.o(.text) referenced from camera_interface.o(.constdata)
 <LI><a href="#[59]">ov5640_set_power</a> from camera_interface.o(.text) referenced from camera_interface.o(.constdata)
 <LI><a href="#[3c]">pinmux_gm_get</a> from pinmux_gm.o(.text) referenced from pinmux_gm.o(.constdata)
 <LI><a href="#[72]">pinmux_gm_init</a> from pinmux_gm.o(.text) referenced 11 times from pinmux_gm.o(.devconfig.init)
 <LI><a href="#[7d]">pinmux_gm_initialize</a> from pinmux.o(.text) referenced from pinmux.o(.devconfig.init)
 <LI><a href="#[3e]">pinmux_gm_input</a> from pinmux_gm.o(.text) referenced from pinmux_gm.o(.constdata)
 <LI><a href="#[3d]">pinmux_gm_pullup</a> from pinmux_gm.o(.text) referenced from pinmux_gm.o(.constdata)
 <LI><a href="#[3b]">pinmux_gm_set</a> from pinmux_gm.o(.text) referenced from pinmux_gm.o(.constdata)
 <LI><a href="#[1f]">str_out</a> from printk.o(.text) referenced from printk.o(.text)
 <LI><a href="#[66]">uart_console_init</a> from uart_console.o(.text) referenced from uart_console.o(.devconfig.init)
 <LI><a href="#[26]">uart_gm_err_check</a> from uart_gm.o(.text) referenced from uart_gm.o(.constdata)
 <LI><a href="#[27]">uart_gm_fifo_fill</a> from uart_gm.o(.text) referenced from uart_gm.o(.constdata)
 <LI><a href="#[28]">uart_gm_fifo_read</a> from uart_gm.o(.text) referenced from uart_gm.o(.constdata)
 <LI><a href="#[64]">uart_gm_init</a> from uart_gm.o(.text) referenced 4 times from uart_gm.o(.devconfig.init)
 <LI><a href="#[34]">uart_gm_irq_callback_set</a> from uart_gm.o(.text) referenced from uart_gm.o(.constdata)
 <LI><a href="#[23]">uart_gm_irq_config</a> from uart_gm.o(.text) referenced 4 times from uart_gm.o(.constdata)
 <LI><a href="#[31]">uart_gm_irq_err_disable</a> from uart_gm.o(.text) referenced from uart_gm.o(.constdata)
 <LI><a href="#[30]">uart_gm_irq_err_enable</a> from uart_gm.o(.text) referenced from uart_gm.o(.constdata)
 <LI><a href="#[32]">uart_gm_irq_is_pending</a> from uart_gm.o(.text) referenced from uart_gm.o(.constdata)
 <LI><a href="#[2d]">uart_gm_irq_rx_disable</a> from uart_gm.o(.text) referenced from uart_gm.o(.constdata)
 <LI><a href="#[2c]">uart_gm_irq_rx_enable</a> from uart_gm.o(.text) referenced from uart_gm.o(.constdata)
 <LI><a href="#[2f]">uart_gm_irq_rx_ready</a> from uart_gm.o(.text) referenced from uart_gm.o(.constdata)
 <LI><a href="#[2e]">uart_gm_irq_tx_complete</a> from uart_gm.o(.text) referenced from uart_gm.o(.constdata)
 <LI><a href="#[2a]">uart_gm_irq_tx_disable</a> from uart_gm.o(.text) referenced from uart_gm.o(.constdata)
 <LI><a href="#[29]">uart_gm_irq_tx_enable</a> from uart_gm.o(.text) referenced from uart_gm.o(.constdata)
 <LI><a href="#[2b]">uart_gm_irq_tx_ready</a> from uart_gm.o(.text) referenced from uart_gm.o(.constdata)
 <LI><a href="#[33]">uart_gm_irq_update</a> from uart_gm.o(.text) referenced from uart_gm.o(.constdata)
 <LI><a href="#[e]">uart_gm_isr</a> from uart_gm.o(.text) referenced from uart_gm.o(.text)
 <LI><a href="#[24]">uart_gm_poll_in</a> from uart_gm.o(.text) referenced from uart_gm.o(.constdata)
 <LI><a href="#[25]">uart_gm_poll_out</a> from uart_gm.o(.text) referenced from uart_gm.o(.constdata)
 <LI><a href="#[45]">vin_gm6721x_config_func</a> from vin_gm6721x.o(.text) referenced from vin_gm6721x.o(.constdata)
 <LI><a href="#[42]">vin_gm6721x_get_fmt_vid_cap</a> from vin_gm6721x.o(.text) referenced from vin_gm6721x.o(.constdata)
 <LI><a href="#[74]">vin_gm6721x_init</a> from vin_gm6721x.o(.text) referenced from vin_gm6721x.o(.devconfig.init)
 <LI><a href="#[43]">vin_gm6721x_ioctl</a> from vin_gm6721x.o(.text) referenced from vin_gm6721x.o(.constdata)
 <LI><a href="#[44]">vin_gm6721x_irq_callback_set</a> from vin_gm6721x.o(.text) referenced from vin_gm6721x.o(.constdata)
 <LI><a href="#[11]">vin_gm6721x_isr</a> from vin_gm6721x.o(.text) referenced from vin_gm6721x.o(.text)
 <LI><a href="#[41]">vin_gm6721x_set_fmt_vid_cap</a> from vin_gm6721x.o(.text) referenced from vin_gm6721x.o(.constdata)
 <LI><a href="#[3f]">vin_gm6721x_start_streaming</a> from vin_gm6721x.o(.text) referenced from vin_gm6721x.o(.constdata)
 <LI><a href="#[40]">vin_gm6721x_stop_streaming</a> from vin_gm6721x.o(.text) referenced from vin_gm6721x.o(.constdata)
 <LI><a href="#[4b]">vout_gm6721x_alpha_blendingbulk</a> from display_gm6721x.o(.text) referenced from display_gm6721x.o(.constdata)
 <LI><a href="#[54]">vout_gm6721x_config_func</a> from display_gm6721x.o(.text) referenced from display_gm6721x.o(.constdata)
 <LI><a href="#[4d]">vout_gm6721x_convert_color</a> from display_gm6721x.o(.text) referenced from display_gm6721x.o(.constdata)
 <LI><a href="#[49]">vout_gm6721x_copy_area</a> from display_gm6721x.o(.text) referenced from display_gm6721x.o(.constdata)
 <LI><a href="#[4f]">vout_gm6721x_draw_bitmapl8</a> from display_gm6721x.o(.text) referenced from display_gm6721x.o(.constdata)
 <LI><a href="#[48]">vout_gm6721x_fill_rect</a> from display_gm6721x.o(.text) referenced from display_gm6721x.o(.constdata)
 <LI><a href="#[46]">vout_gm6721x_get_displayinfo</a> from display_gm6721x.o(.text) referenced from display_gm6721x.o(.constdata)
 <LI><a href="#[75]">vout_gm6721x_init</a> from display_gm6721x.o(.text) referenced from display_gm6721x.o(.devconfig.init)
 <LI><a href="#[47]">vout_gm6721x_ioctl</a> from display_gm6721x.o(.text) referenced from display_gm6721x.o(.constdata)
 <LI><a href="#[53]">vout_gm6721x_irq_callback_set</a> from display_gm6721x.o(.text) referenced from display_gm6721x.o(.constdata)
 <LI><a href="#[52]">vout_gm6721x_irq_line_disable</a> from display_gm6721x.o(.text) referenced from display_gm6721x.o(.constdata)
 <LI><a href="#[51]">vout_gm6721x_irq_line_enable</a> from display_gm6721x.o(.text) referenced from display_gm6721x.o(.constdata)
 <LI><a href="#[12]">vout_gm6721x_isr</a> from display_gm6721x.o(.text) referenced from display_gm6721x.o(.text)
 <LI><a href="#[4a]">vout_gm6721x_load_clut</a> from display_gm6721x.o(.text) referenced from display_gm6721x.o(.constdata)
 <LI><a href="#[4c]">vout_gm6721x_mix_colors</a> from display_gm6721x.o(.text) referenced from display_gm6721x.o(.constdata)
 <LI><a href="#[4e]">vout_gm6721x_mix_colorsbulk</a> from display_gm6721x.o(.text) referenced from display_gm6721x.o(.constdata)
 <LI><a href="#[50]">vout_gm6721x_scaler</a> from display_gm6721x.o(.text) referenced from display_gm6721x.o(.constdata)
 <LI><a href="#[1c]">work_q_main</a> from work_q.o(.text) referenced from work_q.o(.text)
 <LI><a href="#[1d]">work_timeout</a> from work_q.o(.text) referenced from work_q.o(.text)
</UL>
<P>
<H3>
Global Symbols
</H3>
<P><STRONG><a name="[7f]"></a>__main</STRONG> (Thumb, 0 bytes, Stack size unknown bytes, entry.o(.ARM.Collect$$$$00000000))

<P><STRONG><a name="[2c3]"></a>_main_stk</STRONG> (Thumb, 0 bytes, Stack size unknown bytes, entry2.o(.ARM.Collect$$$$00000001))

<P><STRONG><a name="[80]"></a>_main_scatterload</STRONG> (Thumb, 0 bytes, Stack size unknown bytes, entry5.o(.ARM.Collect$$$$00000004))
<BR><BR>[Calls]<UL><LI><a href="#[81]">&gt;&gt;</a>&nbsp;&nbsp;&nbsp;__scatterload
</UL>

<P><STRONG><a name="[2c1]"></a>__main_after_scatterload</STRONG> (Thumb, 0 bytes, Stack size unknown bytes, entry5.o(.ARM.Collect$$$$00000004))
<BR><BR>[Called By]<UL><LI><a href="#[81]">&gt;&gt;</a>&nbsp;&nbsp;&nbsp;__scatterload
</UL>

<P><STRONG><a name="[2c4]"></a>_main_clock</STRONG> (Thumb, 0 bytes, Stack size unknown bytes, entry7b.o(.ARM.Collect$$$$00000008))

<P><STRONG><a name="[2c5]"></a>_main_cpp_init</STRONG> (Thumb, 0 bytes, Stack size unknown bytes, entry8b.o(.ARM.Collect$$$$0000000A))

<P><STRONG><a name="[2c6]"></a>_main_init</STRONG> (Thumb, 0 bytes, Stack size unknown bytes, entry9a.o(.ARM.Collect$$$$0000000B))

<P><STRONG><a name="[2c7]"></a>__rt_final_cpp</STRONG> (Thumb, 0 bytes, Stack size unknown bytes, entry10a.o(.ARM.Collect$$$$0000000D))

<P><STRONG><a name="[2c8]"></a>__rt_final_exit</STRONG> (Thumb, 0 bytes, Stack size unknown bytes, entry11a.o(.ARM.Collect$$$$0000000F))

<P><STRONG><a name="[e1]"></a>__asm___17_display_gm6721x_c__fast_floorf_in</STRONG> (Thumb, 10 bytes, Stack size 0 bytes, display_gm6721x.o(.emb_text))
<BR><BR>[Called By]<UL><LI><a href="#[e0]">&gt;&gt;</a>&nbsp;&nbsp;&nbsp;fast_floorf
</UL>

<P><STRONG><a name="[e3]"></a>__asm___17_display_gm6721x_c__fast_roundf_in</STRONG> (Thumb, 10 bytes, Stack size 0 bytes, display_gm6721x.o(.emb_text))
<BR><BR>[Called By]<UL><LI><a href="#[e2]">&gt;&gt;</a>&nbsp;&nbsp;&nbsp;fast_roundf
</UL>

<P><STRONG><a name="[85]"></a>lcd_config</STRONG> (Thumb, 298 bytes, Stack size 64 bytes, main.o(.text))
<BR><BR>[Stack]<UL><LI>Max Depth = 104<LI>Call Chain = lcd_config &rArr; fb_ioctl
</UL>
<BR>[Calls]<UL><LI><a href="#[86]">&gt;&gt;</a>&nbsp;&nbsp;&nbsp;device_get_binding
<LI><a href="#[83]">&gt;&gt;</a>&nbsp;&nbsp;&nbsp;fb_ioctl
</UL>
<BR>[Called By]<UL><LI><a href="#[c]">&gt;&gt;</a>&nbsp;&nbsp;&nbsp;main
</UL>

<P><STRONG><a name="[87]"></a>camera_config</STRONG> (Thumb, 484 bytes, Stack size 112 bytes, main.o(.text))
<BR><BR>[Stack]<UL><LI>Max Depth = 144<LI>Call Chain = camera_config &rArr; camera_ioctl
</UL>
<BR>[Calls]<UL><LI><a href="#[86]">&gt;&gt;</a>&nbsp;&nbsp;&nbsp;device_get_binding
<LI><a href="#[88]">&gt;&gt;</a>&nbsp;&nbsp;&nbsp;camera_ioctl
<LI><a href="#[82]">&gt;&gt;</a>&nbsp;&nbsp;&nbsp;dcmi_ioctl
</UL>
<BR>[Called By]<UL><LI><a href="#[c]">&gt;&gt;</a>&nbsp;&nbsp;&nbsp;main
</UL>

<P><STRONG><a name="[c]"></a>main</STRONG> (Thumb, 62 bytes, Stack size 8 bytes, main.o(.text))
<BR><BR>[Stack]<UL><LI>Max Depth = 184<LI>Call Chain = main &rArr; printk &rArr; vprintk &rArr; _vprintk &rArr; _printk_dec_ulong
</UL>
<BR>[Calls]<UL><LI><a href="#[89]">&gt;&gt;</a>&nbsp;&nbsp;&nbsp;printk
<LI><a href="#[87]">&gt;&gt;</a>&nbsp;&nbsp;&nbsp;camera_config
<LI><a href="#[85]">&gt;&gt;</a>&nbsp;&nbsp;&nbsp;lcd_config
<LI><a href="#[88]">&gt;&gt;</a>&nbsp;&nbsp;&nbsp;camera_ioctl
</UL>
<BR>[Called By]<UL><LI><a href="#[1b]">&gt;&gt;</a>&nbsp;&nbsp;&nbsp;bg_thread_main
</UL>
<BR>[Address Reference Count : 1]<UL><LI> entry9a.o(.ARM.Collect$$$$0000000B)
</UL>
<P><STRONG><a name="[8a]"></a>SystemInit</STRONG> (Thumb, 8 bytes, Stack size 8 bytes, soc_gm6721x.o(.text))
<BR><BR>[Stack]<UL><LI>Max Depth = 36<LI>Call Chain = SystemInit &rArr; sysClkInit &rArr; HAL_CLOCK_SYSCLKConfig &rArr; HAL_CLOCK_AdjustPLLKDPDefaultDiv
</UL>
<BR>[Calls]<UL><LI><a href="#[8b]">&gt;&gt;</a>&nbsp;&nbsp;&nbsp;sysClkInit
</UL>
<BR>[Called By]<UL><LI><a href="#[62]">&gt;&gt;</a>&nbsp;&nbsp;&nbsp;gm6721x_init
</UL>

<P><STRONG><a name="[90]"></a>HAL_IrqUnlock</STRONG> (Thumb, 2 bytes, Stack size 0 bytes, gm_common.o(.text))
<BR><BR>[Called By]<UL><LI><a href="#[92]">&gt;&gt;</a>&nbsp;&nbsp;&nbsp;HAL_UnLock
<LI><a href="#[91]">&gt;&gt;</a>&nbsp;&nbsp;&nbsp;HAL_TryLock
<LI><a href="#[8e]">&gt;&gt;</a>&nbsp;&nbsp;&nbsp;HAL_LockInit
</UL>

<P><STRONG><a name="[8f]"></a>HAL_IrqLock</STRONG> (Thumb, 2 bytes, Stack size 0 bytes, gm_common.o(.text))
<BR><BR>[Called By]<UL><LI><a href="#[92]">&gt;&gt;</a>&nbsp;&nbsp;&nbsp;HAL_UnLock
<LI><a href="#[91]">&gt;&gt;</a>&nbsp;&nbsp;&nbsp;HAL_TryLock
<LI><a href="#[8e]">&gt;&gt;</a>&nbsp;&nbsp;&nbsp;HAL_LockInit
</UL>

<P><STRONG><a name="[8e]"></a>HAL_LockInit</STRONG> (Thumb, 18 bytes, Stack size 8 bytes, gm_common.o(.text))
<BR><BR>[Stack]<UL><LI>Max Depth = 8<LI>Call Chain = HAL_LockInit
</UL>
<BR>[Calls]<UL><LI><a href="#[8f]">&gt;&gt;</a>&nbsp;&nbsp;&nbsp;HAL_IrqLock
<LI><a href="#[90]">&gt;&gt;</a>&nbsp;&nbsp;&nbsp;HAL_IrqUnlock
</UL>
<BR>[Called By]<UL><LI><a href="#[93]">&gt;&gt;</a>&nbsp;&nbsp;&nbsp;HAL_UART_Init
</UL>

<P><STRONG><a name="[91]"></a>HAL_TryLock</STRONG> (Thumb, 34 bytes, Stack size 16 bytes, gm_common.o(.text))
<BR><BR>[Stack]<UL><LI>Max Depth = 16<LI>Call Chain = HAL_TryLock
</UL>
<BR>[Calls]<UL><LI><a href="#[8f]">&gt;&gt;</a>&nbsp;&nbsp;&nbsp;HAL_IrqLock
<LI><a href="#[90]">&gt;&gt;</a>&nbsp;&nbsp;&nbsp;HAL_IrqUnlock
</UL>
<BR>[Called By]<UL><LI><a href="#[13a]">&gt;&gt;</a>&nbsp;&nbsp;&nbsp;HAL_UART_GetTransferStatus
<LI><a href="#[138]">&gt;&gt;</a>&nbsp;&nbsp;&nbsp;HAL_UART_Receive
<LI><a href="#[134]">&gt;&gt;</a>&nbsp;&nbsp;&nbsp;HAL_UART_Transmit
<LI><a href="#[128]">&gt;&gt;</a>&nbsp;&nbsp;&nbsp;HAL_UART_TransferConfig
<LI><a href="#[c9]">&gt;&gt;</a>&nbsp;&nbsp;&nbsp;HAL_Reset_Module
<LI><a href="#[1e3]">&gt;&gt;</a>&nbsp;&nbsp;&nbsp;HAL_Reset_ClearRestCause
</UL>

<P><STRONG><a name="[92]"></a>HAL_UnLock</STRONG> (Thumb, 18 bytes, Stack size 8 bytes, gm_common.o(.text))
<BR><BR>[Stack]<UL><LI>Max Depth = 8<LI>Call Chain = HAL_UnLock
</UL>
<BR>[Calls]<UL><LI><a href="#[8f]">&gt;&gt;</a>&nbsp;&nbsp;&nbsp;HAL_IrqLock
<LI><a href="#[90]">&gt;&gt;</a>&nbsp;&nbsp;&nbsp;HAL_IrqUnlock
</UL>
<BR>[Called By]<UL><LI><a href="#[13a]">&gt;&gt;</a>&nbsp;&nbsp;&nbsp;HAL_UART_GetTransferStatus
<LI><a href="#[138]">&gt;&gt;</a>&nbsp;&nbsp;&nbsp;HAL_UART_Receive
<LI><a href="#[134]">&gt;&gt;</a>&nbsp;&nbsp;&nbsp;HAL_UART_Transmit
<LI><a href="#[128]">&gt;&gt;</a>&nbsp;&nbsp;&nbsp;HAL_UART_TransferConfig
<LI><a href="#[c9]">&gt;&gt;</a>&nbsp;&nbsp;&nbsp;HAL_Reset_Module
<LI><a href="#[1e3]">&gt;&gt;</a>&nbsp;&nbsp;&nbsp;HAL_Reset_ClearRestCause
</UL>

<P><STRONG><a name="[2c9]"></a>HAL_GetTick</STRONG> (Thumb, 4 bytes, Stack size 0 bytes, gm_common.o(.text), UNUSED)

<P><STRONG><a name="[2ca]"></a>HAL_DelayMs</STRONG> (Thumb, 2 bytes, Stack size 0 bytes, gm_common.o(.text), UNUSED)

<P><STRONG><a name="[158]"></a>HAL_DelayUs</STRONG> (Thumb, 2 bytes, Stack size 0 bytes, gm_common.o(.text))
<BR><BR>[Called By]<UL><LI><a href="#[157]">&gt;&gt;</a>&nbsp;&nbsp;&nbsp;i2c_WaitTillTimeout
</UL>

<P><STRONG><a name="[291]"></a>HAL_DisableIrq</STRONG> (Thumb, 2 bytes, Stack size 0 bytes, gm_common.o(.text))
<BR><BR>[Called By]<UL><LI><a href="#[297]">&gt;&gt;</a>&nbsp;&nbsp;&nbsp;HAL_DCACHE_InvalidLine
<LI><a href="#[290]">&gt;&gt;</a>&nbsp;&nbsp;&nbsp;HAL_ICACHE_Enable
<LI><a href="#[293]">&gt;&gt;</a>&nbsp;&nbsp;&nbsp;HAL_ICACHE_Disable
<LI><a href="#[296]">&gt;&gt;</a>&nbsp;&nbsp;&nbsp;HAL_DCACHE_InvalidAll
<LI><a href="#[294]">&gt;&gt;</a>&nbsp;&nbsp;&nbsp;HAL_DCACHE_Enable
<LI><a href="#[295]">&gt;&gt;</a>&nbsp;&nbsp;&nbsp;HAL_DCACHE_Disable
</UL>

<P><STRONG><a name="[292]"></a>HAL_EnableIrq</STRONG> (Thumb, 2 bytes, Stack size 0 bytes, gm_common.o(.text))
<BR><BR>[Called By]<UL><LI><a href="#[297]">&gt;&gt;</a>&nbsp;&nbsp;&nbsp;HAL_DCACHE_InvalidLine
<LI><a href="#[290]">&gt;&gt;</a>&nbsp;&nbsp;&nbsp;HAL_ICACHE_Enable
<LI><a href="#[293]">&gt;&gt;</a>&nbsp;&nbsp;&nbsp;HAL_ICACHE_Disable
<LI><a href="#[296]">&gt;&gt;</a>&nbsp;&nbsp;&nbsp;HAL_DCACHE_InvalidAll
<LI><a href="#[294]">&gt;&gt;</a>&nbsp;&nbsp;&nbsp;HAL_DCACHE_Enable
<LI><a href="#[295]">&gt;&gt;</a>&nbsp;&nbsp;&nbsp;HAL_DCACHE_Disable
</UL>

<P><STRONG><a name="[a]"></a>_timer_int_handler</STRONG> (Thumb, 32 bytes, Stack size 8 bytes, cortex_m_systick.o(.text))
<BR><BR>[Stack]<UL><LI>Max Depth = 168 + Unknown Stack Size
<LI>Call Chain = _timer_int_handler &rArr; _nano_sys_clock_tick_announce &rArr; handle_timeouts &rArr; _handle_expired_timeouts &rArr; _handle_one_expired_timeout &rArr; _add_thread_to_ready_q &rArr; update_cache &rArr; next_up &rArr; _priq_mq_best &rArr; sys_dlist_peek_head
</UL>
<BR>[Calls]<UL><LI><a href="#[a7]">&gt;&gt;</a>&nbsp;&nbsp;&nbsp;_nano_sys_clock_tick_announce
<LI><a href="#[a8]">&gt;&gt;</a>&nbsp;&nbsp;&nbsp;_ExcExit
</UL>
<BR>[Address Reference Count : 1]<UL><LI> vector_table.o(.exc_vector_table._vector_table_section)
</UL>
<P><STRONG><a name="[73]"></a>_sys_clock_driver_init</STRONG> (Thumb, 82 bytes, Stack size 16 bytes, cortex_m_systick.o(.text))
<BR><BR>[Stack]<UL><LI>Max Depth = 16<LI>Call Chain = _sys_clock_driver_init
</UL>
<BR>[Address Reference Count : 1]<UL><LI> sys_clock_init.o(.devconfig.init)
</UL>
<P><STRONG><a name="[24c]"></a>_timer_cycle_get_32</STRONG> (Thumb, 32 bytes, Stack size 0 bytes, cortex_m_systick.o(.text))
<BR><BR>[Called By]<UL><LI><a href="#[1fd]">&gt;&gt;</a>&nbsp;&nbsp;&nbsp;sys_rand32_get
<LI><a href="#[1f4]">&gt;&gt;</a>&nbsp;&nbsp;&nbsp;k_busy_wait
</UL>

<P><STRONG><a name="[aa]"></a>uart_console_hook_install</STRONG> (Thumb, 16 bytes, Stack size 8 bytes, uart_console.o(.text))
<BR><BR>[Stack]<UL><LI>Max Depth = 8<LI>Call Chain = uart_console_hook_install
</UL>
<BR>[Calls]<UL><LI><a href="#[ab]">&gt;&gt;</a>&nbsp;&nbsp;&nbsp;__stdout_hook_install
<LI><a href="#[ac]">&gt;&gt;</a>&nbsp;&nbsp;&nbsp;__printk_hook_install
</UL>
<BR>[Called By]<UL><LI><a href="#[66]">&gt;&gt;</a>&nbsp;&nbsp;&nbsp;uart_console_init
</UL>

<P><STRONG><a name="[cb]"></a>vb_queue_init</STRONG> (Thumb, 10 bytes, Stack size 0 bytes, vb_queue.o(.text))
<BR><BR>[Called By]<UL><LI><a href="#[40]">&gt;&gt;</a>&nbsp;&nbsp;&nbsp;vin_gm6721x_stop_streaming
<LI><a href="#[3f]">&gt;&gt;</a>&nbsp;&nbsp;&nbsp;vin_gm6721x_start_streaming
<LI><a href="#[74]">&gt;&gt;</a>&nbsp;&nbsp;&nbsp;vin_gm6721x_init
</UL>

<P><STRONG><a name="[c3]"></a>vb_qbuf</STRONG> (Thumb, 46 bytes, Stack size 8 bytes, vb_queue.o(.text))
<BR><BR>[Stack]<UL><LI>Max Depth = 8<LI>Call Chain = vb_qbuf
</UL>
<BR>[Called By]<UL><LI><a href="#[11]">&gt;&gt;</a>&nbsp;&nbsp;&nbsp;vin_gm6721x_isr
</UL>

<P><STRONG><a name="[de]"></a>vb_reqbuf</STRONG> (Thumb, 22 bytes, Stack size 0 bytes, vb_queue.o(.text))
<BR><BR>[Called By]<UL><LI><a href="#[da]">&gt;&gt;</a>&nbsp;&nbsp;&nbsp;vin_gm6721x_dequeue_buf
</UL>

<P><STRONG><a name="[df]"></a>vb_dqbuf</STRONG> (Thumb, 36 bytes, Stack size 0 bytes, vb_queue.o(.text))
<BR><BR>[Called By]<UL><LI><a href="#[da]">&gt;&gt;</a>&nbsp;&nbsp;&nbsp;vin_gm6721x_dequeue_buf
</UL>

<P><STRONG><a name="[101]"></a>set_flag_tx</STRONG> (Thumb, 10 bytes, Stack size 0 bytes, camera_interface.o(.text))
<BR><BR>[Called By]<UL><LI><a href="#[5d]">&gt;&gt;</a>&nbsp;&nbsp;&nbsp;i2cMasterCallback
</UL>

<P><STRONG><a name="[5d]"></a>i2cMasterCallback</STRONG> (Thumb, 16 bytes, Stack size 12 bytes, camera_interface.o(.text))
<BR><BR>[Stack]<UL><LI>Max Depth = 12<LI>Call Chain = i2cMasterCallback
</UL>
<BR>[Calls]<UL><LI><a href="#[101]">&gt;&gt;</a>&nbsp;&nbsp;&nbsp;set_flag_tx
</UL>
<BR>[Address Reference Count : 1]<UL><LI> camera_interface.o(.data)
</UL>
<P><STRONG><a name="[102]"></a>set_flag_rx</STRONG> (Thumb, 10 bytes, Stack size 0 bytes, camera_interface.o(.text))
<BR><BR>[Called By]<UL><LI><a href="#[5e]">&gt;&gt;</a>&nbsp;&nbsp;&nbsp;i2cSlvCallback
</UL>

<P><STRONG><a name="[5e]"></a>i2cSlvCallback</STRONG> (Thumb, 16 bytes, Stack size 12 bytes, camera_interface.o(.text))
<BR><BR>[Stack]<UL><LI>Max Depth = 12<LI>Call Chain = i2cSlvCallback
</UL>
<BR>[Calls]<UL><LI><a href="#[102]">&gt;&gt;</a>&nbsp;&nbsp;&nbsp;set_flag_rx
</UL>
<BR>[Address Reference Count : 1]<UL><LI> camera_interface.o(.data)
</UL>
<P><STRONG><a name="[121]"></a>HAL_DMA_IRQHandler</STRONG> (Thumb, 10 bytes, Stack size 8 bytes, gm_hal_dma.o(.text), UNUSED)
<BR><BR>[Calls]<UL><LI><a href="#[122]">&gt;&gt;</a>&nbsp;&nbsp;&nbsp;DMA_CommonIRQHandler
</UL>

<P><STRONG><a name="[133]"></a>HAL_DMA_Request_Channel</STRONG> (Thumb, 138 bytes, Stack size 20 bytes, gm_hal_dma.o(.text))
<BR><BR>[Stack]<UL><LI>Max Depth = 20<LI>Call Chain = HAL_DMA_Request_Channel
</UL>
<BR>[Called By]<UL><LI><a href="#[132]">&gt;&gt;</a>&nbsp;&nbsp;&nbsp;UART_DMAConfig
<LI><a href="#[15d]">&gt;&gt;</a>&nbsp;&nbsp;&nbsp;I2C_DMAConfig
</UL>

<P><STRONG><a name="[123]"></a>HAL_DMA_Init</STRONG> (Thumb, 764 bytes, Stack size 24 bytes, gm_hal_dma.o(.text))
<BR><BR>[Stack]<UL><LI>Max Depth = 56<LI>Call Chain = HAL_DMA_Init &rArr; HAL_Reset_Module &rArr; HAL_TryLock
</UL>
<BR>[Calls]<UL><LI><a href="#[125]">&gt;&gt;</a>&nbsp;&nbsp;&nbsp;DMA_InitHandle
<LI><a href="#[124]">&gt;&gt;</a>&nbsp;&nbsp;&nbsp;HAL_DMA_HostIrqConfig
<LI><a href="#[c9]">&gt;&gt;</a>&nbsp;&nbsp;&nbsp;HAL_Reset_Module
<LI><a href="#[c8]">&gt;&gt;</a>&nbsp;&nbsp;&nbsp;HAL_CLOCK_PeripheralClockEnable0
</UL>
<BR>[Called By]<UL><LI><a href="#[132]">&gt;&gt;</a>&nbsp;&nbsp;&nbsp;UART_DMAConfig
<LI><a href="#[15d]">&gt;&gt;</a>&nbsp;&nbsp;&nbsp;I2C_DMAConfig
</UL>

<P><STRONG><a name="[126]"></a>HAL_DMA_Abort</STRONG> (Thumb, 104 bytes, Stack size 16 bytes, gm_hal_dma.o(.text))
<BR><BR>[Stack]<UL><LI>Max Depth = 16<LI>Call Chain = HAL_DMA_Abort
</UL>
<BR>[Calls]<UL><LI><a href="#[e7]">&gt;&gt;</a>&nbsp;&nbsp;&nbsp;__aeabi_memclr4
</UL>
<BR>[Called By]<UL><LI><a href="#[16]">&gt;&gt;</a>&nbsp;&nbsp;&nbsp;UART_RxDMACallback
<LI><a href="#[17]">&gt;&gt;</a>&nbsp;&nbsp;&nbsp;UART_TxDMACallback
<LI><a href="#[160]">&gt;&gt;</a>&nbsp;&nbsp;&nbsp;Wait_tillDMACompletes
<LI><a href="#[19]">&gt;&gt;</a>&nbsp;&nbsp;&nbsp;I2C_RxDMACallback
<LI><a href="#[18]">&gt;&gt;</a>&nbsp;&nbsp;&nbsp;I2C_TxDMACallback
</UL>

<P><STRONG><a name="[135]"></a>HAL_DMA_Start</STRONG> (Thumb, 612 bytes, Stack size 28 bytes, gm_hal_dma.o(.text))
<BR><BR>[Stack]<UL><LI>Max Depth = 28<LI>Call Chain = HAL_DMA_Start
</UL>
<BR>[Called By]<UL><LI><a href="#[138]">&gt;&gt;</a>&nbsp;&nbsp;&nbsp;HAL_UART_Receive
<LI><a href="#[134]">&gt;&gt;</a>&nbsp;&nbsp;&nbsp;HAL_UART_Transmit
<LI><a href="#[15f]">&gt;&gt;</a>&nbsp;&nbsp;&nbsp;DMAConfig_for_I2CTrmt
<LI><a href="#[15e]">&gt;&gt;</a>&nbsp;&nbsp;&nbsp;DMAConfig_for_I2CRecv
</UL>

<P><STRONG><a name="[2cb]"></a>HAL_DMA_MultiBuffer_Start</STRONG> (Thumb, 614 bytes, Stack size 32 bytes, gm_hal_dma.o(.text), UNUSED)

<P><STRONG><a name="[93]"></a>HAL_UART_Init</STRONG> (Thumb, 694 bytes, Stack size 24 bytes, gm_hal_uart.o(.text))
<BR><BR>[Stack]<UL><LI>Max Depth = 56<LI>Call Chain = HAL_UART_Init &rArr; HAL_Reset_Module &rArr; HAL_TryLock
</UL>
<BR>[Calls]<UL><LI><a href="#[8e]">&gt;&gt;</a>&nbsp;&nbsp;&nbsp;HAL_LockInit
<LI><a href="#[127]">&gt;&gt;</a>&nbsp;&nbsp;&nbsp;HAL_CLOCK_PeripheralClockEnable2
<LI><a href="#[fd]">&gt;&gt;</a>&nbsp;&nbsp;&nbsp;HAL_CLOCK_PeripheralClkSetConfig
<LI><a href="#[c9]">&gt;&gt;</a>&nbsp;&nbsp;&nbsp;HAL_Reset_Module
</UL>
<BR>[Called By]<UL><LI><a href="#[64]">&gt;&gt;</a>&nbsp;&nbsp;&nbsp;uart_gm_init
</UL>

<P><STRONG><a name="[2cc]"></a>HAL_UART_DeInit</STRONG> (Thumb, 30 bytes, Stack size 0 bytes, gm_hal_uart.o(.text), UNUSED)

<P><STRONG><a name="[2cd]"></a>HAL_UART_SetMode</STRONG> (Thumb, 90 bytes, Stack size 0 bytes, gm_hal_uart.o(.text), UNUSED)

<P><STRONG><a name="[128]"></a>HAL_UART_TransferConfig</STRONG> (Thumb, 294 bytes, Stack size 32 bytes, gm_hal_uart.o(.text), UNUSED)
<BR><BR>[Calls]<UL><LI><a href="#[92]">&gt;&gt;</a>&nbsp;&nbsp;&nbsp;HAL_UnLock
<LI><a href="#[91]">&gt;&gt;</a>&nbsp;&nbsp;&nbsp;HAL_TryLock
<LI><a href="#[12a]">&gt;&gt;</a>&nbsp;&nbsp;&nbsp;LL_UART_GetChar
<LI><a href="#[12c]">&gt;&gt;</a>&nbsp;&nbsp;&nbsp;LL_UART_Clear_IS_RFT
<LI><a href="#[12b]">&gt;&gt;</a>&nbsp;&nbsp;&nbsp;LL_UART_Clear_IS_TFT
<LI><a href="#[129]">&gt;&gt;</a>&nbsp;&nbsp;&nbsp;LL_UART_Is_LS_TXE
</UL>

<P><STRONG><a name="[9f]"></a>HAL_UART_EnableInterrupts</STRONG> (Thumb, 96 bytes, Stack size 16 bytes, gm_hal_uart.o(.text))
<BR><BR>[Stack]<UL><LI>Max Depth = 16<LI>Call Chain = HAL_UART_EnableInterrupts
</UL>
<BR>[Calls]<UL><LI><a href="#[12d]">&gt;&gt;</a>&nbsp;&nbsp;&nbsp;LL_UART_Enable_RxErr_Interrupts
</UL>
<BR>[Called By]<UL><LI><a href="#[2c]">&gt;&gt;</a>&nbsp;&nbsp;&nbsp;uart_gm_irq_rx_enable
<LI><a href="#[29]">&gt;&gt;</a>&nbsp;&nbsp;&nbsp;uart_gm_irq_tx_enable
</UL>

<P><STRONG><a name="[a0]"></a>HAL_UART_DisableInterrupts</STRONG> (Thumb, 96 bytes, Stack size 16 bytes, gm_hal_uart.o(.text))
<BR><BR>[Stack]<UL><LI>Max Depth = 16<LI>Call Chain = HAL_UART_DisableInterrupts
</UL>
<BR>[Calls]<UL><LI><a href="#[12e]">&gt;&gt;</a>&nbsp;&nbsp;&nbsp;LL_UART_Disable_RxErr_Interrupts
</UL>
<BR>[Called By]<UL><LI><a href="#[2d]">&gt;&gt;</a>&nbsp;&nbsp;&nbsp;uart_gm_irq_rx_disable
<LI><a href="#[2a]">&gt;&gt;</a>&nbsp;&nbsp;&nbsp;uart_gm_irq_tx_disable
</UL>

<P><STRONG><a name="[134]"></a>HAL_UART_Transmit</STRONG> (Thumb, 194 bytes, Stack size 24 bytes, gm_hal_uart.o(.text), UNUSED)
<BR><BR>[Calls]<UL><LI><a href="#[92]">&gt;&gt;</a>&nbsp;&nbsp;&nbsp;HAL_UnLock
<LI><a href="#[91]">&gt;&gt;</a>&nbsp;&nbsp;&nbsp;HAL_TryLock
<LI><a href="#[132]">&gt;&gt;</a>&nbsp;&nbsp;&nbsp;UART_DMAConfig
<LI><a href="#[12f]">&gt;&gt;</a>&nbsp;&nbsp;&nbsp;transmit_data
<LI><a href="#[135]">&gt;&gt;</a>&nbsp;&nbsp;&nbsp;HAL_DMA_Start
</UL>

<P><STRONG><a name="[138]"></a>HAL_UART_Receive</STRONG> (Thumb, 280 bytes, Stack size 32 bytes, gm_hal_uart.o(.text), UNUSED)
<BR><BR>[Calls]<UL><LI><a href="#[92]">&gt;&gt;</a>&nbsp;&nbsp;&nbsp;HAL_UnLock
<LI><a href="#[91]">&gt;&gt;</a>&nbsp;&nbsp;&nbsp;HAL_TryLock
<LI><a href="#[139]">&gt;&gt;</a>&nbsp;&nbsp;&nbsp;LL_UART_Is_LS_RXES
<LI><a href="#[136]">&gt;&gt;</a>&nbsp;&nbsp;&nbsp;receive_data
<LI><a href="#[132]">&gt;&gt;</a>&nbsp;&nbsp;&nbsp;UART_DMAConfig
<LI><a href="#[135]">&gt;&gt;</a>&nbsp;&nbsp;&nbsp;HAL_DMA_Start
</UL>

<P><STRONG><a name="[13a]"></a>HAL_UART_GetTransferStatus</STRONG> (Thumb, 160 bytes, Stack size 16 bytes, gm_hal_uart.o(.text), UNUSED)
<BR><BR>[Calls]<UL><LI><a href="#[92]">&gt;&gt;</a>&nbsp;&nbsp;&nbsp;HAL_UnLock
<LI><a href="#[91]">&gt;&gt;</a>&nbsp;&nbsp;&nbsp;HAL_TryLock
<LI><a href="#[129]">&gt;&gt;</a>&nbsp;&nbsp;&nbsp;LL_UART_Is_LS_TXE
</UL>

<P><STRONG><a name="[13d]"></a>HAL_UART_IRQHandler</STRONG> (Thumb, 268 bytes, Stack size 32 bytes, gm_hal_uart.o(.text), UNUSED)
<BR><BR>[Calls]<UL><LI><a href="#[12a]">&gt;&gt;</a>&nbsp;&nbsp;&nbsp;LL_UART_GetChar
<LI><a href="#[141]">&gt;&gt;</a>&nbsp;&nbsp;&nbsp;LL_UART_Is_IS_RFTO
<LI><a href="#[146]">&gt;&gt;</a>&nbsp;&nbsp;&nbsp;LL_UART_Is_IS_RFT
<LI><a href="#[12c]">&gt;&gt;</a>&nbsp;&nbsp;&nbsp;LL_UART_Clear_IS_RFT
<LI><a href="#[147]">&gt;&gt;</a>&nbsp;&nbsp;&nbsp;LL_UART_Is_IS_TFT
<LI><a href="#[12b]">&gt;&gt;</a>&nbsp;&nbsp;&nbsp;LL_UART_Clear_IS_TFT
<LI><a href="#[139]">&gt;&gt;</a>&nbsp;&nbsp;&nbsp;LL_UART_Is_LS_RXES
<LI><a href="#[13f]">&gt;&gt;</a>&nbsp;&nbsp;&nbsp;LL_UART_Is_IS_OPFB
<LI><a href="#[140]">&gt;&gt;</a>&nbsp;&nbsp;&nbsp;LL_UART_Clear_IS_OPFB
<LI><a href="#[13e]">&gt;&gt;</a>&nbsp;&nbsp;&nbsp;LL_UART_Is_IE_OPFB
<LI><a href="#[137]">&gt;&gt;</a>&nbsp;&nbsp;&nbsp;LL_UART_Is_LS_RXDA
<LI><a href="#[142]">&gt;&gt;</a>&nbsp;&nbsp;&nbsp;LL_UART_Is_IS_RXDA
<LI><a href="#[145]">&gt;&gt;</a>&nbsp;&nbsp;&nbsp;LL_UART_Clear_IS_TXHE
<LI><a href="#[144]">&gt;&gt;</a>&nbsp;&nbsp;&nbsp;LL_UART_Is_IS_TXHE
<LI><a href="#[143]">&gt;&gt;</a>&nbsp;&nbsp;&nbsp;LL_UART_Is_IE_TXHE
<LI><a href="#[13c]">&gt;&gt;</a>&nbsp;&nbsp;&nbsp;UART_RxInterruptHandler
<LI><a href="#[13b]">&gt;&gt;</a>&nbsp;&nbsp;&nbsp;UART_TxInterruptHandler
</UL>

<P><STRONG><a name="[a1]"></a>HAL_UART_Tx_Complete</STRONG> (Thumb, 12 bytes, Stack size 0 bytes, gm_hal_uart.o(.text))
<BR><BR>[Called By]<UL><LI><a href="#[2e]">&gt;&gt;</a>&nbsp;&nbsp;&nbsp;uart_gm_irq_tx_complete
</UL>

<P><STRONG><a name="[a6]"></a>HAL_UART_TxInt_Enabled</STRONG> (Thumb, 12 bytes, Stack size 8 bytes, gm_hal_uart.o(.text))
<BR><BR>[Stack]<UL><LI>Max Depth = 8<LI>Call Chain = HAL_UART_TxInt_Enabled
</UL>
<BR>[Calls]<UL><LI><a href="#[143]">&gt;&gt;</a>&nbsp;&nbsp;&nbsp;LL_UART_Is_IE_TXHE
</UL>
<BR>[Called By]<UL><LI><a href="#[32]">&gt;&gt;</a>&nbsp;&nbsp;&nbsp;uart_gm_irq_is_pending
</UL>

<P><STRONG><a name="[99]"></a>HAL_UART_TxInt_Ready</STRONG> (Thumb, 12 bytes, Stack size 8 bytes, gm_hal_uart.o(.text))
<BR><BR>[Stack]<UL><LI>Max Depth = 8<LI>Call Chain = HAL_UART_TxInt_Ready
</UL>
<BR>[Calls]<UL><LI><a href="#[144]">&gt;&gt;</a>&nbsp;&nbsp;&nbsp;LL_UART_Is_IS_TXHE
</UL>
<BR>[Called By]<UL><LI><a href="#[32]">&gt;&gt;</a>&nbsp;&nbsp;&nbsp;uart_gm_irq_is_pending
<LI><a href="#[2b]">&gt;&gt;</a>&nbsp;&nbsp;&nbsp;uart_gm_irq_tx_ready
<LI><a href="#[e]">&gt;&gt;</a>&nbsp;&nbsp;&nbsp;uart_gm_isr
</UL>

<P><STRONG><a name="[9a]"></a>HAL_UART_Clear_TxInt</STRONG> (Thumb, 12 bytes, Stack size 8 bytes, gm_hal_uart.o(.text))
<BR><BR>[Stack]<UL><LI>Max Depth = 8<LI>Call Chain = HAL_UART_Clear_TxInt
</UL>
<BR>[Calls]<UL><LI><a href="#[145]">&gt;&gt;</a>&nbsp;&nbsp;&nbsp;LL_UART_Clear_IS_TXHE
</UL>
<BR>[Called By]<UL><LI><a href="#[e]">&gt;&gt;</a>&nbsp;&nbsp;&nbsp;uart_gm_isr
</UL>

<P><STRONG><a name="[148]"></a>HAL_UART_TxFifoInt_Ready</STRONG> (Thumb, 12 bytes, Stack size 8 bytes, gm_hal_uart.o(.text), UNUSED)
<BR><BR>[Calls]<UL><LI><a href="#[147]">&gt;&gt;</a>&nbsp;&nbsp;&nbsp;LL_UART_Is_IS_TFT
</UL>

<P><STRONG><a name="[2ce]"></a>HAL_UART_TxFifoInt_Enabled</STRONG> (Thumb, 12 bytes, Stack size 0 bytes, gm_hal_uart.o(.text), UNUSED)

<P><STRONG><a name="[149]"></a>HAL_UART_Clear_TxFifoInt</STRONG> (Thumb, 12 bytes, Stack size 8 bytes, gm_hal_uart.o(.text), UNUSED)
<BR><BR>[Calls]<UL><LI><a href="#[12b]">&gt;&gt;</a>&nbsp;&nbsp;&nbsp;LL_UART_Clear_IS_TFT
</UL>

<P><STRONG><a name="[2cf]"></a>HAL_UART_Get_TxFifo_DataSize</STRONG> (Thumb, 10 bytes, Stack size 0 bytes, gm_hal_uart.o(.text), UNUSED)

<P><STRONG><a name="[a5]"></a>HAL_UART_RxInt_Enabled</STRONG> (Thumb, 12 bytes, Stack size 0 bytes, gm_hal_uart.o(.text))
<BR><BR>[Called By]<UL><LI><a href="#[32]">&gt;&gt;</a>&nbsp;&nbsp;&nbsp;uart_gm_irq_is_pending
</UL>

<P><STRONG><a name="[a2]"></a>HAL_UART_RxInt_Ready</STRONG> (Thumb, 12 bytes, Stack size 8 bytes, gm_hal_uart.o(.text))
<BR><BR>[Stack]<UL><LI>Max Depth = 8<LI>Call Chain = HAL_UART_RxInt_Ready
</UL>
<BR>[Calls]<UL><LI><a href="#[142]">&gt;&gt;</a>&nbsp;&nbsp;&nbsp;LL_UART_Is_IS_RXDA
</UL>
<BR>[Called By]<UL><LI><a href="#[32]">&gt;&gt;</a>&nbsp;&nbsp;&nbsp;uart_gm_irq_is_pending
<LI><a href="#[2f]">&gt;&gt;</a>&nbsp;&nbsp;&nbsp;uart_gm_irq_rx_ready
</UL>

<P><STRONG><a name="[94]"></a>HAL_UART_DataReady</STRONG> (Thumb, 14 bytes, Stack size 8 bytes, gm_hal_uart.o(.text))
<BR><BR>[Stack]<UL><LI>Max Depth = 8<LI>Call Chain = HAL_UART_DataReady
</UL>
<BR>[Calls]<UL><LI><a href="#[137]">&gt;&gt;</a>&nbsp;&nbsp;&nbsp;LL_UART_Is_LS_RXDA
</UL>
<BR>[Called By]<UL><LI><a href="#[24]">&gt;&gt;</a>&nbsp;&nbsp;&nbsp;uart_gm_poll_in
</UL>

<P><STRONG><a name="[14a]"></a>HAL_UART_RxFifoTmo_Ready</STRONG> (Thumb, 12 bytes, Stack size 8 bytes, gm_hal_uart.o(.text), UNUSED)
<BR><BR>[Calls]<UL><LI><a href="#[141]">&gt;&gt;</a>&nbsp;&nbsp;&nbsp;LL_UART_Is_IS_RFTO
</UL>

<P><STRONG><a name="[14b]"></a>HAL_UART_RxFifoInt_Ready</STRONG> (Thumb, 12 bytes, Stack size 8 bytes, gm_hal_uart.o(.text), UNUSED)
<BR><BR>[Calls]<UL><LI><a href="#[146]">&gt;&gt;</a>&nbsp;&nbsp;&nbsp;LL_UART_Is_IS_RFT
</UL>

<P><STRONG><a name="[14c]"></a>HAL_UART_Clear_RxFifoInt</STRONG> (Thumb, 12 bytes, Stack size 8 bytes, gm_hal_uart.o(.text), UNUSED)
<BR><BR>[Calls]<UL><LI><a href="#[12c]">&gt;&gt;</a>&nbsp;&nbsp;&nbsp;LL_UART_Clear_IS_RFT
</UL>

<P><STRONG><a name="[2d0]"></a>HAL_UART_Get_RxFifo_DataSize</STRONG> (Thumb, 10 bytes, Stack size 0 bytes, gm_hal_uart.o(.text), UNUSED)

<P><STRONG><a name="[a3]"></a>HAL_UART_Enable_Error_Interrupts</STRONG> (Thumb, 12 bytes, Stack size 8 bytes, gm_hal_uart.o(.text))
<BR><BR>[Stack]<UL><LI>Max Depth = 8<LI>Call Chain = HAL_UART_Enable_Error_Interrupts
</UL>
<BR>[Calls]<UL><LI><a href="#[12d]">&gt;&gt;</a>&nbsp;&nbsp;&nbsp;LL_UART_Enable_RxErr_Interrupts
</UL>
<BR>[Called By]<UL><LI><a href="#[30]">&gt;&gt;</a>&nbsp;&nbsp;&nbsp;uart_gm_irq_err_enable
</UL>

<P><STRONG><a name="[a4]"></a>HAL_UART_Disable_Error_Interrupts</STRONG> (Thumb, 12 bytes, Stack size 8 bytes, gm_hal_uart.o(.text))
<BR><BR>[Stack]<UL><LI>Max Depth = 8<LI>Call Chain = HAL_UART_Disable_Error_Interrupts
</UL>
<BR>[Calls]<UL><LI><a href="#[12e]">&gt;&gt;</a>&nbsp;&nbsp;&nbsp;LL_UART_Disable_RxErr_Interrupts
</UL>
<BR>[Called By]<UL><LI><a href="#[31]">&gt;&gt;</a>&nbsp;&nbsp;&nbsp;uart_gm_irq_err_disable
</UL>

<P><STRONG><a name="[97]"></a>HAL_UART_Error_Enabled</STRONG> (Thumb, 12 bytes, Stack size 8 bytes, gm_hal_uart.o(.text))
<BR><BR>[Stack]<UL><LI>Max Depth = 8<LI>Call Chain = HAL_UART_Error_Enabled
</UL>
<BR>[Calls]<UL><LI><a href="#[13e]">&gt;&gt;</a>&nbsp;&nbsp;&nbsp;LL_UART_Is_IE_OPFB
</UL>
<BR>[Called By]<UL><LI><a href="#[26]">&gt;&gt;</a>&nbsp;&nbsp;&nbsp;uart_gm_err_check
</UL>

<P><STRONG><a name="[98]"></a>HAL_UART_Error_Ready</STRONG> (Thumb, 12 bytes, Stack size 8 bytes, gm_hal_uart.o(.text))
<BR><BR>[Stack]<UL><LI>Max Depth = 8<LI>Call Chain = HAL_UART_Error_Ready
</UL>
<BR>[Calls]<UL><LI><a href="#[13f]">&gt;&gt;</a>&nbsp;&nbsp;&nbsp;LL_UART_Is_IS_OPFB
</UL>
<BR>[Called By]<UL><LI><a href="#[e]">&gt;&gt;</a>&nbsp;&nbsp;&nbsp;uart_gm_isr
<LI><a href="#[26]">&gt;&gt;</a>&nbsp;&nbsp;&nbsp;uart_gm_err_check
</UL>

<P><STRONG><a name="[9b]"></a>HAL_UART_Clear_ErrInt</STRONG> (Thumb, 12 bytes, Stack size 8 bytes, gm_hal_uart.o(.text))
<BR><BR>[Stack]<UL><LI>Max Depth = 8<LI>Call Chain = HAL_UART_Clear_ErrInt
</UL>
<BR>[Calls]<UL><LI><a href="#[140]">&gt;&gt;</a>&nbsp;&nbsp;&nbsp;LL_UART_Clear_IS_OPFB
</UL>
<BR>[Called By]<UL><LI><a href="#[e]">&gt;&gt;</a>&nbsp;&nbsp;&nbsp;uart_gm_isr
</UL>

<P><STRONG><a name="[2d1]"></a>HAL_UART_Fifo_Enabled</STRONG> (Thumb, 10 bytes, Stack size 0 bytes, gm_hal_uart.o(.text), UNUSED)

<P><STRONG><a name="[96]"></a>HAL_UART_PutChar</STRONG> (Thumb, 32 bytes, Stack size 16 bytes, gm_hal_uart.o(.text))
<BR><BR>[Stack]<UL><LI>Max Depth = 16<LI>Call Chain = HAL_UART_PutChar
</UL>
<BR>[Calls]<UL><LI><a href="#[131]">&gt;&gt;</a>&nbsp;&nbsp;&nbsp;LL_UART_PutChar
<LI><a href="#[130]">&gt;&gt;</a>&nbsp;&nbsp;&nbsp;LL_UART_Is_LS_TXHE
</UL>
<BR>[Called By]<UL><LI><a href="#[27]">&gt;&gt;</a>&nbsp;&nbsp;&nbsp;uart_gm_fifo_fill
<LI><a href="#[25]">&gt;&gt;</a>&nbsp;&nbsp;&nbsp;uart_gm_poll_out
</UL>

<P><STRONG><a name="[95]"></a>HAL_UART_GetChar</STRONG> (Thumb, 16 bytes, Stack size 8 bytes, gm_hal_uart.o(.text))
<BR><BR>[Stack]<UL><LI>Max Depth = 8<LI>Call Chain = HAL_UART_GetChar
</UL>
<BR>[Calls]<UL><LI><a href="#[12a]">&gt;&gt;</a>&nbsp;&nbsp;&nbsp;LL_UART_GetChar
</UL>
<BR>[Called By]<UL><LI><a href="#[28]">&gt;&gt;</a>&nbsp;&nbsp;&nbsp;uart_gm_fifo_read
<LI><a href="#[24]">&gt;&gt;</a>&nbsp;&nbsp;&nbsp;uart_gm_poll_in
</UL>

<P><STRONG><a name="[2d2]"></a>HAL_UART_GetIsrFlag</STRONG> (Thumb, 8 bytes, Stack size 0 bytes, gm_hal_uart.o(.text), UNUSED)

<P><STRONG><a name="[2d3]"></a>HAL_UART_ClearIsrFlag</STRONG> (Thumb, 8 bytes, Stack size 0 bytes, gm_hal_uart.o(.text), UNUSED)

<P><STRONG><a name="[2d4]"></a>HAL_GPIOA_InterruptHandler</STRONG> (Thumb, 24 bytes, Stack size 0 bytes, gm_hal_gpio.o(.text), UNUSED)

<P><STRONG><a name="[2d5]"></a>HAL_GPIOB_InterruptHandler</STRONG> (Thumb, 24 bytes, Stack size 0 bytes, gm_hal_gpio.o(.text), UNUSED)

<P><STRONG><a name="[2d6]"></a>HAL_GPIOC_InterruptHandler</STRONG> (Thumb, 24 bytes, Stack size 0 bytes, gm_hal_gpio.o(.text), UNUSED)

<P><STRONG><a name="[2d7]"></a>HAL_GPIOD_InterruptHandler</STRONG> (Thumb, 24 bytes, Stack size 0 bytes, gm_hal_gpio.o(.text), UNUSED)

<P><STRONG><a name="[2d8]"></a>HAL_GPIOE_InterruptHandler</STRONG> (Thumb, 24 bytes, Stack size 0 bytes, gm_hal_gpio.o(.text), UNUSED)

<P><STRONG><a name="[2d9]"></a>HAL_GPIOF_InterruptHandler</STRONG> (Thumb, 24 bytes, Stack size 0 bytes, gm_hal_gpio.o(.text), UNUSED)

<P><STRONG><a name="[2da]"></a>HAL_GPIOG_InterruptHandler</STRONG> (Thumb, 24 bytes, Stack size 0 bytes, gm_hal_gpio.o(.text), UNUSED)

<P><STRONG><a name="[2db]"></a>HAL_GPIOH_InterruptHandler</STRONG> (Thumb, 24 bytes, Stack size 0 bytes, gm_hal_gpio.o(.text), UNUSED)

<P><STRONG><a name="[2dc]"></a>HAL_GPIOI_InterruptHandler</STRONG> (Thumb, 24 bytes, Stack size 0 bytes, gm_hal_gpio.o(.text), UNUSED)

<P><STRONG><a name="[2dd]"></a>HAL_GPIOJ_InterruptHandler</STRONG> (Thumb, 24 bytes, Stack size 0 bytes, gm_hal_gpio.o(.text), UNUSED)

<P><STRONG><a name="[2de]"></a>HAL_GPIOK_InterruptHandler</STRONG> (Thumb, 24 bytes, Stack size 0 bytes, gm_hal_gpio.o(.text), UNUSED)

<P><STRONG><a name="[af]"></a>HAL_GPIO_SW_Reset</STRONG> (Thumb, 10 bytes, Stack size 8 bytes, gm_hal_gpio.o(.text))
<BR><BR>[Stack]<UL><LI>Max Depth = 40<LI>Call Chain = HAL_GPIO_SW_Reset &rArr; HAL_Reset_Module &rArr; HAL_TryLock
</UL>
<BR>[Calls]<UL><LI><a href="#[c9]">&gt;&gt;</a>&nbsp;&nbsp;&nbsp;HAL_Reset_Module
</UL>
<BR>[Called By]<UL><LI><a href="#[ad]">&gt;&gt;</a>&nbsp;&nbsp;&nbsp;gpio_clk_rst_init
<LI><a href="#[ba]">&gt;&gt;</a>&nbsp;&nbsp;&nbsp;HAL_GPIO_Init
</UL>

<P><STRONG><a name="[ae]"></a>HAL_GPIO_CLK_ENABLE</STRONG> (Thumb, 10 bytes, Stack size 8 bytes, gm_hal_gpio.o(.text))
<BR><BR>[Stack]<UL><LI>Max Depth = 8<LI>Call Chain = HAL_GPIO_CLK_ENABLE
</UL>
<BR>[Calls]<UL><LI><a href="#[c8]">&gt;&gt;</a>&nbsp;&nbsp;&nbsp;HAL_CLOCK_PeripheralClockEnable0
</UL>
<BR>[Called By]<UL><LI><a href="#[ad]">&gt;&gt;</a>&nbsp;&nbsp;&nbsp;gpio_clk_rst_init
<LI><a href="#[ba]">&gt;&gt;</a>&nbsp;&nbsp;&nbsp;HAL_GPIO_Init
</UL>

<P><STRONG><a name="[14d]"></a>HAL_GPIO_CLK_DISABLE</STRONG> (Thumb, 10 bytes, Stack size 8 bytes, gm_hal_gpio.o(.text), UNUSED)
<BR><BR>[Calls]<UL><LI><a href="#[14e]">&gt;&gt;</a>&nbsp;&nbsp;&nbsp;HAL_CLOCK_PeripheralClockDisable0
</UL>

<P><STRONG><a name="[151]"></a>HAL_GPIO_RequestIrq</STRONG> (Thumb, 66 bytes, Stack size 0 bytes, gm_hal_gpio.o(.text))
<BR><BR>[Called By]<UL><LI><a href="#[ba]">&gt;&gt;</a>&nbsp;&nbsp;&nbsp;HAL_GPIO_Init
</UL>

<P><STRONG><a name="[14f]"></a>HAL_GPIO_DeInit</STRONG> (Thumb, 280 bytes, Stack size 40 bytes, gm_hal_gpio.o(.text))
<BR><BR>[Stack]<UL><LI>Max Depth = 40<LI>Call Chain = HAL_GPIO_DeInit
</UL>
<BR>[Calls]<UL><LI><a href="#[150]">&gt;&gt;</a>&nbsp;&nbsp;&nbsp;HAL_GPIO_GetInstance
</UL>
<BR>[Called By]<UL><LI><a href="#[ba]">&gt;&gt;</a>&nbsp;&nbsp;&nbsp;HAL_GPIO_Init
</UL>

<P><STRONG><a name="[ba]"></a>HAL_GPIO_Init</STRONG> (Thumb, 802 bytes, Stack size 40 bytes, gm_hal_gpio.o(.text))
<BR><BR>[Stack]<UL><LI>Max Depth = 80<LI>Call Chain = HAL_GPIO_Init &rArr; HAL_GPIO_DeInit
</UL>
<BR>[Calls]<UL><LI><a href="#[14f]">&gt;&gt;</a>&nbsp;&nbsp;&nbsp;HAL_GPIO_DeInit
<LI><a href="#[151]">&gt;&gt;</a>&nbsp;&nbsp;&nbsp;HAL_GPIO_RequestIrq
<LI><a href="#[150]">&gt;&gt;</a>&nbsp;&nbsp;&nbsp;HAL_GPIO_GetInstance
<LI><a href="#[af]">&gt;&gt;</a>&nbsp;&nbsp;&nbsp;HAL_GPIO_SW_Reset
<LI><a href="#[ae]">&gt;&gt;</a>&nbsp;&nbsp;&nbsp;HAL_GPIO_CLK_ENABLE
</UL>
<BR>[Called By]<UL><LI><a href="#[35]">&gt;&gt;</a>&nbsp;&nbsp;&nbsp;gpio_gm_config
<LI><a href="#[3b]">&gt;&gt;</a>&nbsp;&nbsp;&nbsp;pinmux_gm_set
</UL>

<P><STRONG><a name="[bb]"></a>HAL_GPIO_PinWrite</STRONG> (Thumb, 30 bytes, Stack size 0 bytes, gm_hal_gpio.o(.text))
<BR><BR>[Called By]<UL><LI><a href="#[36]">&gt;&gt;</a>&nbsp;&nbsp;&nbsp;gpio_gm_write
</UL>

<P><STRONG><a name="[bc]"></a>HAL_GPIO_PinRead</STRONG> (Thumb, 20 bytes, Stack size 0 bytes, gm_hal_gpio.o(.text))
<BR><BR>[Called By]<UL><LI><a href="#[37]">&gt;&gt;</a>&nbsp;&nbsp;&nbsp;gpio_gm_read
</UL>

<P><STRONG><a name="[2df]"></a>HAL_GPIO_PinToggle</STRONG> (Thumb, 40 bytes, Stack size 0 bytes, gm_hal_gpio.o(.text), UNUSED)

<P><STRONG><a name="[2e0]"></a>HAL_GPIO_SetPinDirection</STRONG> (Thumb, 42 bytes, Stack size 12 bytes, gm_hal_gpio.o(.text), UNUSED)

<P><STRONG><a name="[2e1]"></a>HAL_GPIO_PesConfig</STRONG> (Thumb, 108 bytes, Stack size 8 bytes, gm_hal_gpio.o(.text), UNUSED)

<P><STRONG><a name="[152]"></a>HAL_GPIO_SetPinFilter</STRONG> (Thumb, 932 bytes, Stack size 40 bytes, gm_hal_gpio.o(.text), UNUSED)
<BR><BR>[Calls]<UL><LI><a href="#[150]">&gt;&gt;</a>&nbsp;&nbsp;&nbsp;HAL_GPIO_GetInstance
</UL>

<P><STRONG><a name="[ca]"></a>HAL_VIN_Init</STRONG> (Thumb, 100 bytes, Stack size 8 bytes, gm_hal_vin.o(.text))
<BR><BR>[Stack]<UL><LI>Max Depth = 8<LI>Call Chain = HAL_VIN_Init
</UL>
<BR>[Called By]<UL><LI><a href="#[74]">&gt;&gt;</a>&nbsp;&nbsp;&nbsp;vin_gm6721x_init
</UL>

<P><STRONG><a name="[ce]"></a>HAL_VIN_Start</STRONG> (Thumb, 44 bytes, Stack size 8 bytes, gm_hal_vin.o(.text))
<BR><BR>[Stack]<UL><LI>Max Depth = 8<LI>Call Chain = HAL_VIN_Start
</UL>
<BR>[Called By]<UL><LI><a href="#[3f]">&gt;&gt;</a>&nbsp;&nbsp;&nbsp;vin_gm6721x_start_streaming
</UL>

<P><STRONG><a name="[d0]"></a>HAL_VIN_Stop</STRONG> (Thumb, 22 bytes, Stack size 0 bytes, gm_hal_vin.o(.text))
<BR><BR>[Called By]<UL><LI><a href="#[40]">&gt;&gt;</a>&nbsp;&nbsp;&nbsp;vin_gm6721x_stop_streaming
</UL>

<P><STRONG><a name="[c6]"></a>HAL_VIN_SetAddress</STRONG> (Thumb, 12 bytes, Stack size 0 bytes, gm_hal_vin.o(.text))
<BR><BR>[Called By]<UL><LI><a href="#[11]">&gt;&gt;</a>&nbsp;&nbsp;&nbsp;vin_gm6721x_isr
</UL>

<P><STRONG><a name="[d7]"></a>HAL_VIN_ConfigCrop</STRONG> (Thumb, 38 bytes, Stack size 16 bytes, gm_hal_vin.o(.text))
<BR><BR>[Stack]<UL><LI>Max Depth = 16<LI>Call Chain = HAL_VIN_ConfigCrop
</UL>
<BR>[Called By]<UL><LI><a href="#[43]">&gt;&gt;</a>&nbsp;&nbsp;&nbsp;vin_gm6721x_ioctl
</UL>

<P><STRONG><a name="[d6]"></a>HAL_VIN_DisableCrop</STRONG> (Thumb, 14 bytes, Stack size 0 bytes, gm_hal_vin.o(.text))
<BR><BR>[Called By]<UL><LI><a href="#[43]">&gt;&gt;</a>&nbsp;&nbsp;&nbsp;vin_gm6721x_ioctl
</UL>

<P><STRONG><a name="[d8]"></a>HAL_VIN_EnableCrop</STRONG> (Thumb, 14 bytes, Stack size 0 bytes, gm_hal_vin.o(.text))
<BR><BR>[Called By]<UL><LI><a href="#[43]">&gt;&gt;</a>&nbsp;&nbsp;&nbsp;vin_gm6721x_ioctl
</UL>

<P><STRONG><a name="[be]"></a>HAL_VIN_Disable</STRONG> (Thumb, 14 bytes, Stack size 0 bytes, gm_hal_vin.o(.text))
<BR><BR>[Called By]<UL><LI><a href="#[bd]">&gt;&gt;</a>&nbsp;&nbsp;&nbsp;vin_backup_data
</UL>

<P><STRONG><a name="[84]"></a>HAL_VIN_Enable</STRONG> (Thumb, 14 bytes, Stack size 0 bytes, gm_hal_vin.o(.text))
<BR><BR>[Called By]<UL><LI><a href="#[d]">&gt;&gt;</a>&nbsp;&nbsp;&nbsp;LCD_isr
<LI><a href="#[bd]">&gt;&gt;</a>&nbsp;&nbsp;&nbsp;vin_backup_data
</UL>

<P><STRONG><a name="[bf]"></a>HAL_VIN_DisableMemoryWrite</STRONG> (Thumb, 14 bytes, Stack size 0 bytes, gm_hal_vin.o(.text))
<BR><BR>[Called By]<UL><LI><a href="#[11]">&gt;&gt;</a>&nbsp;&nbsp;&nbsp;vin_gm6721x_isr
<LI><a href="#[bd]">&gt;&gt;</a>&nbsp;&nbsp;&nbsp;vin_backup_data
</UL>

<P><STRONG><a name="[c1]"></a>HAL_VIN_EnableMemoryWrite</STRONG> (Thumb, 14 bytes, Stack size 0 bytes, gm_hal_vin.o(.text))
<BR><BR>[Called By]<UL><LI><a href="#[11]">&gt;&gt;</a>&nbsp;&nbsp;&nbsp;vin_gm6721x_isr
<LI><a href="#[bd]">&gt;&gt;</a>&nbsp;&nbsp;&nbsp;vin_backup_data
</UL>

<P><STRONG><a name="[d5]"></a>HAL_VIN_DisableColorSpaceConv</STRONG> (Thumb, 14 bytes, Stack size 0 bytes, gm_hal_vin.o(.text))
<BR><BR>[Called By]<UL><LI><a href="#[43]">&gt;&gt;</a>&nbsp;&nbsp;&nbsp;vin_gm6721x_ioctl
</UL>

<P><STRONG><a name="[d4]"></a>HAL_VIN_EnableColorSpaceConv</STRONG> (Thumb, 14 bytes, Stack size 0 bytes, gm_hal_vin.o(.text))
<BR><BR>[Called By]<UL><LI><a href="#[43]">&gt;&gt;</a>&nbsp;&nbsp;&nbsp;vin_gm6721x_ioctl
</UL>

<P><STRONG><a name="[d3]"></a>HAL_VIN_DisableJPEGMode</STRONG> (Thumb, 14 bytes, Stack size 0 bytes, gm_hal_vin.o(.text))
<BR><BR>[Called By]<UL><LI><a href="#[41]">&gt;&gt;</a>&nbsp;&nbsp;&nbsp;vin_gm6721x_set_fmt_vid_cap
</UL>

<P><STRONG><a name="[d2]"></a>HAL_VIN_EnableJPEGMode</STRONG> (Thumb, 14 bytes, Stack size 0 bytes, gm_hal_vin.o(.text))
<BR><BR>[Called By]<UL><LI><a href="#[41]">&gt;&gt;</a>&nbsp;&nbsp;&nbsp;vin_gm6721x_set_fmt_vid_cap
</UL>

<P><STRONG><a name="[c2]"></a>HAL_VIN_GetJPEGLength</STRONG> (Thumb, 12 bytes, Stack size 0 bytes, gm_hal_vin.o(.text))
<BR><BR>[Called By]<UL><LI><a href="#[11]">&gt;&gt;</a>&nbsp;&nbsp;&nbsp;vin_gm6721x_isr
</UL>

<P><STRONG><a name="[db]"></a>HAL_VIN_SwitchPath</STRONG> (Thumb, 34 bytes, Stack size 0 bytes, gm_hal_vin.o(.text))
<BR><BR>[Called By]<UL><LI><a href="#[43]">&gt;&gt;</a>&nbsp;&nbsp;&nbsp;vin_gm6721x_ioctl
</UL>

<P><STRONG><a name="[cf]"></a>HAL_VIN_EnableInterrupts</STRONG> (Thumb, 12 bytes, Stack size 0 bytes, gm_hal_vin.o(.text))
<BR><BR>[Called By]<UL><LI><a href="#[3f]">&gt;&gt;</a>&nbsp;&nbsp;&nbsp;vin_gm6721x_start_streaming
</UL>

<P><STRONG><a name="[d1]"></a>HAL_VIN_DisableInterrupts</STRONG> (Thumb, 12 bytes, Stack size 0 bytes, gm_hal_vin.o(.text))
<BR><BR>[Called By]<UL><LI><a href="#[40]">&gt;&gt;</a>&nbsp;&nbsp;&nbsp;vin_gm6721x_stop_streaming
</UL>

<P><STRONG><a name="[c0]"></a>HAL_VIN_BackupData</STRONG> (Thumb, 52 bytes, Stack size 32 bytes, gm_hal_vin.o(.text))
<BR><BR>[Stack]<UL><LI>Max Depth = 64<LI>Call Chain = HAL_VIN_BackupData &rArr; HAL_Reset_Module &rArr; HAL_TryLock
</UL>
<BR>[Calls]<UL><LI><a href="#[c9]">&gt;&gt;</a>&nbsp;&nbsp;&nbsp;HAL_Reset_Module
</UL>
<BR>[Called By]<UL><LI><a href="#[bd]">&gt;&gt;</a>&nbsp;&nbsp;&nbsp;vin_backup_data
</UL>

<P><STRONG><a name="[fe]"></a>HAL_VOUT_Init</STRONG> (Thumb, 198 bytes, Stack size 24 bytes, gm_hal_vout.o(.text))
<BR><BR>[Stack]<UL><LI>Max Depth = 24<LI>Call Chain = HAL_VOUT_Init
</UL>
<BR>[Calls]<UL><LI><a href="#[e7]">&gt;&gt;</a>&nbsp;&nbsp;&nbsp;__aeabi_memclr4
</UL>
<BR>[Called By]<UL><LI><a href="#[75]">&gt;&gt;</a>&nbsp;&nbsp;&nbsp;vout_gm6721x_init
</UL>

<P><STRONG><a name="[ea]"></a>HAL_VOUT_ConfigLayer</STRONG> (Thumb, 54 bytes, Stack size 16 bytes, gm_hal_vout.o(.text))
<BR><BR>[Stack]<UL><LI>Max Depth = 36<LI>Call Chain = HAL_VOUT_ConfigLayer &rArr; VOUT_SetConfig
</UL>
<BR>[Calls]<UL><LI><a href="#[153]">&gt;&gt;</a>&nbsp;&nbsp;&nbsp;VOUT_SetConfig
<LI><a href="#[104]">&gt;&gt;</a>&nbsp;&nbsp;&nbsp;__aeabi_memcpy4
</UL>
<BR>[Called By]<UL><LI><a href="#[47]">&gt;&gt;</a>&nbsp;&nbsp;&nbsp;vout_gm6721x_ioctl
</UL>

<P><STRONG><a name="[f6]"></a>HAL_VOUT_ConfigColorKeying</STRONG> (Thumb, 56 bytes, Stack size 12 bytes, gm_hal_vout.o(.text))
<BR><BR>[Stack]<UL><LI>Max Depth = 12<LI>Call Chain = HAL_VOUT_ConfigColorKeying
</UL>
<BR>[Called By]<UL><LI><a href="#[47]">&gt;&gt;</a>&nbsp;&nbsp;&nbsp;vout_gm6721x_ioctl
</UL>

<P><STRONG><a name="[ed]"></a>HAL_VOUT_ConfigCLUT</STRONG> (Thumb, 144 bytes, Stack size 20 bytes, gm_hal_vout.o(.text))
<BR><BR>[Stack]<UL><LI>Max Depth = 20<LI>Call Chain = HAL_VOUT_ConfigCLUT
</UL>
<BR>[Called By]<UL><LI><a href="#[47]">&gt;&gt;</a>&nbsp;&nbsp;&nbsp;vout_gm6721x_ioctl
</UL>

<P><STRONG><a name="[f4]"></a>HAL_VOUT_EnableColorKeying</STRONG> (Thumb, 44 bytes, Stack size 8 bytes, gm_hal_vout.o(.text))
<BR><BR>[Stack]<UL><LI>Max Depth = 8<LI>Call Chain = HAL_VOUT_EnableColorKeying
</UL>
<BR>[Called By]<UL><LI><a href="#[47]">&gt;&gt;</a>&nbsp;&nbsp;&nbsp;vout_gm6721x_ioctl
</UL>

<P><STRONG><a name="[f5]"></a>HAL_VOUT_DisableColorKeying</STRONG> (Thumb, 44 bytes, Stack size 8 bytes, gm_hal_vout.o(.text))
<BR><BR>[Stack]<UL><LI>Max Depth = 8<LI>Call Chain = HAL_VOUT_DisableColorKeying
</UL>
<BR>[Called By]<UL><LI><a href="#[47]">&gt;&gt;</a>&nbsp;&nbsp;&nbsp;vout_gm6721x_ioctl
</UL>

<P><STRONG><a name="[ec]"></a>HAL_VOUT_EnableCLUT</STRONG> (Thumb, 44 bytes, Stack size 8 bytes, gm_hal_vout.o(.text))
<BR><BR>[Stack]<UL><LI>Max Depth = 8<LI>Call Chain = HAL_VOUT_EnableCLUT
</UL>
<BR>[Called By]<UL><LI><a href="#[47]">&gt;&gt;</a>&nbsp;&nbsp;&nbsp;vout_gm6721x_ioctl
</UL>

<P><STRONG><a name="[ee]"></a>HAL_VOUT_DisableCLUT</STRONG> (Thumb, 44 bytes, Stack size 8 bytes, gm_hal_vout.o(.text))
<BR><BR>[Stack]<UL><LI>Max Depth = 8<LI>Call Chain = HAL_VOUT_DisableCLUT
</UL>
<BR>[Called By]<UL><LI><a href="#[47]">&gt;&gt;</a>&nbsp;&nbsp;&nbsp;vout_gm6721x_ioctl
</UL>

<P><STRONG><a name="[f7]"></a>HAL_VOUT_EnablePreMultiply</STRONG> (Thumb, 44 bytes, Stack size 8 bytes, gm_hal_vout.o(.text))
<BR><BR>[Stack]<UL><LI>Max Depth = 8<LI>Call Chain = HAL_VOUT_EnablePreMultiply
</UL>
<BR>[Called By]<UL><LI><a href="#[47]">&gt;&gt;</a>&nbsp;&nbsp;&nbsp;vout_gm6721x_ioctl
</UL>

<P><STRONG><a name="[f8]"></a>HAL_VOUT_DisablePreMultiply</STRONG> (Thumb, 44 bytes, Stack size 8 bytes, gm_hal_vout.o(.text))
<BR><BR>[Stack]<UL><LI>Max Depth = 8<LI>Call Chain = HAL_VOUT_DisablePreMultiply
</UL>
<BR>[Called By]<UL><LI><a href="#[47]">&gt;&gt;</a>&nbsp;&nbsp;&nbsp;vout_gm6721x_ioctl
</UL>

<P><STRONG><a name="[2e2]"></a>HAL_VOUT_EnableDither</STRONG> (Thumb, 14 bytes, Stack size 0 bytes, gm_hal_vout.o(.text), UNUSED)

<P><STRONG><a name="[2e3]"></a>HAL_VOUT_DisableDither</STRONG> (Thumb, 14 bytes, Stack size 0 bytes, gm_hal_vout.o(.text), UNUSED)

<P><STRONG><a name="[f0]"></a>HAL_VOUT_SetWindowSize</STRONG> (Thumb, 68 bytes, Stack size 24 bytes, gm_hal_vout.o(.text))
<BR><BR>[Stack]<UL><LI>Max Depth = 44<LI>Call Chain = HAL_VOUT_SetWindowSize &rArr; VOUT_SetConfig
</UL>
<BR>[Calls]<UL><LI><a href="#[153]">&gt;&gt;</a>&nbsp;&nbsp;&nbsp;VOUT_SetConfig
</UL>
<BR>[Called By]<UL><LI><a href="#[47]">&gt;&gt;</a>&nbsp;&nbsp;&nbsp;vout_gm6721x_ioctl
</UL>

<P><STRONG><a name="[f1]"></a>HAL_VOUT_SetWindowPosition</STRONG> (Thumb, 68 bytes, Stack size 24 bytes, gm_hal_vout.o(.text))
<BR><BR>[Stack]<UL><LI>Max Depth = 44<LI>Call Chain = HAL_VOUT_SetWindowPosition &rArr; VOUT_SetConfig
</UL>
<BR>[Calls]<UL><LI><a href="#[153]">&gt;&gt;</a>&nbsp;&nbsp;&nbsp;VOUT_SetConfig
</UL>
<BR>[Called By]<UL><LI><a href="#[47]">&gt;&gt;</a>&nbsp;&nbsp;&nbsp;vout_gm6721x_ioctl
</UL>

<P><STRONG><a name="[154]"></a>HAL_VOUT_SetPixelFormat</STRONG> (Thumb, 52 bytes, Stack size 24 bytes, gm_hal_vout.o(.text), UNUSED)
<BR><BR>[Calls]<UL><LI><a href="#[153]">&gt;&gt;</a>&nbsp;&nbsp;&nbsp;VOUT_SetConfig
</UL>

<P><STRONG><a name="[f3]"></a>HAL_VOUT_SetAlpha</STRONG> (Thumb, 52 bytes, Stack size 24 bytes, gm_hal_vout.o(.text))
<BR><BR>[Stack]<UL><LI>Max Depth = 44<LI>Call Chain = HAL_VOUT_SetAlpha &rArr; VOUT_SetConfig
</UL>
<BR>[Calls]<UL><LI><a href="#[153]">&gt;&gt;</a>&nbsp;&nbsp;&nbsp;VOUT_SetConfig
</UL>
<BR>[Called By]<UL><LI><a href="#[47]">&gt;&gt;</a>&nbsp;&nbsp;&nbsp;vout_gm6721x_ioctl
</UL>

<P><STRONG><a name="[eb]"></a>HAL_VOUT_SetAddress</STRONG> (Thumb, 60 bytes, Stack size 24 bytes, gm_hal_vout.o(.text))
<BR><BR>[Stack]<UL><LI>Max Depth = 44<LI>Call Chain = HAL_VOUT_SetAddress &rArr; VOUT_SetConfig
</UL>
<BR>[Calls]<UL><LI><a href="#[153]">&gt;&gt;</a>&nbsp;&nbsp;&nbsp;VOUT_SetConfig
</UL>
<BR>[Called By]<UL><LI><a href="#[47]">&gt;&gt;</a>&nbsp;&nbsp;&nbsp;vout_gm6721x_ioctl
</UL>

<P><STRONG><a name="[2e4]"></a>HAL_VOUT_SetPitch</STRONG> (Thumb, 136 bytes, Stack size 20 bytes, gm_hal_vout.o(.text), UNUSED)

<P><STRONG><a name="[fa]"></a>HAL_VOUT_EnableInterrupts</STRONG> (Thumb, 12 bytes, Stack size 0 bytes, gm_hal_vout.o(.text))
<BR><BR>[Called By]<UL><LI><a href="#[51]">&gt;&gt;</a>&nbsp;&nbsp;&nbsp;vout_gm6721x_irq_line_enable
</UL>

<P><STRONG><a name="[f9]"></a>HAL_VOUT_DisableInterrupts</STRONG> (Thumb, 12 bytes, Stack size 0 bytes, gm_hal_vout.o(.text))
<BR><BR>[Called By]<UL><LI><a href="#[52]">&gt;&gt;</a>&nbsp;&nbsp;&nbsp;vout_gm6721x_irq_line_disable
<LI><a href="#[51]">&gt;&gt;</a>&nbsp;&nbsp;&nbsp;vout_gm6721x_irq_line_enable
</UL>

<P><STRONG><a name="[ef]"></a>HAL_VOUT_OnOff</STRONG> (Thumb, 22 bytes, Stack size 0 bytes, gm_hal_vout.o(.text))
<BR><BR>[Called By]<UL><LI><a href="#[47]">&gt;&gt;</a>&nbsp;&nbsp;&nbsp;vout_gm6721x_ioctl
</UL>

<P><STRONG><a name="[f2]"></a>HAL_VOUT_layerOnOff</STRONG> (Thumb, 76 bytes, Stack size 12 bytes, gm_hal_vout.o(.text))
<BR><BR>[Stack]<UL><LI>Max Depth = 12<LI>Call Chain = HAL_VOUT_layerOnOff
</UL>
<BR>[Called By]<UL><LI><a href="#[47]">&gt;&gt;</a>&nbsp;&nbsp;&nbsp;vout_gm6721x_ioctl
</UL>

<P><STRONG><a name="[e5]"></a>HAL_IMP_Init</STRONG> (Thumb, 92 bytes, Stack size 0 bytes, gm_hal_imp.o(.text))
<BR><BR>[Called By]<UL><LI><a href="#[4f]">&gt;&gt;</a>&nbsp;&nbsp;&nbsp;vout_gm6721x_draw_bitmapl8
<LI><a href="#[4e]">&gt;&gt;</a>&nbsp;&nbsp;&nbsp;vout_gm6721x_mix_colorsbulk
<LI><a href="#[4d]">&gt;&gt;</a>&nbsp;&nbsp;&nbsp;vout_gm6721x_convert_color
<LI><a href="#[4c]">&gt;&gt;</a>&nbsp;&nbsp;&nbsp;vout_gm6721x_mix_colors
<LI><a href="#[4b]">&gt;&gt;</a>&nbsp;&nbsp;&nbsp;vout_gm6721x_alpha_blendingbulk
<LI><a href="#[49]">&gt;&gt;</a>&nbsp;&nbsp;&nbsp;vout_gm6721x_copy_area
<LI><a href="#[48]">&gt;&gt;</a>&nbsp;&nbsp;&nbsp;vout_gm6721x_fill_rect
<LI><a href="#[50]">&gt;&gt;</a>&nbsp;&nbsp;&nbsp;vout_gm6721x_scaler
</UL>

<P><STRONG><a name="[e6]"></a>HAL_IMP_ConfigLayer</STRONG> (Thumb, 134 bytes, Stack size 16 bytes, gm_hal_imp.o(.text))
<BR><BR>[Stack]<UL><LI>Max Depth = 16<LI>Call Chain = HAL_IMP_ConfigLayer
</UL>
<BR>[Called By]<UL><LI><a href="#[4f]">&gt;&gt;</a>&nbsp;&nbsp;&nbsp;vout_gm6721x_draw_bitmapl8
<LI><a href="#[4e]">&gt;&gt;</a>&nbsp;&nbsp;&nbsp;vout_gm6721x_mix_colorsbulk
<LI><a href="#[4d]">&gt;&gt;</a>&nbsp;&nbsp;&nbsp;vout_gm6721x_convert_color
<LI><a href="#[4c]">&gt;&gt;</a>&nbsp;&nbsp;&nbsp;vout_gm6721x_mix_colors
<LI><a href="#[4b]">&gt;&gt;</a>&nbsp;&nbsp;&nbsp;vout_gm6721x_alpha_blendingbulk
<LI><a href="#[49]">&gt;&gt;</a>&nbsp;&nbsp;&nbsp;vout_gm6721x_copy_area
<LI><a href="#[50]">&gt;&gt;</a>&nbsp;&nbsp;&nbsp;vout_gm6721x_scaler
</UL>

<P><STRONG><a name="[e8]"></a>HAL_IMP_Start</STRONG> (Thumb, 152 bytes, Stack size 24 bytes, gm_hal_imp.o(.text))
<BR><BR>[Stack]<UL><LI>Max Depth = 40<LI>Call Chain = HAL_IMP_Start &rArr; IMP_SetConfig
</UL>
<BR>[Calls]<UL><LI><a href="#[155]">&gt;&gt;</a>&nbsp;&nbsp;&nbsp;IMP_SetConfig
</UL>
<BR>[Called By]<UL><LI><a href="#[4d]">&gt;&gt;</a>&nbsp;&nbsp;&nbsp;vout_gm6721x_convert_color
<LI><a href="#[49]">&gt;&gt;</a>&nbsp;&nbsp;&nbsp;vout_gm6721x_copy_area
<LI><a href="#[48]">&gt;&gt;</a>&nbsp;&nbsp;&nbsp;vout_gm6721x_fill_rect
<LI><a href="#[50]">&gt;&gt;</a>&nbsp;&nbsp;&nbsp;vout_gm6721x_scaler
</UL>

<P><STRONG><a name="[156]"></a>HAL_IMP_HarrisStart</STRONG> (Thumb, 188 bytes, Stack size 32 bytes, gm_hal_imp.o(.text), UNUSED)
<BR><BR>[Calls]<UL><LI><a href="#[155]">&gt;&gt;</a>&nbsp;&nbsp;&nbsp;IMP_SetConfig
</UL>

<P><STRONG><a name="[100]"></a>HAL_IMP_BlendingStart</STRONG> (Thumb, 160 bytes, Stack size 32 bytes, gm_hal_imp.o(.text))
<BR><BR>[Stack]<UL><LI>Max Depth = 48<LI>Call Chain = HAL_IMP_BlendingStart &rArr; IMP_SetConfig
</UL>
<BR>[Calls]<UL><LI><a href="#[155]">&gt;&gt;</a>&nbsp;&nbsp;&nbsp;IMP_SetConfig
</UL>
<BR>[Called By]<UL><LI><a href="#[4f]">&gt;&gt;</a>&nbsp;&nbsp;&nbsp;vout_gm6721x_draw_bitmapl8
<LI><a href="#[4e]">&gt;&gt;</a>&nbsp;&nbsp;&nbsp;vout_gm6721x_mix_colorsbulk
<LI><a href="#[4c]">&gt;&gt;</a>&nbsp;&nbsp;&nbsp;vout_gm6721x_mix_colors
<LI><a href="#[4b]">&gt;&gt;</a>&nbsp;&nbsp;&nbsp;vout_gm6721x_alpha_blendingbulk
</UL>

<P><STRONG><a name="[2e5]"></a>HAL_IMP_Abort</STRONG> (Thumb, 42 bytes, Stack size 0 bytes, gm_hal_imp.o(.text), UNUSED)

<P><STRONG><a name="[2e6]"></a>HAL_IMP_Suspend</STRONG> (Thumb, 22 bytes, Stack size 0 bytes, gm_hal_imp.o(.text), UNUSED)

<P><STRONG><a name="[2e7]"></a>HAL_IMP_Resume</STRONG> (Thumb, 14 bytes, Stack size 0 bytes, gm_hal_imp.o(.text), UNUSED)

<P><STRONG><a name="[ff]"></a>HAL_IMP_CLUTLoad</STRONG> (Thumb, 162 bytes, Stack size 20 bytes, gm_hal_imp.o(.text))
<BR><BR>[Stack]<UL><LI>Max Depth = 20<LI>Call Chain = HAL_IMP_CLUTLoad
</UL>
<BR>[Called By]<UL><LI><a href="#[4a]">&gt;&gt;</a>&nbsp;&nbsp;&nbsp;vout_gm6721x_load_clut
</UL>

<P><STRONG><a name="[2e8]"></a>HAL_IMP_ProgramLineEvent</STRONG> (Thumb, 26 bytes, Stack size 0 bytes, gm_hal_imp.o(.text), UNUSED)

<P><STRONG><a name="[157]"></a>i2c_WaitTillTimeout</STRONG> (Thumb, 46 bytes, Stack size 16 bytes, gm_hal_i2c.o(.text))
<BR><BR>[Stack]<UL><LI>Max Depth = 16<LI>Call Chain = i2c_WaitTillTimeout
</UL>
<BR>[Calls]<UL><LI><a href="#[158]">&gt;&gt;</a>&nbsp;&nbsp;&nbsp;HAL_DelayUs
</UL>
<BR>[Called By]<UL><LI><a href="#[109]">&gt;&gt;</a>&nbsp;&nbsp;&nbsp;I2C_SlaveReceive
<LI><a href="#[166]">&gt;&gt;</a>&nbsp;&nbsp;&nbsp;I2C_MasterReceive_restart
<LI><a href="#[161]">&gt;&gt;</a>&nbsp;&nbsp;&nbsp;Write_Data2TxFIFO
<LI><a href="#[160]">&gt;&gt;</a>&nbsp;&nbsp;&nbsp;Wait_tillDMACompletes
</UL>

<P><STRONG><a name="[165]"></a>i2c_WaitTimerInit</STRONG> (Thumb, 12 bytes, Stack size 0 bytes, gm_hal_i2c.o(.text))
<BR><BR>[Called By]<UL><LI><a href="#[108]">&gt;&gt;</a>&nbsp;&nbsp;&nbsp;I2C_SlaveTransmit
<LI><a href="#[109]">&gt;&gt;</a>&nbsp;&nbsp;&nbsp;I2C_SlaveReceive
<LI><a href="#[106]">&gt;&gt;</a>&nbsp;&nbsp;&nbsp;I2C_MasterTransmit
<LI><a href="#[107]">&gt;&gt;</a>&nbsp;&nbsp;&nbsp;I2C_MasterReceive
<LI><a href="#[166]">&gt;&gt;</a>&nbsp;&nbsp;&nbsp;I2C_MasterReceive_restart
</UL>

<P><STRONG><a name="[103]"></a>I2C_CommonIRQHandler</STRONG> (Thumb, 1290 bytes, Stack size 32 bytes, gm_hal_i2c.o(.text))
<BR><BR>[Stack]<UL><LI>Max Depth = 44<LI>Call Chain = I2C_CommonIRQHandler &rArr; I2C_DataCmdRegManipulate
</UL>
<BR>[Calls]<UL><LI><a href="#[159]">&gt;&gt;</a>&nbsp;&nbsp;&nbsp;I2C_DataCmdRegManipulate
</UL>
<BR>[Called By]<UL><LI><a href="#[15]">&gt;&gt;</a>&nbsp;&nbsp;&nbsp;i2c_gm_isr
<LI><a href="#[15c]">&gt;&gt;</a>&nbsp;&nbsp;&nbsp;HAL_I2C2_InterruptHandler
<LI><a href="#[15b]">&gt;&gt;</a>&nbsp;&nbsp;&nbsp;HAL_I2C1_InterruptHandler
<LI><a href="#[15a]">&gt;&gt;</a>&nbsp;&nbsp;&nbsp;HAL_I2C0_InterruptHandler
</UL>

<P><STRONG><a name="[15a]"></a>HAL_I2C0_InterruptHandler</STRONG> (Thumb, 12 bytes, Stack size 8 bytes, gm_hal_i2c.o(.text), UNUSED)
<BR><BR>[Calls]<UL><LI><a href="#[103]">&gt;&gt;</a>&nbsp;&nbsp;&nbsp;I2C_CommonIRQHandler
</UL>

<P><STRONG><a name="[15b]"></a>HAL_I2C1_InterruptHandler</STRONG> (Thumb, 12 bytes, Stack size 8 bytes, gm_hal_i2c.o(.text), UNUSED)
<BR><BR>[Calls]<UL><LI><a href="#[103]">&gt;&gt;</a>&nbsp;&nbsp;&nbsp;I2C_CommonIRQHandler
</UL>

<P><STRONG><a name="[15c]"></a>HAL_I2C2_InterruptHandler</STRONG> (Thumb, 12 bytes, Stack size 8 bytes, gm_hal_i2c.o(.text), UNUSED)
<BR><BR>[Calls]<UL><LI><a href="#[103]">&gt;&gt;</a>&nbsp;&nbsp;&nbsp;I2C_CommonIRQHandler
</UL>

<P><STRONG><a name="[2e9]"></a>I2C_DeInit</STRONG> (Thumb, 32 bytes, Stack size 0 bytes, gm_hal_i2c.o(.text), UNUSED)

<P><STRONG><a name="[105]"></a>I2C_Init</STRONG> (Thumb, 412 bytes, Stack size 32 bytes, gm_hal_i2c.o(.text))
<BR><BR>[Stack]<UL><LI>Max Depth = 64<LI>Call Chain = I2C_Init &rArr; HAL_Reset_Module &rArr; HAL_TryLock
</UL>
<BR>[Calls]<UL><LI><a href="#[c9]">&gt;&gt;</a>&nbsp;&nbsp;&nbsp;HAL_Reset_Module
<LI><a href="#[162]">&gt;&gt;</a>&nbsp;&nbsp;&nbsp;HAL_CLOCK_PeripheralClockEnable1
<LI><a href="#[164]">&gt;&gt;</a>&nbsp;&nbsp;&nbsp;I2C_ConfigBaudRate
<LI><a href="#[163]">&gt;&gt;</a>&nbsp;&nbsp;&nbsp;I2C_InitHandle
</UL>
<BR>[Called By]<UL><LI><a href="#[55]">&gt;&gt;</a>&nbsp;&nbsp;&nbsp;i2c_gm_configure
</UL>

<P><STRONG><a name="[106]"></a>I2C_MasterTransmit</STRONG> (Thumb, 376 bytes, Stack size 48 bytes, gm_hal_i2c.o(.text))
<BR><BR>[Stack]<UL><LI>Max Depth = 184<LI>Call Chain = I2C_MasterTransmit &rArr; DMAConfig_for_I2CTrmt &rArr; I2C_DMAConfig &rArr; HAL_DMA_Init &rArr; HAL_Reset_Module &rArr; HAL_TryLock
</UL>
<BR>[Calls]<UL><LI><a href="#[165]">&gt;&gt;</a>&nbsp;&nbsp;&nbsp;i2c_WaitTimerInit
<LI><a href="#[161]">&gt;&gt;</a>&nbsp;&nbsp;&nbsp;Write_Data2TxFIFO
<LI><a href="#[160]">&gt;&gt;</a>&nbsp;&nbsp;&nbsp;Wait_tillDMACompletes
<LI><a href="#[15f]">&gt;&gt;</a>&nbsp;&nbsp;&nbsp;DMAConfig_for_I2CTrmt
</UL>
<BR>[Called By]<UL><LI><a href="#[56]">&gt;&gt;</a>&nbsp;&nbsp;&nbsp;i2c_gm_transfer
</UL>

<P><STRONG><a name="[107]"></a>I2C_MasterReceive</STRONG> (Thumb, 450 bytes, Stack size 48 bytes, gm_hal_i2c.o(.text))
<BR><BR>[Stack]<UL><LI>Max Depth = 176<LI>Call Chain = I2C_MasterReceive &rArr; DMAConfig_for_I2CRecv &rArr; I2C_DMAConfig &rArr; HAL_DMA_Init &rArr; HAL_Reset_Module &rArr; HAL_TryLock
</UL>
<BR>[Calls]<UL><LI><a href="#[165]">&gt;&gt;</a>&nbsp;&nbsp;&nbsp;i2c_WaitTimerInit
<LI><a href="#[161]">&gt;&gt;</a>&nbsp;&nbsp;&nbsp;Write_Data2TxFIFO
<LI><a href="#[160]">&gt;&gt;</a>&nbsp;&nbsp;&nbsp;Wait_tillDMACompletes
<LI><a href="#[15e]">&gt;&gt;</a>&nbsp;&nbsp;&nbsp;DMAConfig_for_I2CRecv
</UL>
<BR>[Called By]<UL><LI><a href="#[56]">&gt;&gt;</a>&nbsp;&nbsp;&nbsp;i2c_gm_transfer
</UL>

<P><STRONG><a name="[166]"></a>I2C_MasterReceive_restart</STRONG> (Thumb, 534 bytes, Stack size 48 bytes, gm_hal_i2c.o(.text), UNUSED)
<BR><BR>[Calls]<UL><LI><a href="#[165]">&gt;&gt;</a>&nbsp;&nbsp;&nbsp;i2c_WaitTimerInit
<LI><a href="#[157]">&gt;&gt;</a>&nbsp;&nbsp;&nbsp;i2c_WaitTillTimeout
<LI><a href="#[161]">&gt;&gt;</a>&nbsp;&nbsp;&nbsp;Write_Data2TxFIFO
<LI><a href="#[160]">&gt;&gt;</a>&nbsp;&nbsp;&nbsp;Wait_tillDMACompletes
<LI><a href="#[15e]">&gt;&gt;</a>&nbsp;&nbsp;&nbsp;DMAConfig_for_I2CRecv
</UL>

<P><STRONG><a name="[108]"></a>I2C_SlaveTransmit</STRONG> (Thumb, 286 bytes, Stack size 40 bytes, gm_hal_i2c.o(.text))
<BR><BR>[Stack]<UL><LI>Max Depth = 176<LI>Call Chain = I2C_SlaveTransmit &rArr; DMAConfig_for_I2CTrmt &rArr; I2C_DMAConfig &rArr; HAL_DMA_Init &rArr; HAL_Reset_Module &rArr; HAL_TryLock
</UL>
<BR>[Calls]<UL><LI><a href="#[165]">&gt;&gt;</a>&nbsp;&nbsp;&nbsp;i2c_WaitTimerInit
<LI><a href="#[161]">&gt;&gt;</a>&nbsp;&nbsp;&nbsp;Write_Data2TxFIFO
<LI><a href="#[160]">&gt;&gt;</a>&nbsp;&nbsp;&nbsp;Wait_tillDMACompletes
<LI><a href="#[15f]">&gt;&gt;</a>&nbsp;&nbsp;&nbsp;DMAConfig_for_I2CTrmt
</UL>
<BR>[Called By]<UL><LI><a href="#[56]">&gt;&gt;</a>&nbsp;&nbsp;&nbsp;i2c_gm_transfer
</UL>

<P><STRONG><a name="[109]"></a>I2C_SlaveReceive</STRONG> (Thumb, 336 bytes, Stack size 40 bytes, gm_hal_i2c.o(.text))
<BR><BR>[Stack]<UL><LI>Max Depth = 168<LI>Call Chain = I2C_SlaveReceive &rArr; DMAConfig_for_I2CRecv &rArr; I2C_DMAConfig &rArr; HAL_DMA_Init &rArr; HAL_Reset_Module &rArr; HAL_TryLock
</UL>
<BR>[Calls]<UL><LI><a href="#[165]">&gt;&gt;</a>&nbsp;&nbsp;&nbsp;i2c_WaitTimerInit
<LI><a href="#[157]">&gt;&gt;</a>&nbsp;&nbsp;&nbsp;i2c_WaitTillTimeout
<LI><a href="#[160]">&gt;&gt;</a>&nbsp;&nbsp;&nbsp;Wait_tillDMACompletes
<LI><a href="#[15e]">&gt;&gt;</a>&nbsp;&nbsp;&nbsp;DMAConfig_for_I2CRecv
</UL>
<BR>[Called By]<UL><LI><a href="#[56]">&gt;&gt;</a>&nbsp;&nbsp;&nbsp;i2c_gm_transfer
</UL>

<P><STRONG><a name="[16b]"></a>k_mbox_init</STRONG> (Thumb, 24 bytes, Stack size 8 bytes, mailbox.o(.text), UNUSED)
<BR><BR>[Calls]<UL><LI><a href="#[16c]">&gt;&gt;</a>&nbsp;&nbsp;&nbsp;_waitq_init
</UL>

<P><STRONG><a name="[178]"></a>k_mbox_put</STRONG> (Thumb, 26 bytes, Stack size 16 bytes, mailbox.o(.text), UNUSED)
<BR><BR>[Calls]<UL><LI><a href="#[171]">&gt;&gt;</a>&nbsp;&nbsp;&nbsp;mbox_message_put
</UL>

<P><STRONG><a name="[179]"></a>k_mbox_async_put</STRONG> (Thumb, 76 bytes, Stack size 32 bytes, mailbox.o(.text), UNUSED)
<BR><BR>[Calls]<UL><LI><a href="#[17a]">&gt;&gt;</a>&nbsp;&nbsp;&nbsp;_impl_k_stack_pop
<LI><a href="#[171]">&gt;&gt;</a>&nbsp;&nbsp;&nbsp;mbox_message_put
<LI><a href="#[104]">&gt;&gt;</a>&nbsp;&nbsp;&nbsp;__aeabi_memcpy4
</UL>

<P><STRONG><a name="[17b]"></a>k_mbox_data_get</STRONG> (Thumb, 48 bytes, Stack size 16 bytes, mailbox.o(.text), UNUSED)
<BR><BR>[Calls]<UL><LI><a href="#[16d]">&gt;&gt;</a>&nbsp;&nbsp;&nbsp;mbox_message_dispose
<LI><a href="#[17c]">&gt;&gt;</a>&nbsp;&nbsp;&nbsp;__aeabi_memcpy
</UL>
<BR>[Called By]<UL><LI><a href="#[17d]">&gt;&gt;</a>&nbsp;&nbsp;&nbsp;k_mbox_data_block_get
<LI><a href="#[17f]">&gt;&gt;</a>&nbsp;&nbsp;&nbsp;mbox_message_data_check
</UL>

<P><STRONG><a name="[17d]"></a>k_mbox_data_block_get</STRONG> (Thumb, 88 bytes, Stack size 24 bytes, mailbox.o(.text), UNUSED)
<BR><BR>[Calls]<UL><LI><a href="#[17e]">&gt;&gt;</a>&nbsp;&nbsp;&nbsp;k_mem_pool_alloc
<LI><a href="#[17b]">&gt;&gt;</a>&nbsp;&nbsp;&nbsp;k_mbox_data_get
<LI><a href="#[16d]">&gt;&gt;</a>&nbsp;&nbsp;&nbsp;mbox_message_dispose
</UL>

<P><STRONG><a name="[180]"></a>k_mbox_get</STRONG> (Thumb, 222 bytes, Stack size 40 bytes, mailbox.o(.text), UNUSED)
<BR><BR>[Calls]<UL><LI><a href="#[174]">&gt;&gt;</a>&nbsp;&nbsp;&nbsp;_unpend_thread
<LI><a href="#[175]">&gt;&gt;</a>&nbsp;&nbsp;&nbsp;_pend_current_thread
<LI><a href="#[17f]">&gt;&gt;</a>&nbsp;&nbsp;&nbsp;mbox_message_data_check
<LI><a href="#[173]">&gt;&gt;</a>&nbsp;&nbsp;&nbsp;mbox_message_match
<LI><a href="#[176]">&gt;&gt;</a>&nbsp;&nbsp;&nbsp;sys_dlist_peek_next
<LI><a href="#[172]">&gt;&gt;</a>&nbsp;&nbsp;&nbsp;sys_dlist_peek_head
</UL>

<P><STRONG><a name="[183]"></a>k_mem_slab_init</STRONG> (Thumb, 52 bytes, Stack size 24 bytes, mem_slab.o(.text), UNUSED)
<BR><BR>[Calls]<UL><LI><a href="#[182]">&gt;&gt;</a>&nbsp;&nbsp;&nbsp;create_free_list
</UL>

<P><STRONG><a name="[184]"></a>k_mem_slab_alloc</STRONG> (Thumb, 122 bytes, Stack size 24 bytes, mem_slab.o(.text), UNUSED)
<BR><BR>[Calls]<UL><LI><a href="#[175]">&gt;&gt;</a>&nbsp;&nbsp;&nbsp;_pend_current_thread
</UL>

<P><STRONG><a name="[185]"></a>k_mem_slab_free</STRONG> (Thumb, 148 bytes, Stack size 24 bytes, mem_slab.o(.text), UNUSED)
<BR><BR>[Calls]<UL><LI><a href="#[186]">&gt;&gt;</a>&nbsp;&nbsp;&nbsp;_unpend_first_thread
<LI><a href="#[170]">&gt;&gt;</a>&nbsp;&nbsp;&nbsp;_reschedule
<LI><a href="#[168]">&gt;&gt;</a>&nbsp;&nbsp;&nbsp;_add_thread_to_ready_q
</UL>

<P><STRONG><a name="[7a]"></a>init_static_pools</STRONG> (Thumb, 44 bytes, Stack size 16 bytes, mempool.o(.text))
<BR><BR>[Stack]<UL><LI>Max Depth = 96<LI>Call Chain = init_static_pools &rArr; k_mem_pool_init &rArr; _sys_mem_pool_base_init &rArr; set_free_bit &rArr; get_bit_ptr
</UL>
<BR>[Calls]<UL><LI><a href="#[187]">&gt;&gt;</a>&nbsp;&nbsp;&nbsp;k_mem_pool_init
</UL>
<BR>[Address Reference Count : 1]<UL><LI> mempool.o(.devconfig.init)
</UL>
<P><STRONG><a name="[17e]"></a>k_mem_pool_alloc</STRONG> (Thumb, 206 bytes, Stack size 48 bytes, mempool.o(.text))
<BR><BR>[Stack]<UL><LI>Max Depth = 232<LI>Call Chain = k_mem_pool_alloc &rArr; _pend_current_thread &rArr; pend &rArr; _add_thread_timeout &rArr; _add_timeout &rArr; _handle_one_expired_timeout &rArr; _ready_thread &rArr; _add_thread_to_ready_q &rArr; update_cache &rArr; next_up &rArr; _priq_mq_best &rArr; sys_dlist_peek_head
</UL>
<BR>[Calls]<UL><LI><a href="#[189]">&gt;&gt;</a>&nbsp;&nbsp;&nbsp;_tick_get
<LI><a href="#[18a]">&gt;&gt;</a>&nbsp;&nbsp;&nbsp;_sys_mem_pool_block_alloc
<LI><a href="#[18b]">&gt;&gt;</a>&nbsp;&nbsp;&nbsp;pool_id
<LI><a href="#[175]">&gt;&gt;</a>&nbsp;&nbsp;&nbsp;_pend_current_thread
</UL>
<BR>[Called By]<UL><LI><a href="#[190]">&gt;&gt;</a>&nbsp;&nbsp;&nbsp;k_mem_pool_malloc
<LI><a href="#[17d]">&gt;&gt;</a>&nbsp;&nbsp;&nbsp;k_mbox_data_block_get
</UL>

<P><STRONG><a name="[18c]"></a>k_mem_pool_free_id</STRONG> (Thumb, 134 bytes, Stack size 24 bytes, mempool.o(.text))
<BR><BR>[Stack]<UL><LI>Max Depth = 144<LI>Call Chain = k_mem_pool_free_id &rArr; _sys_mem_pool_block_free &rArr; block_free &rArr;  block_free (Cycle)
</UL>
<BR>[Calls]<UL><LI><a href="#[18f]">&gt;&gt;</a>&nbsp;&nbsp;&nbsp;_unpend_all
<LI><a href="#[18e]">&gt;&gt;</a>&nbsp;&nbsp;&nbsp;_sys_mem_pool_block_free
<LI><a href="#[18d]">&gt;&gt;</a>&nbsp;&nbsp;&nbsp;get_pool
<LI><a href="#[170]">&gt;&gt;</a>&nbsp;&nbsp;&nbsp;_reschedule
</UL>
<BR>[Called By]<UL><LI><a href="#[191]">&gt;&gt;</a>&nbsp;&nbsp;&nbsp;k_free
<LI><a href="#[16e]">&gt;&gt;</a>&nbsp;&nbsp;&nbsp;k_mem_pool_free
</UL>

<P><STRONG><a name="[16e]"></a>k_mem_pool_free</STRONG> (Thumb, 12 bytes, Stack size 8 bytes, mempool.o(.text), UNUSED)
<BR><BR>[Calls]<UL><LI><a href="#[18c]">&gt;&gt;</a>&nbsp;&nbsp;&nbsp;k_mem_pool_free_id
</UL>
<BR>[Called By]<UL><LI><a href="#[1a2]">&gt;&gt;</a>&nbsp;&nbsp;&nbsp;pipe_async_finish
<LI><a href="#[16d]">&gt;&gt;</a>&nbsp;&nbsp;&nbsp;mbox_message_dispose
</UL>

<P><STRONG><a name="[190]"></a>k_mem_pool_malloc</STRONG> (Thumb, 38 bytes, Stack size 24 bytes, mempool.o(.text))
<BR><BR>[Stack]<UL><LI>Max Depth = 256<LI>Call Chain = k_mem_pool_malloc &rArr; k_mem_pool_alloc &rArr; _pend_current_thread &rArr; pend &rArr; _add_thread_timeout &rArr; _add_timeout &rArr; _handle_one_expired_timeout &rArr; _ready_thread &rArr; _add_thread_to_ready_q &rArr; update_cache &rArr; next_up &rArr; _priq_mq_best &rArr; sys_dlist_peek_head
</UL>
<BR>[Calls]<UL><LI><a href="#[17e]">&gt;&gt;</a>&nbsp;&nbsp;&nbsp;k_mem_pool_alloc
</UL>
<BR>[Called By]<UL><LI><a href="#[195]">&gt;&gt;</a>&nbsp;&nbsp;&nbsp;z_thread_malloc
<LI><a href="#[192]">&gt;&gt;</a>&nbsp;&nbsp;&nbsp;k_malloc
</UL>

<P><STRONG><a name="[191]"></a>k_free</STRONG> (Thumb, 16 bytes, Stack size 8 bytes, mempool.o(.text))
<BR><BR>[Stack]<UL><LI>Max Depth = 152<LI>Call Chain = k_free &rArr; k_mem_pool_free_id &rArr; _sys_mem_pool_block_free &rArr; block_free &rArr;  block_free (Cycle)
</UL>
<BR>[Calls]<UL><LI><a href="#[18c]">&gt;&gt;</a>&nbsp;&nbsp;&nbsp;k_mem_pool_free_id
</UL>
<BR>[Called By]<UL><LI><a href="#[1d1]">&gt;&gt;</a>&nbsp;&nbsp;&nbsp;k_stack_cleanup
<LI><a href="#[1bc]">&gt;&gt;</a>&nbsp;&nbsp;&nbsp;z_queue_node_peek
<LI><a href="#[1a6]">&gt;&gt;</a>&nbsp;&nbsp;&nbsp;k_pipe_cleanup
</UL>

<P><STRONG><a name="[192]"></a>k_malloc</STRONG> (Thumb, 14 bytes, Stack size 8 bytes, mempool.o(.text), UNUSED)
<BR><BR>[Calls]<UL><LI><a href="#[190]">&gt;&gt;</a>&nbsp;&nbsp;&nbsp;k_mem_pool_malloc
</UL>
<BR>[Called By]<UL><LI><a href="#[193]">&gt;&gt;</a>&nbsp;&nbsp;&nbsp;k_calloc
</UL>

<P><STRONG><a name="[193]"></a>k_calloc</STRONG> (Thumb, 36 bytes, Stack size 24 bytes, mempool.o(.text), UNUSED)
<BR><BR>[Calls]<UL><LI><a href="#[192]">&gt;&gt;</a>&nbsp;&nbsp;&nbsp;k_malloc
<LI><a href="#[194]">&gt;&gt;</a>&nbsp;&nbsp;&nbsp;__aeabi_memclr
</UL>

<P><STRONG><a name="[2ea]"></a>k_thread_system_pool_assign</STRONG> (Thumb, 6 bytes, Stack size 0 bytes, mempool.o(.text), UNUSED)

<P><STRONG><a name="[195]"></a>z_thread_malloc</STRONG> (Thumb, 34 bytes, Stack size 16 bytes, mempool.o(.text))
<BR><BR>[Stack]<UL><LI>Max Depth = 272<LI>Call Chain = z_thread_malloc &rArr; k_mem_pool_malloc &rArr; k_mem_pool_alloc &rArr; _pend_current_thread &rArr; pend &rArr; _add_thread_timeout &rArr; _add_timeout &rArr; _handle_one_expired_timeout &rArr; _ready_thread &rArr; _add_thread_to_ready_q &rArr; update_cache &rArr; next_up &rArr; _priq_mq_best &rArr; sys_dlist_peek_head
</UL>
<BR>[Calls]<UL><LI><a href="#[190]">&gt;&gt;</a>&nbsp;&nbsp;&nbsp;k_mem_pool_malloc
</UL>
<BR>[Called By]<UL><LI><a href="#[1cf]">&gt;&gt;</a>&nbsp;&nbsp;&nbsp;_impl_k_stack_alloc_init
[...]
</UL>

<P><STRONG><a name="[269]"></a>_printk_dec_ulong</STRONG> (Thumb, 168 bytes, Stack size 64 bytes, printk.o(.text))
<BR><BR>[Stack]<UL><LI>Max Depth = 64<LI>Call Chain = _printk_dec_ulong
</UL>
<BR>[Called By]<UL><LI><a href="#[268]">&gt;&gt;</a>&nbsp;&nbsp;&nbsp;_vprintk
</UL>

<P><STRONG><a name="[1e]"></a>char_out</STRONG> (Thumb, 24 bytes, Stack size 16 bytes, printk.o(.text))
<BR><BR>[Stack]<UL><LI>Max Depth = 16<LI>Call Chain = char_out
</UL>
<BR>[Address Reference Count : 1]<UL><LI> printk.o(.text)
</UL>
<P><STRONG><a name="[1f]"></a>str_out</STRONG> (Thumb, 60 bytes, Stack size 8 bytes, printk.o(.text))
<BR><BR>[Stack]<UL><LI>Max Depth = 8<LI>Call Chain = str_out
</UL>
<BR>[Address Reference Count : 1]<UL><LI> printk.o(.text)
</UL>
<P><STRONG><a name="[277]"></a>sys_dlist_append</STRONG> (Thumb, 14 bytes, Stack size 0 bytes, mempool.o(.text))
<BR><BR>[Called By]<UL><LI><a href="#[188]">&gt;&gt;</a>&nbsp;&nbsp;&nbsp;_sys_mem_pool_base_init
<LI><a href="#[27e]">&gt;&gt;</a>&nbsp;&nbsp;&nbsp;block_break
<LI><a href="#[27d]">&gt;&gt;</a>&nbsp;&nbsp;&nbsp;block_free
</UL>

<P><STRONG><a name="[26e]"></a>level_empty</STRONG> (Thumb, 32 bytes, Stack size 16 bytes, mempool.o(.text))
<BR><BR>[Stack]<UL><LI>Max Depth = 16<LI>Call Chain = level_empty
</UL>
<BR>[Calls]<UL><LI><a href="#[26f]">&gt;&gt;</a>&nbsp;&nbsp;&nbsp;sys_dlist_is_empty
</UL>
<BR>[Called By]<UL><LI><a href="#[18a]">&gt;&gt;</a>&nbsp;&nbsp;&nbsp;_sys_mem_pool_block_alloc
</UL>

<P><STRONG><a name="[276]"></a>block_ptr</STRONG> (Thumb, 10 bytes, Stack size 0 bytes, mempool.o(.text))
<BR><BR>[Called By]<UL><LI><a href="#[188]">&gt;&gt;</a>&nbsp;&nbsp;&nbsp;_sys_mem_pool_base_init
<LI><a href="#[27d]">&gt;&gt;</a>&nbsp;&nbsp;&nbsp;block_free
</UL>

<P><STRONG><a name="[27b]"></a>block_num</STRONG> (Thumb, 12 bytes, Stack size 0 bytes, mempool.o(.text))
<BR><BR>[Called By]<UL><LI><a href="#[18a]">&gt;&gt;</a>&nbsp;&nbsp;&nbsp;_sys_mem_pool_block_alloc
<LI><a href="#[27e]">&gt;&gt;</a>&nbsp;&nbsp;&nbsp;block_break
<LI><a href="#[278]">&gt;&gt;</a>&nbsp;&nbsp;&nbsp;block_alloc
</UL>

<P><STRONG><a name="[271]"></a>get_bit_ptr</STRONG> (Thumb, 56 bytes, Stack size 16 bytes, mempool.o(.text))
<BR><BR>[Stack]<UL><LI>Max Depth = 16<LI>Call Chain = get_bit_ptr
</UL>
<BR>[Called By]<UL><LI><a href="#[273]">&gt;&gt;</a>&nbsp;&nbsp;&nbsp;partner_bits
<LI><a href="#[272]">&gt;&gt;</a>&nbsp;&nbsp;&nbsp;clear_free_bit
<LI><a href="#[270]">&gt;&gt;</a>&nbsp;&nbsp;&nbsp;set_free_bit
</UL>

<P><STRONG><a name="[270]"></a>set_free_bit</STRONG> (Thumb, 38 bytes, Stack size 24 bytes, mempool.o(.text))
<BR><BR>[Stack]<UL><LI>Max Depth = 40<LI>Call Chain = set_free_bit &rArr; get_bit_ptr
</UL>
<BR>[Calls]<UL><LI><a href="#[271]">&gt;&gt;</a>&nbsp;&nbsp;&nbsp;get_bit_ptr
</UL>
<BR>[Called By]<UL><LI><a href="#[188]">&gt;&gt;</a>&nbsp;&nbsp;&nbsp;_sys_mem_pool_base_init
<LI><a href="#[27e]">&gt;&gt;</a>&nbsp;&nbsp;&nbsp;block_break
<LI><a href="#[27d]">&gt;&gt;</a>&nbsp;&nbsp;&nbsp;block_free
</UL>

<P><STRONG><a name="[272]"></a>clear_free_bit</STRONG> (Thumb, 38 bytes, Stack size 24 bytes, mempool.o(.text))
<BR><BR>[Stack]<UL><LI>Max Depth = 40<LI>Call Chain = clear_free_bit &rArr; get_bit_ptr
</UL>
<BR>[Calls]<UL><LI><a href="#[271]">&gt;&gt;</a>&nbsp;&nbsp;&nbsp;get_bit_ptr
</UL>
<BR>[Called By]<UL><LI><a href="#[27d]">&gt;&gt;</a>&nbsp;&nbsp;&nbsp;block_free
<LI><a href="#[278]">&gt;&gt;</a>&nbsp;&nbsp;&nbsp;block_alloc
</UL>

<P><STRONG><a name="[273]"></a>partner_bits</STRONG> (Thumb, 46 bytes, Stack size 24 bytes, mempool.o(.text))
<BR><BR>[Stack]<UL><LI>Max Depth = 40<LI>Call Chain = partner_bits &rArr; get_bit_ptr
</UL>
<BR>[Calls]<UL><LI><a href="#[271]">&gt;&gt;</a>&nbsp;&nbsp;&nbsp;get_bit_ptr
</UL>
<BR>[Called By]<UL><LI><a href="#[27d]">&gt;&gt;</a>&nbsp;&nbsp;&nbsp;block_free
</UL>

<P><STRONG><a name="[275]"></a>buf_size</STRONG> (Thumb, 10 bytes, Stack size 0 bytes, mempool.o(.text))
<BR><BR>[Called By]<UL><LI><a href="#[274]">&gt;&gt;</a>&nbsp;&nbsp;&nbsp;block_fits
</UL>

<P><STRONG><a name="[274]"></a>block_fits</STRONG> (Thumb, 34 bytes, Stack size 16 bytes, mempool.o(.text))
<BR><BR>[Stack]<UL><LI>Max Depth = 16<LI>Call Chain = block_fits
</UL>
<BR>[Calls]<UL><LI><a href="#[275]">&gt;&gt;</a>&nbsp;&nbsp;&nbsp;buf_size
</UL>
<BR>[Called By]<UL><LI><a href="#[27e]">&gt;&gt;</a>&nbsp;&nbsp;&nbsp;block_break
<LI><a href="#[27d]">&gt;&gt;</a>&nbsp;&nbsp;&nbsp;block_free
</UL>

<P><STRONG><a name="[279]"></a>pool_irq_lock</STRONG> (Thumb, 34 bytes, Stack size 0 bytes, mempool.o(.text))
<BR><BR>[Called By]<UL><LI><a href="#[27e]">&gt;&gt;</a>&nbsp;&nbsp;&nbsp;block_break
<LI><a href="#[27d]">&gt;&gt;</a>&nbsp;&nbsp;&nbsp;block_free
<LI><a href="#[278]">&gt;&gt;</a>&nbsp;&nbsp;&nbsp;block_alloc
</UL>

<P><STRONG><a name="[27c]"></a>pool_irq_unlock</STRONG> (Thumb, 24 bytes, Stack size 0 bytes, mempool.o(.text))
<BR><BR>[Called By]<UL><LI><a href="#[27e]">&gt;&gt;</a>&nbsp;&nbsp;&nbsp;block_break
<LI><a href="#[27d]">&gt;&gt;</a>&nbsp;&nbsp;&nbsp;block_free
<LI><a href="#[278]">&gt;&gt;</a>&nbsp;&nbsp;&nbsp;block_alloc
</UL>

<P><STRONG><a name="[278]"></a>block_alloc</STRONG> (Thumb, 94 bytes, Stack size 32 bytes, mempool.o(.text))
<BR><BR>[Stack]<UL><LI>Max Depth = 72<LI>Call Chain = block_alloc &rArr; clear_free_bit &rArr; get_bit_ptr
</UL>
<BR>[Calls]<UL><LI><a href="#[27a]">&gt;&gt;</a>&nbsp;&nbsp;&nbsp;sys_dlist_remove
<LI><a href="#[26f]">&gt;&gt;</a>&nbsp;&nbsp;&nbsp;sys_dlist_is_empty
<LI><a href="#[27c]">&gt;&gt;</a>&nbsp;&nbsp;&nbsp;pool_irq_unlock
<LI><a href="#[279]">&gt;&gt;</a>&nbsp;&nbsp;&nbsp;pool_irq_lock
<LI><a href="#[272]">&gt;&gt;</a>&nbsp;&nbsp;&nbsp;clear_free_bit
<LI><a href="#[27b]">&gt;&gt;</a>&nbsp;&nbsp;&nbsp;block_num
</UL>
<BR>[Called By]<UL><LI><a href="#[18a]">&gt;&gt;</a>&nbsp;&nbsp;&nbsp;_sys_mem_pool_block_alloc
</UL>

<P><STRONG><a name="[27d]"></a>block_free</STRONG> (Thumb, 210 bytes, Stack size 48 bytes, mempool.o(.text))
<BR><BR>[Stack]<UL><LI>Max Depth = 88 + In Cycle
<LI>Call Chain = block_free &rArr;  block_free (Cycle)
</UL>
<BR>[Calls]<UL><LI><a href="#[27a]">&gt;&gt;</a>&nbsp;&nbsp;&nbsp;sys_dlist_remove
<LI><a href="#[27d]">&gt;&gt;</a>&nbsp;&nbsp;&nbsp;block_free
<LI><a href="#[27c]">&gt;&gt;</a>&nbsp;&nbsp;&nbsp;pool_irq_unlock
<LI><a href="#[279]">&gt;&gt;</a>&nbsp;&nbsp;&nbsp;pool_irq_lock
<LI><a href="#[274]">&gt;&gt;</a>&nbsp;&nbsp;&nbsp;block_fits
<LI><a href="#[273]">&gt;&gt;</a>&nbsp;&nbsp;&nbsp;partner_bits
<LI><a href="#[272]">&gt;&gt;</a>&nbsp;&nbsp;&nbsp;clear_free_bit
<LI><a href="#[270]">&gt;&gt;</a>&nbsp;&nbsp;&nbsp;set_free_bit
<LI><a href="#[276]">&gt;&gt;</a>&nbsp;&nbsp;&nbsp;block_ptr
<LI><a href="#[277]">&gt;&gt;</a>&nbsp;&nbsp;&nbsp;sys_dlist_append
</UL>
<BR>[Called By]<UL><LI><a href="#[18e]">&gt;&gt;</a>&nbsp;&nbsp;&nbsp;_sys_mem_pool_block_free
<LI><a href="#[27d]">&gt;&gt;</a>&nbsp;&nbsp;&nbsp;block_free
</UL>

<P><STRONG><a name="[27e]"></a>block_break</STRONG> (Thumb, 120 bytes, Stack size 48 bytes, mempool.o(.text))
<BR><BR>[Stack]<UL><LI>Max Depth = 88<LI>Call Chain = block_break &rArr; set_free_bit &rArr; get_bit_ptr
</UL>
<BR>[Calls]<UL><LI><a href="#[27c]">&gt;&gt;</a>&nbsp;&nbsp;&nbsp;pool_irq_unlock
<LI><a href="#[279]">&gt;&gt;</a>&nbsp;&nbsp;&nbsp;pool_irq_lock
<LI><a href="#[274]">&gt;&gt;</a>&nbsp;&nbsp;&nbsp;block_fits
<LI><a href="#[270]">&gt;&gt;</a>&nbsp;&nbsp;&nbsp;set_free_bit
<LI><a href="#[27b]">&gt;&gt;</a>&nbsp;&nbsp;&nbsp;block_num
<LI><a href="#[277]">&gt;&gt;</a>&nbsp;&nbsp;&nbsp;sys_dlist_append
</UL>
<BR>[Called By]<UL><LI><a href="#[18a]">&gt;&gt;</a>&nbsp;&nbsp;&nbsp;_sys_mem_pool_block_alloc
</UL>

<P><STRONG><a name="[26f]"></a>sys_dlist_is_empty</STRONG> (Thumb, 16 bytes, Stack size 0 bytes, mempool.o(.text))
<BR><BR>[Called By]<UL><LI><a href="#[278]">&gt;&gt;</a>&nbsp;&nbsp;&nbsp;block_alloc
<LI><a href="#[26e]">&gt;&gt;</a>&nbsp;&nbsp;&nbsp;level_empty
</UL>

<P><STRONG><a name="[27a]"></a>sys_dlist_remove</STRONG> (Thumb, 14 bytes, Stack size 0 bytes, mempool.o(.text))
<BR><BR>[Called By]<UL><LI><a href="#[27d]">&gt;&gt;</a>&nbsp;&nbsp;&nbsp;block_free
<LI><a href="#[278]">&gt;&gt;</a>&nbsp;&nbsp;&nbsp;block_alloc
</UL>

<P><STRONG><a name="[282]"></a>k_mutex_lock</STRONG> (Thumb, 16 bytes, Stack size 16 bytes, mempool.o(.text), UNUSED)
<BR><BR>[Calls]<UL><LI><a href="#[dc]">&gt;&gt;</a>&nbsp;&nbsp;&nbsp;_impl_k_mutex_lock
</UL>
<BR>[Called By]<UL><LI><a href="#[284]">&gt;&gt;</a>&nbsp;&nbsp;&nbsp;sys_mem_pool_free
<LI><a href="#[281]">&gt;&gt;</a>&nbsp;&nbsp;&nbsp;sys_mem_pool_alloc
</UL>

<P><STRONG><a name="[283]"></a>k_mutex_unlock</STRONG> (Thumb, 12 bytes, Stack size 8 bytes, mempool.o(.text), UNUSED)
<BR><BR>[Calls]<UL><LI><a href="#[dd]">&gt;&gt;</a>&nbsp;&nbsp;&nbsp;_impl_k_mutex_unlock
</UL>
<BR>[Called By]<UL><LI><a href="#[284]">&gt;&gt;</a>&nbsp;&nbsp;&nbsp;sys_mem_pool_free
<LI><a href="#[281]">&gt;&gt;</a>&nbsp;&nbsp;&nbsp;sys_mem_pool_alloc
</UL>

<P><STRONG><a name="[60]"></a>_stdout_hook_default</STRONG> (Thumb, 8 bytes, Stack size 0 bytes, stdout_console.o(.text))
<BR>[Address Reference Count : 1]<UL><LI> stdout_console.o(.data)
</UL>
<P><STRONG><a name="[298]"></a>sys_power_save_idle</STRONG> (Thumb, 16 bytes, Stack size 8 bytes, idle.o(.text))
<BR><BR>[Stack]<UL><LI>Max Depth = 8 + Unknown Stack Size
<LI>Call Chain = sys_power_save_idle
</UL>
<BR>[Calls]<UL><LI><a href="#[299]">&gt;&gt;</a>&nbsp;&nbsp;&nbsp;k_cpu_idle
</UL>
<BR>[Called By]<UL><LI><a href="#[1a]">&gt;&gt;</a>&nbsp;&nbsp;&nbsp;idle
</UL>

<P><STRONG><a name="[29e]"></a>get_child</STRONG> (Thumb, 18 bytes, Stack size 0 bytes, rb.o(.text), UNUSED)
<BR><BR>[Called By]<UL><LI><a href="#[2a6]">&gt;&gt;</a>&nbsp;&nbsp;&nbsp;_rb_child
<LI><a href="#[2a5]">&gt;&gt;</a>&nbsp;&nbsp;&nbsp;_rb_walk
<LI><a href="#[2a9]">&gt;&gt;</a>&nbsp;&nbsp;&nbsp;stack_left_limb
<LI><a href="#[2a4]">&gt;&gt;</a>&nbsp;&nbsp;&nbsp;fix_missing_black
<LI><a href="#[2a2]">&gt;&gt;</a>&nbsp;&nbsp;&nbsp;fix_extra_red
<LI><a href="#[2a0]">&gt;&gt;</a>&nbsp;&nbsp;&nbsp;rotate
<LI><a href="#[29f]">&gt;&gt;</a>&nbsp;&nbsp;&nbsp;get_side
<LI><a href="#[29d]">&gt;&gt;</a>&nbsp;&nbsp;&nbsp;find_and_stack
<LI><a href="#[229]">&gt;&gt;</a>&nbsp;&nbsp;&nbsp;rb_remove
<LI><a href="#[22b]">&gt;&gt;</a>&nbsp;&nbsp;&nbsp;_rb_get_minmax
<LI><a href="#[226]">&gt;&gt;</a>&nbsp;&nbsp;&nbsp;_rb_foreach_next
<LI><a href="#[2a8]">&gt;&gt;</a>&nbsp;&nbsp;&nbsp;rb_contains
</UL>

<P><STRONG><a name="[2a1]"></a>set_child</STRONG> (Thumb, 24 bytes, Stack size 12 bytes, rb.o(.text), UNUSED)
<BR><BR>[Called By]<UL><LI><a href="#[2a4]">&gt;&gt;</a>&nbsp;&nbsp;&nbsp;fix_missing_black
<LI><a href="#[2a0]">&gt;&gt;</a>&nbsp;&nbsp;&nbsp;rotate
<LI><a href="#[229]">&gt;&gt;</a>&nbsp;&nbsp;&nbsp;rb_remove
<LI><a href="#[227]">&gt;&gt;</a>&nbsp;&nbsp;&nbsp;rb_insert
</UL>

<P><STRONG><a name="[29b]"></a>get_color</STRONG> (Thumb, 10 bytes, Stack size 0 bytes, rb.o(.text), UNUSED)
<BR><BR>[Called By]<UL><LI><a href="#[2a4]">&gt;&gt;</a>&nbsp;&nbsp;&nbsp;fix_missing_black
<LI><a href="#[29c]">&gt;&gt;</a>&nbsp;&nbsp;&nbsp;is_red
<LI><a href="#[29a]">&gt;&gt;</a>&nbsp;&nbsp;&nbsp;is_black
<LI><a href="#[229]">&gt;&gt;</a>&nbsp;&nbsp;&nbsp;rb_remove
</UL>

<P><STRONG><a name="[29a]"></a>is_black</STRONG> (Thumb, 20 bytes, Stack size 8 bytes, rb.o(.text), UNUSED)
<BR><BR>[Calls]<UL><LI><a href="#[29b]">&gt;&gt;</a>&nbsp;&nbsp;&nbsp;get_color
</UL>
<BR>[Called By]<UL><LI><a href="#[2a7]">&gt;&gt;</a>&nbsp;&nbsp;&nbsp;_rb_is_black
<LI><a href="#[2a4]">&gt;&gt;</a>&nbsp;&nbsp;&nbsp;fix_missing_black
<LI><a href="#[2a2]">&gt;&gt;</a>&nbsp;&nbsp;&nbsp;fix_extra_red
<LI><a href="#[229]">&gt;&gt;</a>&nbsp;&nbsp;&nbsp;rb_remove
</UL>

<P><STRONG><a name="[29c]"></a>is_red</STRONG> (Thumb, 20 bytes, Stack size 8 bytes, rb.o(.text), UNUSED)
<BR><BR>[Calls]<UL><LI><a href="#[29b]">&gt;&gt;</a>&nbsp;&nbsp;&nbsp;get_color
</UL>
<BR>[Called By]<UL><LI><a href="#[2a4]">&gt;&gt;</a>&nbsp;&nbsp;&nbsp;fix_missing_black
<LI><a href="#[2a2]">&gt;&gt;</a>&nbsp;&nbsp;&nbsp;fix_extra_red
<LI><a href="#[229]">&gt;&gt;</a>&nbsp;&nbsp;&nbsp;rb_remove
</UL>

<P><STRONG><a name="[2a3]"></a>set_color</STRONG> (Thumb, 14 bytes, Stack size 0 bytes, rb.o(.text), UNUSED)
<BR><BR>[Called By]<UL><LI><a href="#[2a4]">&gt;&gt;</a>&nbsp;&nbsp;&nbsp;fix_missing_black
<LI><a href="#[2a2]">&gt;&gt;</a>&nbsp;&nbsp;&nbsp;fix_extra_red
<LI><a href="#[229]">&gt;&gt;</a>&nbsp;&nbsp;&nbsp;rb_remove
<LI><a href="#[227]">&gt;&gt;</a>&nbsp;&nbsp;&nbsp;rb_insert
</UL>

<P><STRONG><a name="[29d]"></a>find_and_stack</STRONG> (Thumb, 94 bytes, Stack size 32 bytes, rb.o(.text), UNUSED)
<BR><BR>[Calls]<UL><LI><a href="#[29e]">&gt;&gt;</a>&nbsp;&nbsp;&nbsp;get_child
</UL>
<BR>[Called By]<UL><LI><a href="#[229]">&gt;&gt;</a>&nbsp;&nbsp;&nbsp;rb_remove
<LI><a href="#[227]">&gt;&gt;</a>&nbsp;&nbsp;&nbsp;rb_insert
</UL>

<P><STRONG><a name="[29f]"></a>get_side</STRONG> (Thumb, 26 bytes, Stack size 16 bytes, rb.o(.text), UNUSED)
<BR><BR>[Calls]<UL><LI><a href="#[29e]">&gt;&gt;</a>&nbsp;&nbsp;&nbsp;get_child
</UL>
<BR>[Called By]<UL><LI><a href="#[2a4]">&gt;&gt;</a>&nbsp;&nbsp;&nbsp;fix_missing_black
<LI><a href="#[2a2]">&gt;&gt;</a>&nbsp;&nbsp;&nbsp;fix_extra_red
<LI><a href="#[2a0]">&gt;&gt;</a>&nbsp;&nbsp;&nbsp;rotate
<LI><a href="#[229]">&gt;&gt;</a>&nbsp;&nbsp;&nbsp;rb_remove
</UL>

<P><STRONG><a name="[2a0]"></a>rotate</STRONG> (Thumb, 152 bytes, Stack size 40 bytes, rb.o(.text), UNUSED)
<BR><BR>[Calls]<UL><LI><a href="#[29f]">&gt;&gt;</a>&nbsp;&nbsp;&nbsp;get_side
<LI><a href="#[2a1]">&gt;&gt;</a>&nbsp;&nbsp;&nbsp;set_child
<LI><a href="#[29e]">&gt;&gt;</a>&nbsp;&nbsp;&nbsp;get_child
</UL>
<BR>[Called By]<UL><LI><a href="#[2a4]">&gt;&gt;</a>&nbsp;&nbsp;&nbsp;fix_missing_black
<LI><a href="#[2a2]">&gt;&gt;</a>&nbsp;&nbsp;&nbsp;fix_extra_red
</UL>

<P><STRONG><a name="[2a2]"></a>fix_extra_red</STRONG> (Thumb, 184 bytes, Stack size 40 bytes, rb.o(.text), UNUSED)
<BR><BR>[Calls]<UL><LI><a href="#[2a0]">&gt;&gt;</a>&nbsp;&nbsp;&nbsp;rotate
<LI><a href="#[29f]">&gt;&gt;</a>&nbsp;&nbsp;&nbsp;get_side
<LI><a href="#[2a3]">&gt;&gt;</a>&nbsp;&nbsp;&nbsp;set_color
<LI><a href="#[29c]">&gt;&gt;</a>&nbsp;&nbsp;&nbsp;is_red
<LI><a href="#[29a]">&gt;&gt;</a>&nbsp;&nbsp;&nbsp;is_black
<LI><a href="#[29e]">&gt;&gt;</a>&nbsp;&nbsp;&nbsp;get_child
</UL>
<BR>[Called By]<UL><LI><a href="#[227]">&gt;&gt;</a>&nbsp;&nbsp;&nbsp;rb_insert
</UL>

<P><STRONG><a name="[2a4]"></a>fix_missing_black</STRONG> (Thumb, 404 bytes, Stack size 56 bytes, rb.o(.text), UNUSED)
<BR><BR>[Calls]<UL><LI><a href="#[2a0]">&gt;&gt;</a>&nbsp;&nbsp;&nbsp;rotate
<LI><a href="#[29f]">&gt;&gt;</a>&nbsp;&nbsp;&nbsp;get_side
<LI><a href="#[2a3]">&gt;&gt;</a>&nbsp;&nbsp;&nbsp;set_color
<LI><a href="#[29c]">&gt;&gt;</a>&nbsp;&nbsp;&nbsp;is_red
<LI><a href="#[29a]">&gt;&gt;</a>&nbsp;&nbsp;&nbsp;is_black
<LI><a href="#[29b]">&gt;&gt;</a>&nbsp;&nbsp;&nbsp;get_color
<LI><a href="#[2a1]">&gt;&gt;</a>&nbsp;&nbsp;&nbsp;set_child
<LI><a href="#[29e]">&gt;&gt;</a>&nbsp;&nbsp;&nbsp;get_child
</UL>
<BR>[Called By]<UL><LI><a href="#[229]">&gt;&gt;</a>&nbsp;&nbsp;&nbsp;rb_remove
</UL>

<P><STRONG><a name="[2a9]"></a>stack_left_limb</STRONG> (Thumb, 74 bytes, Stack size 16 bytes, rb.o(.text), UNUSED)
<BR><BR>[Calls]<UL><LI><a href="#[29e]">&gt;&gt;</a>&nbsp;&nbsp;&nbsp;get_child
</UL>
<BR>[Called By]<UL><LI><a href="#[226]">&gt;&gt;</a>&nbsp;&nbsp;&nbsp;_rb_foreach_next
</UL>

<P><STRONG><a name="[2b5]"></a>_FaultShow</STRONG> (Thumb, 2 bytes, Stack size 0 bytes, fault.o(.text))
<BR><BR>[Called By]<UL><LI><a href="#[2b4]">&gt;&gt;</a>&nbsp;&nbsp;&nbsp;_FaultHandle
</UL>

<P><STRONG><a name="[2ae]"></a>_MpuFaultIsRecoverable</STRONG> (Thumb, 6 bytes, Stack size 0 bytes, fault.o(.text))
<BR><BR>[Called By]<UL><LI><a href="#[2ad]">&gt;&gt;</a>&nbsp;&nbsp;&nbsp;_MpuFault
</UL>

<P><STRONG><a name="[2ad]"></a>_MpuFault</STRONG> (Thumb, 156 bytes, Stack size 24 bytes, fault.o(.text))
<BR><BR>[Stack]<UL><LI>Max Depth = 200<LI>Call Chain = _MpuFault &rArr; printk &rArr; vprintk &rArr; _vprintk &rArr; _printk_dec_ulong
</UL>
<BR>[Calls]<UL><LI><a href="#[89]">&gt;&gt;</a>&nbsp;&nbsp;&nbsp;printk
<LI><a href="#[2ae]">&gt;&gt;</a>&nbsp;&nbsp;&nbsp;_MpuFaultIsRecoverable
</UL>
<BR>[Called By]<UL><LI><a href="#[2b4]">&gt;&gt;</a>&nbsp;&nbsp;&nbsp;_FaultHandle
<LI><a href="#[2b2]">&gt;&gt;</a>&nbsp;&nbsp;&nbsp;_HardFault
</UL>

<P><STRONG><a name="[2af]"></a>_BusFault</STRONG> (Thumb, 176 bytes, Stack size 16 bytes, fault.o(.text))
<BR><BR>[Stack]<UL><LI>Max Depth = 192<LI>Call Chain = _BusFault &rArr; printk &rArr; vprintk &rArr; _vprintk &rArr; _printk_dec_ulong
</UL>
<BR>[Calls]<UL><LI><a href="#[89]">&gt;&gt;</a>&nbsp;&nbsp;&nbsp;printk
</UL>
<BR>[Called By]<UL><LI><a href="#[2b4]">&gt;&gt;</a>&nbsp;&nbsp;&nbsp;_FaultHandle
<LI><a href="#[2b2]">&gt;&gt;</a>&nbsp;&nbsp;&nbsp;_HardFault
</UL>

<P><STRONG><a name="[2b0]"></a>_UsageFault</STRONG> (Thumb, 124 bytes, Stack size 16 bytes, fault.o(.text))
<BR><BR>[Stack]<UL><LI>Max Depth = 192<LI>Call Chain = _UsageFault &rArr; printk &rArr; vprintk &rArr; _vprintk &rArr; _printk_dec_ulong
</UL>
<BR>[Calls]<UL><LI><a href="#[89]">&gt;&gt;</a>&nbsp;&nbsp;&nbsp;printk
</UL>
<BR>[Called By]<UL><LI><a href="#[2b4]">&gt;&gt;</a>&nbsp;&nbsp;&nbsp;_FaultHandle
<LI><a href="#[2b2]">&gt;&gt;</a>&nbsp;&nbsp;&nbsp;_HardFault
</UL>

<P><STRONG><a name="[2b1]"></a>_DebugMonitor</STRONG> (Thumb, 12 bytes, Stack size 8 bytes, fault.o(.text))
<BR><BR>[Stack]<UL><LI>Max Depth = 184<LI>Call Chain = _DebugMonitor &rArr; printk &rArr; vprintk &rArr; _vprintk &rArr; _printk_dec_ulong
</UL>
<BR>[Calls]<UL><LI><a href="#[89]">&gt;&gt;</a>&nbsp;&nbsp;&nbsp;printk
</UL>
<BR>[Called By]<UL><LI><a href="#[2b4]">&gt;&gt;</a>&nbsp;&nbsp;&nbsp;_FaultHandle
</UL>

<P><STRONG><a name="[2b2]"></a>_HardFault</STRONG> (Thumb, 106 bytes, Stack size 16 bytes, fault.o(.text))
<BR><BR>[Stack]<UL><LI>Max Depth = 216<LI>Call Chain = _HardFault &rArr; _MpuFault &rArr; printk &rArr; vprintk &rArr; _vprintk &rArr; _printk_dec_ulong
</UL>
<BR>[Calls]<UL><LI><a href="#[89]">&gt;&gt;</a>&nbsp;&nbsp;&nbsp;printk
<LI><a href="#[2b0]">&gt;&gt;</a>&nbsp;&nbsp;&nbsp;_UsageFault
<LI><a href="#[2af]">&gt;&gt;</a>&nbsp;&nbsp;&nbsp;_BusFault
<LI><a href="#[2ad]">&gt;&gt;</a>&nbsp;&nbsp;&nbsp;_MpuFault
</UL>
<BR>[Called By]<UL><LI><a href="#[2b4]">&gt;&gt;</a>&nbsp;&nbsp;&nbsp;_FaultHandle
</UL>

<P><STRONG><a name="[2b3]"></a>_ReservedException</STRONG> (Thumb, 30 bytes, Stack size 16 bytes, fault.o(.text))
<BR><BR>[Stack]<UL><LI>Max Depth = 192<LI>Call Chain = _ReservedException &rArr; printk &rArr; vprintk &rArr; _vprintk &rArr; _printk_dec_ulong
</UL>
<BR>[Calls]<UL><LI><a href="#[89]">&gt;&gt;</a>&nbsp;&nbsp;&nbsp;printk
</UL>
<BR>[Called By]<UL><LI><a href="#[2b4]">&gt;&gt;</a>&nbsp;&nbsp;&nbsp;_FaultHandle
</UL>

<P><STRONG><a name="[2b4]"></a>_FaultHandle</STRONG> (Thumb, 112 bytes, Stack size 16 bytes, fault.o(.text))
<BR><BR>[Stack]<UL><LI>Max Depth = 232<LI>Call Chain = _FaultHandle &rArr; _HardFault &rArr; _MpuFault &rArr; printk &rArr; vprintk &rArr; _vprintk &rArr; _printk_dec_ulong
</UL>
<BR>[Calls]<UL><LI><a href="#[2b3]">&gt;&gt;</a>&nbsp;&nbsp;&nbsp;_ReservedException
<LI><a href="#[2b2]">&gt;&gt;</a>&nbsp;&nbsp;&nbsp;_HardFault
<LI><a href="#[2b1]">&gt;&gt;</a>&nbsp;&nbsp;&nbsp;_DebugMonitor
<LI><a href="#[2b0]">&gt;&gt;</a>&nbsp;&nbsp;&nbsp;_UsageFault
<LI><a href="#[2af]">&gt;&gt;</a>&nbsp;&nbsp;&nbsp;_BusFault
<LI><a href="#[2ad]">&gt;&gt;</a>&nbsp;&nbsp;&nbsp;_MpuFault
<LI><a href="#[2b5]">&gt;&gt;</a>&nbsp;&nbsp;&nbsp;_FaultShow
</UL>
<BR>[Called By]<UL><LI><a href="#[2b6]">&gt;&gt;</a>&nbsp;&nbsp;&nbsp;_Fault
</UL>
<P>
<H3>
Undefined Global Symbols
</H3><HR></body></html>
