Component: ARM Compiler 5.06 update 3 (build 300) Tool: armlink [4d35c9]

==============================================================================

Section Cross References

    main.o(.text) refers to gm_hal_vin.o(.text) for HAL_VIN_Enable
    main.o(.text) refers to device.o(.text) for device_get_binding
    main.o(.text) refers to printk.o(.text) for printk
    main.o(.text) refers to main.o(.data) for dcmi
    main.o(.text) refers to main.o(.bss) for info
    soc.o(.text) refers to soc_gm6721x.o(.text) for SystemInit
    soc.o(.devconfig.init) refers to soc.o(.conststrlit) for .conststrlit
    soc.o(.devconfig.init) refers to soc.o(.text) for gm6721x_init
    soc.o(.devconfig.init) refers to device.o(.text) for device_pm_control_nop
    soc.o(.init_PRE_KERNEL_10) refers to soc.o(.devconfig.init) for __config_sys_init_gm6721x_init0
    soc_gm6721x.o(.text) refers to gm_hal_clock.o(.text) for HAL_CLOCK_PLLsReferenceClock
    uart_gm.o(.text) refers to gm_hal_uart.o(.text) for HAL_UART_Init
    uart_gm.o(.text) refers to isr_tables.o(.text) for _sw_isr_table_set
    uart_gm.o(.text) refers to irq_manage.o(.text) for _irq_priority_set
    uart_gm.o(.text) refers to uart_gm.o(.data) for pm_dev_status
    uart_gm.o(.text) refers to uart_gm.o(.init_PRE_KERNEL_17) for __device_uart0_dev
    uart_gm.o(.constdata) refers to uart_gm.o(.text) for uart_gm_irq_config
    uart_gm.o(.devconfig.init) refers to uart_gm.o(.conststrlit) for .conststrlit
    uart_gm.o(.devconfig.init) refers to uart_gm.o(.text) for uart_gm_init
    uart_gm.o(.devconfig.init) refers to uart_gm.o(.constdata) for uart_gm_dev_cfg_0
    uart_gm.o(.init_PRE_KERNEL_17) refers to uart_gm.o(.devconfig.init) for __config_uart0_dev
    uart_gm.o(.init_PRE_KERNEL_17) refers to uart_gm.o(.constdata) for uart_gm_driver_api
    uart_gm.o(.init_PRE_KERNEL_17) refers to uart_gm.o(.bss) for uart_gm_dev_data_0
    cortex_m_systick.o(.text) refers to sys_clock.o(.text) for _nano_sys_clock_tick_announce
    cortex_m_systick.o(.text) refers to exc_exit.o(.text._HandlerModeExit) for _ExcExit
    cortex_m_systick.o(.text) refers to cortex_m_systick.o(.data) for clock_accumulated_count
    cortex_m_systick.o(.text) refers to sys_clock.o(.data) for sys_clock_hw_cycles_per_tick
    uart_console.o(.text) refers to stdout_console.o(.text) for __stdout_hook_install
    uart_console.o(.text) refers to printk.o(.text) for __printk_hook_install
    uart_console.o(.text) refers to device.o(.text) for device_get_binding
    uart_console.o(.text) refers to uart_console.o(.data) for uart_console_dev
    uart_console.o(.devconfig.init) refers to uart_console.o(.conststrlit) for .conststrlit
    uart_console.o(.devconfig.init) refers to uart_console.o(.text) for uart_console_init
    uart_console.o(.devconfig.init) refers to device.o(.text) for device_pm_control_nop
    uart_console.o(.init_PRE_KERNEL_160) refers to uart_console.o(.devconfig.init) for __config_sys_init_uart_console_init0
    gpio_gm.o(.text) refers to gm_hal_gpio.o(.text) for HAL_GPIO_CLK_ENABLE
    gpio_gm.o(.text) refers to isr_tables.o(.text) for _sw_isr_table_set
    gpio_gm.o(.text) refers to irq_manage.o(.text) for _irq_priority_set
    gpio_gm.o(.text) refers to gpio_gm.o(.init_PRE_KERNEL_16) for __device_gpio_gm_a
    gpio_gm.o(.constdata) refers to gpio_gm.o(.text) for gpio_gm_config
    gpio_gm.o(.devconfig.init) refers to gpio_gm.o(.conststrlit) for .conststrlit
    gpio_gm.o(.devconfig.init) refers to gpio_gm.o(.text) for gpio_gm_a_init
    gpio_gm.o(.devconfig.init) refers to device.o(.text) for device_pm_control_nop
    gpio_gm.o(.devconfig.init) refers to gpio_gm.o(.constdata) for gpio_gm_a_config
    gpio_gm.o(.init_PRE_KERNEL_16) refers to gpio_gm.o(.devconfig.init) for __config_gpio_gm_a
    gpio_gm.o(.init_PRE_KERNEL_16) refers to gpio_gm.o(.constdata) for api_funcs
    gpio_gm.o(.init_PRE_KERNEL_16) refers to gpio_gm.o(.bss) for gpio_gm_a_data
    pinmux_gm.o(.text) refers to gm_hal_gpio.o(.text) for HAL_GPIO_Init
    pinmux_gm.o(.constdata) refers to pinmux_gm.o(.text) for pinmux_gm_set
    pinmux_gm.o(.devconfig.init) refers to pinmux_gm.o(.conststrlit) for .conststrlit
    pinmux_gm.o(.devconfig.init) refers to pinmux_gm.o(.text) for pinmux_gm_init
    pinmux_gm.o(.devconfig.init) refers to device.o(.text) for device_pm_control_nop
    pinmux_gm.o(.devconfig.init) refers to pinmux_gm.o(.data) for pinmux_gm_porta_config
    pinmux_gm.o(.init_PRE_KERNEL_13) refers to pinmux_gm.o(.devconfig.init) for __config_pinmux_porta
    pinmux_gm.o(.init_PRE_KERNEL_13) refers to pinmux_gm.o(.constdata) for pinmux_gm_driver_api
    sys_clock_init.o(.devconfig.init) refers to sys_clock_init.o(.conststrlit) for .conststrlit
    sys_clock_init.o(.devconfig.init) refers to cortex_m_systick.o(.text) for _sys_clock_driver_init
    sys_clock_init.o(.devconfig.init) refers to device.o(.text) for device_pm_control_nop
[...]
    __tagsym$$used                           0xc0022d64   Number         0  gpio_gm.o(.init_PRE_KERNEL_16)
    .init_PRE_KERNEL_160                     0xc0022d78   Section       20  uart_console.o(.init_PRE_KERNEL_160)
    __device_sys_init_uart_console_init0     0xc0022d78   Data          20  uart_console.o(.init_PRE_KERNEL_160)
    __tagsym$$used                           0xc0022d78   Number         0  uart_console.o(.init_PRE_KERNEL_160)
    .init_PRE_KERNEL_17                      0xc0022d8c   Section       80  uart_gm.o(.init_PRE_KERNEL_17)
    __device_uart0_dev                       0xc0022d8c   Data          20  uart_gm.o(.init_PRE_KERNEL_17)
    __tagsym$$used                           0xc0022d8c   Number         0  uart_gm.o(.init_PRE_KERNEL_17)
    __device_uart1_dev                       0xc0022da0   Data          20  uart_gm.o(.init_PRE_KERNEL_17)
    __tagsym$$used                           0xc0022da0   Number         0  uart_gm.o(.init_PRE_KERNEL_17)
    __device_uart2_dev                       0xc0022db4   Data          20  uart_gm.o(.init_PRE_KERNEL_17)
    __tagsym$$used                           0xc0022db4   Number         0  uart_gm.o(.init_PRE_KERNEL_17)
    __device_uart3_dev                       0xc0022dc8   Data          20  uart_gm.o(.init_PRE_KERNEL_17)
    __tagsym$$used                           0xc0022dc8   Number         0  uart_gm.o(.init_PRE_KERNEL_17)
    .init_PRE_KERNEL_20                      0xc0022ddc   Section       20  sys_clock_init.o(.init_PRE_KERNEL_20)
    __device_sys_init__sys_clock_driver_init0 0xc0022ddc   Data          20  sys_clock_init.o(.init_PRE_KERNEL_20)
    __tagsym$$used                           0xc0022ddc   Number         0  sys_clock_init.o(.init_PRE_KERNEL_20)
    .init_POST_KERNEL40                      0xc0022df0   Section       20  system_work_q.o(.init_POST_KERNEL40)
    __device_sys_init_k_sys_work_q_init1     0xc0022df0   Data          20  system_work_q.o(.init_POST_KERNEL40)
    __tagsym$$used                           0xc0022df0   Number         0  system_work_q.o(.init_POST_KERNEL40)
    .init_POST_KERNEL50                      0xc0022e04   Section       20  vin_gm6721x.o(.init_POST_KERNEL50)
    __device_vin_gm6721x                     0xc0022e04   Data          20  vin_gm6721x.o(.init_POST_KERNEL50)
    __tagsym$$used                           0xc0022e04   Number         0  vin_gm6721x.o(.init_POST_KERNEL50)
    .init_POST_KERNEL50                      0xc0022e18   Section       20  display_gm6721x.o(.init_POST_KERNEL50)
    __device_display_gm6721x                 0xc0022e18   Data          20  display_gm6721x.o(.init_POST_KERNEL50)
    __tagsym$$used                           0xc0022e18   Number         0  display_gm6721x.o(.init_POST_KERNEL50)
    .init_POST_KERNEL50                      0xc0022e2c   Section       60  camera_interface.o(.init_POST_KERNEL50)
    __device_i2c0_dev                        0xc0022e2c   Data          20  camera_interface.o(.init_POST_KERNEL50)
    __tagsym$$used                           0xc0022e2c   Number         0  camera_interface.o(.init_POST_KERNEL50)
    __device_i2c2_dev                        0xc0022e40   Data          20  camera_interface.o(.init_POST_KERNEL50)
    __tagsym$$used                           0xc0022e40   Number         0  camera_interface.o(.init_POST_KERNEL50)
    __device_ov5640_0                        0xc0022e54   Data          20  camera_interface.o(.init_POST_KERNEL50)
    __tagsym$$used                           0xc0022e54   Number         0  camera_interface.o(.init_POST_KERNEL50)
    ._k_mem_pool.static._heap_mem_pool       0xc0022e68   Section       28  mempool.o(._k_mem_pool.static._heap_mem_pool)
    ._k_stack.static.async_msg_free          0xc0022e84   Section       24  mailbox.o(._k_stack.static.async_msg_free)
    ._k_stack.static.pipe_async_msgs         0xc0022e9c   Section       24  pipes.o(._k_stack.static.pipe_async_msgs)
    HEAP                                     0xc0022eb8   Section      512  reset.o(HEAP)
    STACK                                    0xc00230b8   Section     1024  reset.o(STACK)
    .bss                                     0xc00234b8   Section       12  main.o(.bss)
    .bss                                     0xc00234c4   Section      416  uart_gm.o(.bss)
    uart_gm_dev_data_0                       0xc00234c4   Data         104  uart_gm.o(.bss)
    uart_gm_dev_data_1                       0xc002352c   Data         104  uart_gm.o(.bss)
    uart_gm_dev_data_2                       0xc0023594   Data         104  uart_gm.o(.bss)
    uart_gm_dev_data_3                       0xc00235fc   Data         104  uart_gm.o(.bss)
    .bss                                     0xc0023664   Section      132  gpio_gm.o(.bss)
    gpio_gm_a_data                           0xc0023664   Data          12  gpio_gm.o(.bss)
    gpio_gm_b_data                           0xc0023670   Data          12  gpio_gm.o(.bss)
    gpio_gm_c_data                           0xc002367c   Data          12  gpio_gm.o(.bss)
    gpio_gm_d_data                           0xc0023688   Data          12  gpio_gm.o(.bss)
    gpio_gm_e_data                           0xc0023694   Data          12  gpio_gm.o(.bss)
    gpio_gm_f_data                           0xc00236a0   Data          12  gpio_gm.o(.bss)
    gpio_gm_g_data                           0xc00236ac   Data          12  gpio_gm.o(.bss)
    gpio_gm_h_data                           0xc00236b8   Data          12  gpio_gm.o(.bss)
    gpio_gm_i_data                           0xc00236c4   Data          12  gpio_gm.o(.bss)
    gpio_gm_j_data                           0xc00236d0   Data          12  gpio_gm.o(.bss)
    gpio_gm_k_data                           0xc00236dc   Data          12  gpio_gm.o(.bss)
    .bss                                     0xc00236e8   Section       76  display_gm6721x.o(.bss)
    vout_gm6721x_dev_data                    0xc00236e8   Data          76  display_gm6721x.o(.bss)
    .bss                                     0xc0023734   Section      276  camera_interface.o(.bss)
    I2C0_hdl                                 0xc0023794   Data          60  camera_interface.o(.bss)
    I2C1_hdl                                 0xc00237d0   Data          60  camera_interface.o(.bss)
    I2C2_hdl                                 0xc002380c   Data          60  camera_interface.o(.bss)
    .bss                                     0xc0023a00   Section     1536  gm_hal_dma.o(.bss)
    s_dmaHandle                              0xc0023a00   Data          64  gm_hal_dma.o(.bss)
    .bss                                     0xc0024000   Section       32  gm_hal_uart.o(.bss)
    g_handlers                               0xc0024000   Data          32  gm_hal_uart.o(.bss)
    .bss                                     0xc0024020   Section       92  gm_hal_vout.o(.bss)
    s_VOUTPrivateHandle                      0xc0024020   Data          92  gm_hal_vout.o(.bss)
    .bss                                     0xc002407c   Section       12  gm_hal_imp.o(.bss)
    s_cfg                                    0xc002407c   Data          12  gm_hal_imp.o(.bss)
    .bss                                     0xc0024088   Section       36  gm_hal_i2c.o(.bss)
    s_dmaHandle                              0xc0024088   Data          24  gm_hal_i2c.o(.bss)
    s_i2cHandle                              0xc00240a0   Data          12  gm_hal_i2c.o(.bss)
    .bss                                     0xc00240ac   Section     8280  mempool.o(.bss)
    .bss                                     0xc0026104   Section      184  system_work_q.o(.bss)
    .bss                                     0xc00261bc   Section       20  device.o(.bss)
    config_levels                            0xc00261bc   Data          20  device.o(.bss)
    .bss                                     0xc00261d0   Section      336  init.o(.bss)
    _main_thread_s                           0xc00261d0   Data         168  init.o(.bss)
    _idle_thread_s                           0xc0026278   Data         168  init.o(.bss)
    .bss                                     0xc0026320   Section      296  sched.o(.bss)
    .noinit."..\\..\\..\\..\\kernel\\mailbox.c".1 0xc0026448   Section      880  mailbox.o(.noinit."..\\..\\..\\..\\kernel\\mailbox.c".1)
    async_msg                                0xc0026448   Data         880  mailbox.o(.noinit."..\\..\\..\\..\\kernel\\mailbox.c".1)
    .noinit."..\\..\\..\\..\\kernel\\mailbox.c".2 0xc00267b8   Section       40  mailbox.o(.noinit."..\\..\\..\\..\\kernel\\mailbox.c".2)
    .noinit."..\\..\\..\\..\\kernel\\pipes.c".1 0xc00267e0   Section      680  pipes.o(.noinit."..\\..\\..\\..\\kernel\\pipes.c".1)
    async_msg                                0xc00267e0   Data         680  pipes.o(.noinit."..\\..\\..\\..\\kernel\\pipes.c".1)
    .noinit."..\\..\\..\\..\\kernel\\pipes.c".2 0xc0026a88   Section       40  pipes.o(.noinit."..\\..\\..\\..\\kernel\\pipes.c".2)
    .noinit."..\\..\\..\\..\\kernel\\system_work_q.c".0 0xc0026ab0   Section     1024  system_work_q.o(.noinit."..\\..\\..\\..\\kernel\\system_work_q.c".0)
    .noinit."..\\..\\..\\kernel\\init.c".11  0xc0026eb0   Section     4096  init.o(.noinit."..\\..\\..\\kernel\\init.c".11)
    .noinit."..\\..\\..\\kernel\\init.c".12  0xc0027eb0   Section     2048  init.o(.noinit."..\\..\\..\\kernel\\init.c".12)
    .noinit."..\\..\\..\\kernel\\init.c".13  0xc00286b0   Section     1024  init.o(.noinit."..\\..\\..\\kernel\\init.c".13)

    Global Symbols

    Symbol Name                              Value     Ov Type        Size  Object(Section)

    BuildAttributes$$THM_ISAv4$E$P$D$K$B$S$7EM$VFPi3$EXTD16$VFPS$VFMA$PE$A:L22UL41UL21$X:L11$S22US41US21$IEEE1$IW$USESV6$~STKCKD$USESV7$~SHL$OSPACE$EBA8$MICROLIB$REQ8$PRES8$EABIv2 0x00000000   Number         0  anon$$obj.o ABSOLUTE
    Image$$DEVICE_APPLICATION_REGION$$Length 0x00000000   Number         0  anon$$obj.o ABSOLUTE
    Image$$KMEM_SLAB_REGION$$Length          0x00000000   Number         0  anon$$obj.o ABSOLUTE
    Image$$STATIC_THREAD_REGION$$Length      0x00000000   Number         0  anon$$obj.o ABSOLUTE
    __ARM_use_no_argv                        0x00000000   Number         0  main.o ABSOLUTE
    __cpp_initialize__aeabi_                  - Undefined Weak Reference
    __cxa_finalize                            - Undefined Weak Reference
    __decompress                              - Undefined Weak Reference
    _clock_init                               - Undefined Weak Reference
    _microlib_exit                            - Undefined Weak Reference
    Image$$KMEM_POOL_REGION$$Length          0x0000001c   Number         0  anon$$obj.o ABSOLUTE
    Image$$VECTOR_REGION$$Base               0x00010000   Number         0  anon$$obj.o ABSOLUTE
    _irq_vector_table                        0x00010040   Data         320  isr_tables.o(.irq_vector_table)
    Image$$VECTOR_REGION$$Limit              0x00010180   Number         0  anon$$obj.o ABSOLUTE
    __main                                   0x00010181   Thumb Code     0  entry.o(.ARM.Collect$$$$00000000)
    _main_stk                                0x00010181   Thumb Code     0  entry2.o(.ARM.Collect$$$$00000001)
    _main_scatterload                        0x00010185   Thumb Code     0  entry5.o(.ARM.Collect$$$$00000004)
    __main_after_scatterload                 0x00010189   Thumb Code     0  entry5.o(.ARM.Collect$$$$00000004)
    _main_clock                              0x00010189   Thumb Code     0  entry7b.o(.ARM.Collect$$$$00000008)
    _main_cpp_init                           0x00010189   Thumb Code     0  entry8b.o(.ARM.Collect$$$$0000000A)
    _main_init                               0x00010189   Thumb Code     0  entry9a.o(.ARM.Collect$$$$0000000B)
    __rt_final_cpp                           0x00010191   Thumb Code     0  entry10a.o(.ARM.Collect$$$$0000000D)
    __rt_final_exit                          0x00010191   Thumb Code     0  entry11a.o(.ARM.Collect$$$$0000000F)
    __asm___17_display_gm6721x_c__fast_floorf_in 0x00010195   Thumb Code    10  display_gm6721x.o(.emb_text)
    __asm___17_display_gm6721x_c__fast_roundf_in 0x0001019f   Thumb Code    10  display_gm6721x.o(.emb_text)
    lcd_config                               0x000102a1   Thumb Code   298  main.o(.text)
    camera_config                            0x000103cb   Thumb Code   484  main.o(.text)
    main                                     0x000105af   Thumb Code    62  main.o(.text)
    SystemInit                               0x000106c7   Thumb Code     8  soc_gm6721x.o(.text)
    HAL_IrqUnlock                            0x000106cf   Thumb Code     2  gm_common.o(.text)
    HAL_IrqLock                              0x000106d1   Thumb Code     2  gm_common.o(.text)
    HAL_LockInit                             0x000106d3   Thumb Code    18  gm_common.o(.text)
    HAL_TryLock                              0x000106e5   Thumb Code    34  gm_common.o(.text)
    HAL_UnLock                               0x00010707   Thumb Code    18  gm_common.o(.text)
    HAL_GetTick                              0x00010719   Thumb Code     4  gm_common.o(.text)
    HAL_DelayMs                              0x0001071d   Thumb Code     2  gm_common.o(.text)
    HAL_DelayUs                              0x0001071f   Thumb Code     2  gm_common.o(.text)
    HAL_DisableIrq                           0x00010721   Thumb Code     2  gm_common.o(.text)
    HAL_EnableIrq                            0x00010723   Thumb Code     2  gm_common.o(.text)
    _timer_int_handler                       0x00010ae5   Thumb Code    32  cortex_m_systick.o(.text)
    _sys_clock_driver_init                   0x00010b05   Thumb Code    82  cortex_m_systick.o(.text)
    _timer_cycle_get_32                      0x00010b57   Thumb Code    32  cortex_m_systick.o(.text)
    uart_console_hook_install                0x00010bc1   Thumb Code    16  uart_console.o(.text)
    vb_queue_init                            0x0001147b   Thumb Code    10  vb_queue.o(.text)
    vb_qbuf                                  0x00011485   Thumb Code    46  vb_queue.o(.text)
    vb_reqbuf                                0x000114b3   Thumb Code    22  vb_queue.o(.text)
    vb_dqbuf                                 0x000114c9   Thumb Code    36  vb_queue.o(.text)
    set_flag_tx                              0x00012685   Thumb Code    10  camera_interface.o(.text)
    i2cMasterCallback                        0x0001268f   Thumb Code    16  camera_interface.o(.text)
    set_flag_rx                              0x0001269f   Thumb Code    10  camera_interface.o(.text)
    i2cSlvCallback                           0x000126a9   Thumb Code    16  camera_interface.o(.text)
    HAL_DMA_IRQHandler                       0x0001373b   Thumb Code    10  gm_hal_dma.o(.text)
    HAL_DMA_Request_Channel                  0x00013753   Thumb Code   138  gm_hal_dma.o(.text)
    HAL_DMA_Init                             0x0001382b   Thumb Code   764  gm_hal_dma.o(.text)
    HAL_DMA_Abort                            0x00013b27   Thumb Code   104  gm_hal_dma.o(.text)
    HAL_DMA_Start                            0x00013b8f   Thumb Code   612  gm_hal_dma.o(.text)
    HAL_DMA_MultiBuffer_Start                0x00013df3   Thumb Code   614  gm_hal_dma.o(.text)
    HAL_UART_Init                            0x0001405d   Thumb Code   694  gm_hal_uart.o(.text)
    HAL_UART_DeInit                          0x00014313   Thumb Code    30  gm_hal_uart.o(.text)
    HAL_UART_SetMode                         0x00014331   Thumb Code    90  gm_hal_uart.o(.text)
    HAL_UART_TransferConfig                  0x0001438b   Thumb Code   294  gm_hal_uart.o(.text)
    HAL_UART_EnableInterrupts                0x000144b1   Thumb Code    96  gm_hal_uart.o(.text)
    HAL_UART_DisableInterrupts               0x00014511   Thumb Code    96  gm_hal_uart.o(.text)
    HAL_UART_Transmit                        0x0001488b   Thumb Code   194  gm_hal_uart.o(.text)
    HAL_UART_Receive                         0x0001499d   Thumb Code   280  gm_hal_uart.o(.text)
    HAL_UART_GetTransferStatus               0x00014ab5   Thumb Code   160  gm_hal_uart.o(.text)
    HAL_UART_IRQHandler                      0x00014c4d   Thumb Code   268  gm_hal_uart.o(.text)
    HAL_UART_Tx_Complete                     0x00014d59   Thumb Code    12  gm_hal_uart.o(.text)
    HAL_UART_TxInt_Enabled                   0x00014d65   Thumb Code    12  gm_hal_uart.o(.text)
    HAL_UART_TxInt_Ready                     0x00014d71   Thumb Code    12  gm_hal_uart.o(.text)
    HAL_UART_Clear_TxInt                     0x00014d7d   Thumb Code    12  gm_hal_uart.o(.text)
    HAL_UART_TxFifoInt_Ready                 0x00014d89   Thumb Code    12  gm_hal_uart.o(.text)
    HAL_UART_TxFifoInt_Enabled               0x00014d95   Thumb Code    12  gm_hal_uart.o(.text)
    HAL_UART_Clear_TxFifoInt                 0x00014da1   Thumb Code    12  gm_hal_uart.o(.text)
    HAL_UART_Get_TxFifo_DataSize             0x00014dad   Thumb Code    10  gm_hal_uart.o(.text)
    HAL_UART_RxInt_Enabled                   0x00014db7   Thumb Code    12  gm_hal_uart.o(.text)
    HAL_UART_RxInt_Ready                     0x00014dc3   Thumb Code    12  gm_hal_uart.o(.text)
    HAL_UART_DataReady                       0x00014dcf   Thumb Code    14  gm_hal_uart.o(.text)
    HAL_UART_RxFifoTmo_Ready                 0x00014ddd   Thumb Code    12  gm_hal_uart.o(.text)
    HAL_UART_RxFifoInt_Ready                 0x00014de9   Thumb Code    12  gm_hal_uart.o(.text)
    HAL_UART_Clear_RxFifoInt                 0x00014df5   Thumb Code    12  gm_hal_uart.o(.text)
    HAL_UART_Get_RxFifo_DataSize             0x00014e01   Thumb Code    10  gm_hal_uart.o(.text)
    HAL_UART_Enable_Error_Interrupts         0x00014e0b   Thumb Code    12  gm_hal_uart.o(.text)
    HAL_UART_Disable_Error_Interrupts        0x00014e17   Thumb Code    12  gm_hal_uart.o(.text)
    HAL_UART_Error_Enabled                   0x00014e23   Thumb Code    12  gm_hal_uart.o(.text)
    HAL_UART_Error_Ready                     0x00014e2f   Thumb Code    12  gm_hal_uart.o(.text)
    HAL_UART_Clear_ErrInt                    0x00014e3b   Thumb Code    12  gm_hal_uart.o(.text)
    HAL_UART_Fifo_Enabled                    0x00014e47   Thumb Code    10  gm_hal_uart.o(.text)
    HAL_UART_PutChar                         0x00014e51   Thumb Code    32  gm_hal_uart.o(.text)
    HAL_UART_GetChar                         0x00014e71   Thumb Code    16  gm_hal_uart.o(.text)
    HAL_UART_GetIsrFlag                      0x00014e81   Thumb Code     8  gm_hal_uart.o(.text)
    HAL_UART_ClearIsrFlag                    0x00014e89   Thumb Code     8  gm_hal_uart.o(.text)
    HAL_GPIOA_InterruptHandler               0x00014f95   Thumb Code    24  gm_hal_gpio.o(.text)
    HAL_GPIOB_InterruptHandler               0x00014fad   Thumb Code    24  gm_hal_gpio.o(.text)
    HAL_GPIOC_InterruptHandler               0x00014fc5   Thumb Code    24  gm_hal_gpio.o(.text)
    HAL_GPIOD_InterruptHandler               0x00014fdd   Thumb Code    24  gm_hal_gpio.o(.text)
    HAL_GPIOE_InterruptHandler               0x00014ff5   Thumb Code    24  gm_hal_gpio.o(.text)
    HAL_GPIOF_InterruptHandler               0x0001500d   Thumb Code    24  gm_hal_gpio.o(.text)
    HAL_GPIOG_InterruptHandler               0x00015025   Thumb Code    24  gm_hal_gpio.o(.text)
    HAL_GPIOH_InterruptHandler               0x0001503d   Thumb Code    24  gm_hal_gpio.o(.text)
    HAL_GPIOI_InterruptHandler               0x00015055   Thumb Code    24  gm_hal_gpio.o(.text)
    HAL_GPIOJ_InterruptHandler               0x0001506d   Thumb Code    24  gm_hal_gpio.o(.text)
    HAL_GPIOK_InterruptHandler               0x00015085   Thumb Code    24  gm_hal_gpio.o(.text)
    HAL_GPIO_SW_Reset                        0x0001509d   Thumb Code    10  gm_hal_gpio.o(.text)
    HAL_GPIO_CLK_ENABLE                      0x000150a7   Thumb Code    10  gm_hal_gpio.o(.text)
    HAL_GPIO_CLK_DISABLE                     0x000150b1   Thumb Code    10  gm_hal_gpio.o(.text)
    HAL_GPIO_RequestIrq                      0x000150bb   Thumb Code    66  gm_hal_gpio.o(.text)
    HAL_GPIO_DeInit                          0x000150fd   Thumb Code   280  gm_hal_gpio.o(.text)
    HAL_GPIO_Init                            0x00015215   Thumb Code   802  gm_hal_gpio.o(.text)
    HAL_GPIO_PinWrite                        0x00015537   Thumb Code    30  gm_hal_gpio.o(.text)
    HAL_GPIO_PinRead                         0x00015555   Thumb Code    20  gm_hal_gpio.o(.text)
    HAL_GPIO_PinToggle                       0x00015569   Thumb Code    40  gm_hal_gpio.o(.text)
    HAL_GPIO_SetPinDirection                 0x00015591   Thumb Code    42  gm_hal_gpio.o(.text)
    HAL_GPIO_PesConfig                       0x000155bb   Thumb Code   108  gm_hal_gpio.o(.text)
    HAL_GPIO_SetPinFilter                    0x00015627   Thumb Code   932  gm_hal_gpio.o(.text)
    HAL_VIN_Init                             0x000159d5   Thumb Code   100  gm_hal_vin.o(.text)
    HAL_VIN_Start                            0x00015a39   Thumb Code    44  gm_hal_vin.o(.text)
    HAL_VIN_Stop                             0x00015a65   Thumb Code    22  gm_hal_vin.o(.text)
    HAL_VIN_SetAddress                       0x00015a7b   Thumb Code    12  gm_hal_vin.o(.text)
    HAL_VIN_ConfigCrop                       0x00015a87   Thumb Code    38  gm_hal_vin.o(.text)
    HAL_VIN_DisableCrop                      0x00015aad   Thumb Code    14  gm_hal_vin.o(.text)
    HAL_VIN_EnableCrop                       0x00015abb   Thumb Code    14  gm_hal_vin.o(.text)
    HAL_VIN_Disable                          0x00015ac9   Thumb Code    14  gm_hal_vin.o(.text)
    HAL_VIN_Enable                           0x00015ad7   Thumb Code    14  gm_hal_vin.o(.text)
    HAL_VIN_DisableMemoryWrite               0x00015ae5   Thumb Code    14  gm_hal_vin.o(.text)
    HAL_VIN_EnableMemoryWrite                0x00015af3   Thumb Code    14  gm_hal_vin.o(.text)
    HAL_VIN_DisableColorSpaceConv            0x00015b01   Thumb Code    14  gm_hal_vin.o(.text)
    HAL_VIN_EnableColorSpaceConv             0x00015b0f   Thumb Code    14  gm_hal_vin.o(.text)
    HAL_VIN_DisableJPEGMode                  0x00015b1d   Thumb Code    14  gm_hal_vin.o(.text)
    HAL_VIN_EnableJPEGMode                   0x00015b2b   Thumb Code    14  gm_hal_vin.o(.text)
    HAL_VIN_GetJPEGLength                    0x00015b39   Thumb Code    12  gm_hal_vin.o(.text)
    HAL_VIN_SwitchPath                       0x00015b45   Thumb Code    34  gm_hal_vin.o(.text)
    HAL_VIN_EnableInterrupts                 0x00015b67   Thumb Code    12  gm_hal_vin.o(.text)
    HAL_VIN_DisableInterrupts                0x00015b73   Thumb Code    12  gm_hal_vin.o(.text)
    HAL_VIN_BackupData                       0x00015b7f   Thumb Code    52  gm_hal_vin.o(.text)
    HAL_VOUT_Init                            0x00015da1   Thumb Code   198  gm_hal_vout.o(.text)
    HAL_VOUT_ConfigLayer                     0x00015e67   Thumb Code    54  gm_hal_vout.o(.text)
    HAL_VOUT_ConfigColorKeying               0x00015e9d   Thumb Code    56  gm_hal_vout.o(.text)
    HAL_VOUT_ConfigCLUT                      0x00015ed5   Thumb Code   144  gm_hal_vout.o(.text)
    HAL_VOUT_EnableColorKeying               0x00015f65   Thumb Code    44  gm_hal_vout.o(.text)
    HAL_VOUT_DisableColorKeying              0x00015f91   Thumb Code    44  gm_hal_vout.o(.text)
    HAL_VOUT_EnableCLUT                      0x00015fbd   Thumb Code    44  gm_hal_vout.o(.text)
    HAL_VOUT_DisableCLUT                     0x00015fe9   Thumb Code    44  gm_hal_vout.o(.text)
    HAL_VOUT_EnablePreMultiply               0x00016015   Thumb Code    44  gm_hal_vout.o(.text)
    HAL_VOUT_DisablePreMultiply              0x00016041   Thumb Code    44  gm_hal_vout.o(.text)
    HAL_VOUT_EnableDither                    0x0001606d   Thumb Code    14  gm_hal_vout.o(.text)
    HAL_VOUT_DisableDither                   0x0001607b   Thumb Code    14  gm_hal_vout.o(.text)
    HAL_VOUT_SetWindowSize                   0x00016089   Thumb Code    68  gm_hal_vout.o(.text)
    HAL_VOUT_SetWindowPosition               0x000160cd   Thumb Code    68  gm_hal_vout.o(.text)
    HAL_VOUT_SetPixelFormat                  0x00016111   Thumb Code    52  gm_hal_vout.o(.text)
    HAL_VOUT_SetAlpha                        0x00016145   Thumb Code    52  gm_hal_vout.o(.text)
    HAL_VOUT_SetAddress                      0x00016179   Thumb Code    60  gm_hal_vout.o(.text)
    HAL_VOUT_SetPitch                        0x000161b5   Thumb Code   136  gm_hal_vout.o(.text)
    HAL_VOUT_EnableInterrupts                0x0001623d   Thumb Code    12  gm_hal_vout.o(.text)
    HAL_VOUT_DisableInterrupts               0x00016249   Thumb Code    12  gm_hal_vout.o(.text)
    HAL_VOUT_OnOff                           0x00016255   Thumb Code    22  gm_hal_vout.o(.text)
    HAL_VOUT_layerOnOff                      0x0001626b   Thumb Code    76  gm_hal_vout.o(.text)
    HAL_IMP_Init                             0x000162ef   Thumb Code    92  gm_hal_imp.o(.text)
    HAL_IMP_ConfigLayer                      0x0001634b   Thumb Code   134  gm_hal_imp.o(.text)
    HAL_IMP_Start                            0x000163d1   Thumb Code   152  gm_hal_imp.o(.text)
    HAL_IMP_HarrisStart                      0x00016469   Thumb Code   188  gm_hal_imp.o(.text)
    HAL_IMP_BlendingStart                    0x00016525   Thumb Code   160  gm_hal_imp.o(.text)
    HAL_IMP_Abort                            0x000165c5   Thumb Code    42  gm_hal_imp.o(.text)
    HAL_IMP_Suspend                          0x000165ef   Thumb Code    22  gm_hal_imp.o(.text)
    HAL_IMP_Resume                           0x00016605   Thumb Code    14  gm_hal_imp.o(.text)
    HAL_IMP_CLUTLoad                         0x00016613   Thumb Code   162  gm_hal_imp.o(.text)
    HAL_IMP_ProgramLineEvent                 0x000166b5   Thumb Code    26  gm_hal_imp.o(.text)
    i2c_WaitTillTimeout                      0x000166d1   Thumb Code    46  gm_hal_i2c.o(.text)
    i2c_WaitTimerInit                        0x000166ff   Thumb Code    12  gm_hal_i2c.o(.text)
    I2C_CommonIRQHandler                     0x00016759   Thumb Code  1290  gm_hal_i2c.o(.text)
    HAL_I2C0_InterruptHandler                0x00016c63   Thumb Code    12  gm_hal_i2c.o(.text)
    HAL_I2C1_InterruptHandler                0x00016c6f   Thumb Code    12  gm_hal_i2c.o(.text)
    HAL_I2C2_InterruptHandler                0x00016c7b   Thumb Code    12  gm_hal_i2c.o(.text)
    I2C_DeInit                               0x0001732d   Thumb Code    32  gm_hal_i2c.o(.text)
    I2C_Init                                 0x0001734d   Thumb Code   412  gm_hal_i2c.o(.text)
    I2C_MasterTransmit                       0x000174e9   Thumb Code   376  gm_hal_i2c.o(.text)
    I2C_MasterReceive                        0x00017661   Thumb Code   450  gm_hal_i2c.o(.text)
    I2C_MasterReceive_restart                0x00017823   Thumb Code   534  gm_hal_i2c.o(.text)
    I2C_SlaveTransmit                        0x00017a39   Thumb Code   286  gm_hal_i2c.o(.text)
    I2C_SlaveReceive                         0x00017b57   Thumb Code   336  gm_hal_i2c.o(.text)
    k_mbox_init                              0x00017d5f   Thumb Code    24  mailbox.o(.text)
    k_mbox_put                               0x00017f71   Thumb Code    26  mailbox.o(.text)
    k_mbox_async_put                         0x00017f8b   Thumb Code    76  mailbox.o(.text)
    k_mbox_data_get                          0x00017fd7   Thumb Code    48  mailbox.o(.text)
    k_mbox_data_block_get                    0x00018007   Thumb Code    88  mailbox.o(.text)
    k_mbox_get                               0x0001807f   Thumb Code   222  mailbox.o(.text)
    k_mem_slab_init                          0x000181cb   Thumb Code    52  mem_slab.o(.text)
    k_mem_slab_alloc                         0x000181ff   Thumb Code   122  mem_slab.o(.text)
    k_mem_slab_free                          0x00018279   Thumb Code   148  mem_slab.o(.text)
    init_static_pools                        0x0001835b   Thumb Code    44  mempool.o(.text)
    k_mem_pool_alloc                         0x00018387   Thumb Code   206  mempool.o(.text)
    k_mem_pool_free_id                       0x00018455   Thumb Code   134  mempool.o(.text)
    k_mem_pool_free                          0x000184db   Thumb Code    12  mempool.o(.text)
    k_mem_pool_malloc                        0x000184e7   Thumb Code    38  mempool.o(.text)
    k_free                                   0x0001850d   Thumb Code    16  mempool.o(.text)
    k_malloc                                 0x0001851d   Thumb Code    14  mempool.o(.text)
    k_calloc                                 0x0001852b   Thumb Code    36  mempool.o(.text)
    k_thread_system_pool_assign              0x0001854f   Thumb Code     6  mempool.o(.text)
    z_thread_malloc                          0x00018555   Thumb Code    34  mempool.o(.text)
    _impl_k_mutex_init                       0x000185d5   Thumb Code    28  mutex.o(.text)
    _impl_k_mutex_lock                       0x00018639   Thumb Code   304  mutex.o(.text)
    _impl_k_mutex_unlock                     0x00018769   Thumb Code   188  mutex.o(.text)
    k_pipe_init                              0x0001894d   Thumb Code    50  pipes.o(.text)
    _impl_k_pipe_alloc_init                  0x0001897f   Thumb Code    64  pipes.o(.text)
    k_pipe_cleanup                           0x000189bf   Thumb Code    46  pipes.o(.text)
    _k_pipe_put_internal                     0x00018c05   Thumb Code   552  pipes.o(.text)
    _impl_k_pipe_get                         0x00018e2d   Thumb Code   482  pipes.o(.text)
    _impl_k_pipe_put                         0x0001900f   Thumb Code    44  pipes.o(.text)
    k_pipe_block_put                         0x0001903b   Thumb Code    88  pipes.o(.text)
    z_queue_node_peek                        0x00019189   Thumb Code    42  queue.o(.text)
    _impl_k_queue_init                       0x000191b3   Thumb Code    36  queue.o(.text)
    _impl_k_queue_cancel_wait                0x00019219   Thumb Code    56  queue.o(.text)
    k_queue_insert                           0x000192d5   Thumb Code    22  queue.o(.text)
    k_queue_append                           0x000192eb   Thumb Code    28  queue.o(.text)
    k_queue_prepend                          0x00019307   Thumb Code    20  queue.o(.text)
    _impl_k_queue_alloc_append               0x0001931b   Thumb Code    28  queue.o(.text)
    _impl_k_queue_alloc_prepend              0x00019337   Thumb Code    20  queue.o(.text)
    k_queue_append_list                      0x0001934b   Thumb Code   128  queue.o(.text)
    k_queue_merge_slist                      0x000193cb   Thumb Code    32  queue.o(.text)
    _impl_k_queue_get                        0x000193eb   Thumb Code   196  queue.o(.text)
    _impl_k_sem_init                         0x000194e1   Thumb Code    34  sem.o(.text)
    _sem_give_non_preemptible                0x00019555   Thumb Code    52  sem.o(.text)
    _impl_k_sem_give                         0x00019589   Thumb Code    42  sem.o(.text)
    _impl_k_sem_take                         0x000195b3   Thumb Code   108  sem.o(.text)
    k_stack_init                             0x00019635   Thumb Code    34  stack.o(.text)
    _impl_k_stack_alloc_init                 0x00019657   Thumb Code    46  stack.o(.text)
    k_stack_cleanup                          0x00019685   Thumb Code    36  stack.o(.text)
    _impl_k_stack_push                       0x000196a9   Thumb Code   146  stack.o(.text)
    _impl_k_stack_pop                        0x0001973b   Thumb Code   138  stack.o(.text)
    _sys_device_do_config_level              0x000197e9   Thumb Code   108  device.o(.text)
    device_get_binding                       0x00019855   Thumb Code    80  device.o(.text)
    device_pm_control_nop                    0x000198a5   Thumb Code     6  device.o(.text)
    device_list_get                          0x000198ab   Thumb Code    26  device.o(.text)
    device_any_busy_check                    0x000198c5   Thumb Code    44  device.o(.text)
    device_busy_check                        0x000198f1   Thumb Code    60  device.o(.text)
    device_busy_set                          0x0001992d   Thumb Code    50  device.o(.text)
    device_busy_clear                        0x0001995f   Thumb Code    50  device.o(.text)
    HAL_Reset_Module                         0x0001a2bd   Thumb Code  1270  gm_hal_reset.o(.text)
    HAL_Reset_ClearRestCause                 0x0001a7b3   Thumb Code    34  gm_hal_reset.o(.text)
    HAL_CLOCK_WaitForStable                  0x0001a92b   Thumb Code    12  gm_hal_clock.o(.text)
    HAL_CLOCK_AdjustPLLKDPDefaultDiv         0x0001a969   Thumb Code   108  gm_hal_clock.o(.text)
    HAL_CLOCK_SYSCLKConfig                   0x0001a9ef   Thumb Code   302  gm_hal_clock.o(.text)
    HAL_CLOCK_DeInit                         0x0001ab1d   Thumb Code    74  gm_hal_clock.o(.text)
    HAL_CLOCK_AdjustPLLDefaultDiv            0x0001ab81   Thumb Code   118  gm_hal_clock.o(.text)
    HAL_CLOCK_AdjustPLLsDefaultDivM          0x0001abf7   Thumb Code    28  gm_hal_clock.o(.text)
    HAL_CLOCK_PLLsReferenceClock             0x0001ac13   Thumb Code    86  gm_hal_clock.o(.text)
    HAL_CLOCK_AdjustPLLI2SDefaultDiv         0x0001ac69   Thumb Code    38  gm_hal_clock.o(.text)
    HAL_CLOCK_AdjustPLLSAIDefaultDiv         0x0001ac8f   Thumb Code   102  gm_hal_clock.o(.text)
    HAL_CLOCK_ClockCmd                       0x0001acf5   Thumb Code   114  gm_hal_clock.o(.text)
    HAL_CLOCK_GetSYSCLKConfig                0x0001ad67   Thumb Code    36  gm_hal_clock.o(.text)
    HAL_CLOCK_GetSYSCLKFreq                  0x0001ad8b   Thumb Code   240  gm_hal_clock.o(.text)
    HAL_CLOCK_PeripheralClockEnable0         0x0001ae7b   Thumb Code    20  gm_hal_clock.o(.text)
    HAL_CLOCK_PeripheralClockDisable0        0x0001ae8f   Thumb Code    20  gm_hal_clock.o(.text)
    HAL_CLOCK_PeripheralClockEnable1         0x0001aea3   Thumb Code    20  gm_hal_clock.o(.text)
    HAL_CLOCK_PeripheralClockDisable1        0x0001aeb7   Thumb Code    20  gm_hal_clock.o(.text)
    HAL_CLOCK_PeripheralClockEnable2         0x0001aecb   Thumb Code    20  gm_hal_clock.o(.text)
    HAL_CLOCK_PeripheralClockDisable2        0x0001aedf   Thumb Code    20  gm_hal_clock.o(.text)
    HAL_CLOCK_PeripheralClkSetConfig         0x0001aef3   Thumb Code  2698  gm_hal_clock.o(.text)
    atomic_cas                               0x0001b981   Thumb Code    60  atomic_c.o(.text)
    atomic_add                               0x0001b9bd   Thumb Code    56  atomic_c.o(.text)
    atomic_sub                               0x0001b9f5   Thumb Code    56  atomic_c.o(.text)
    atomic_inc                               0x0001ba2d   Thumb Code    56  atomic_c.o(.text)
    atomic_dec                               0x0001ba65   Thumb Code    56  atomic_c.o(.text)
    atomic_get                               0x0001ba9d   Thumb Code     6  atomic_c.o(.text)
    atomic_set                               0x0001baa3   Thumb Code    52  atomic_c.o(.text)
    atomic_clear                             0x0001bad7   Thumb Code    54  atomic_c.o(.text)
    atomic_or                                0x0001bb0d   Thumb Code    56  atomic_c.o(.text)
    atomic_xor                               0x0001bb45   Thumb Code    56  atomic_c.o(.text)
    atomic_and                               0x0001bb7d   Thumb Code    56  atomic_c.o(.text)
    atomic_nand                              0x0001bbb5   Thumb Code    58  atomic_c.o(.text)
    k_call_stacks_analyze                    0x0001bc11   Thumb Code     2  init.o(.text)
    _bss_zero                                0x0001bc13   Thumb Code    34  init.o(.text)
    z_early_boot_rand32_get                  0x0001bd67   Thumb Code     8  init.o(.text)
    _Cstart                                  0x0001bd6f   Thumb Code   126  init.o(.text)
    _update_time_slice_before_swap           0x0001bee3   Thumb Code     8  sched.o(.text)
    _priq_mq_best                            0x0001bf55   Thumb Code    38  sched.o(.text)
    _priq_mq_add                             0x0001bfb7   Thumb Code    40  sched.o(.text)
    _priq_mq_remove                          0x0001bfdf   Thumb Code    46  sched.o(.text)
    _impl_k_yield                            0x0001c02d   Thumb Code   120  sched.o(.text)
    _add_thread_to_ready_q                   0x0001c0a5   Thumb Code    60  sched.o(.text)
    _priq_dumb_remove                        0x0001c0e7   Thumb Code    18  sched.o(.text)
    _unpend_thread_no_timeout                0x0001c0f9   Thumb Code    64  sched.o(.text)
    _priq_dumb_best                          0x0001c139   Thumb Code    12  sched.o(.text)
    _find_first_thread_to_unpend             0x0001c145   Thumb Code    52  sched.o(.text)
    _is_t1_higher_prio_than_t2               0x0001c229   Thumb Code    22  sched.o(.text)
    _move_thread_to_end_of_prio_q            0x0001c23f   Thumb Code    70  sched.o(.text)
    _remove_thread_from_ready_q              0x0001c285   Thumb Code   116  sched.o(.text)
    _priq_dumb_add                           0x0001c2f9   Thumb Code   100  sched.o(.text)
    _pend_thread                             0x0001c3cf   Thumb Code    24  sched.o(.text)
    _pend_current_thread                     0x0001c3e7   Thumb Code    28  sched.o(.text)
    _unpend_first_thread                     0x0001c403   Thumb Code    44  sched.o(.text)
    _unpend_thread                           0x0001c42f   Thumb Code    18  sched.o(.text)
    _reschedule                              0x0001c441   Thumb Code    84  sched.o(.text)
    _thread_priority_set                     0x0001c495   Thumb Code   124  sched.o(.text)
    k_sched_lock                             0x0001c511   Thumb Code    82  sched.o(.text)
    k_sched_unlock                           0x0001c563   Thumb Code    96  sched.o(.text)
    _priq_rb_lessthan                        0x0001c5c3   Thumb Code    54  sched.o(.text)
    _priq_rb_add                             0x0001c5f9   Thumb Code   110  sched.o(.text)
    _priq_rb_remove                          0x0001c667   Thumb Code    28  sched.o(.text)
    _priq_rb_best                            0x0001c683   Thumb Code    20  sched.o(.text)
    k_sched_time_slice_set                   0x0001c697   Thumb Code    24  sched.o(.text)
    _is_thread_time_slicing                  0x0001c6af   Thumb Code   146  sched.o(.text)
    _unpend_all                              0x0001c741   Thumb Code    40  sched.o(.text)
    _sched_init                              0x0001c769   Thumb Code    42  sched.o(.text)
    _impl_k_thread_priority_get              0x0001c793   Thumb Code     8  sched.o(.text)
    _impl_k_thread_priority_set              0x0001c79b   Thumb Code    30  sched.o(.text)
    _impl_k_sleep                            0x0001c7b9   Thumb Code    98  sched.o(.text)
    _impl_k_wakeup                           0x0001c81b   Thumb Code   152  sched.o(.text)
    _impl_k_current_get                      0x0001c8b3   Thumb Code     8  sched.o(.text)
    _impl_k_is_preempt_thread                0x0001c8bb   Thumb Code    56  sched.o(.text)
    _tick_get                                0x0001cac1   Thumb Code    54  sys_clock.o(.text)
    sys_tick_get                             0x0001cac1   Thumb Code     0  sys_clock.o(.text)
    _impl_k_uptime_get                       0x0001caf7   Thumb Code    14  sys_clock.o(.text)
    _tick_get_32                             0x0001cbab   Thumb Code     8  sys_clock.o(.text)
    sys_tick_get_32                          0x0001cbab   Thumb Code     0  sys_clock.o(.text)
    _impl_k_uptime_get_32                    0x0001cbb3   Thumb Code    16  sys_clock.o(.text)
    k_uptime_delta                           0x0001cbc3   Thumb Code    38  sys_clock.o(.text)
    k_uptime_delta_32                        0x0001cbe9   Thumb Code    12  sys_clock.o(.text)
    _nano_sys_clock_tick_announce            0x0001cd59   Thumb Code    76  sys_clock.o(.text)
    _impl_k_thread_start                     0x0001cea9   Thumb Code    76  thread.o(.text)
    k_thread_foreach                         0x0001cfbd   Thumb Code     2  thread.o(.text)
    k_is_in_isr                              0x0001cfbf   Thumb Code    36  thread.o(.text)
    _thread_essential_set                    0x0001cfe3   Thumb Code    22  thread.o(.text)
    _thread_essential_clear                  0x0001cff9   Thumb Code    22  thread.o(.text)
    _is_thread_essential                     0x0001d00f   Thumb Code    14  thread.o(.text)
    k_busy_wait                              0x0001d01d   Thumb Code    58  thread.o(.text)
    _setup_new_thread                        0x0001d0bf   Thumb Code    72  thread.o(.text)
    _impl_k_thread_create                    0x0001d107   Thumb Code    58  thread.o(.text)
    _impl_k_thread_cancel                    0x0001d141   Thumb Code    98  thread.o(.text)
    _k_thread_single_suspend                 0x0001d1a3   Thumb Code    32  thread.o(.text)
    _impl_k_thread_suspend                   0x0001d1c3   Thumb Code    78  thread.o(.text)
    _k_thread_single_resume                  0x0001d211   Thumb Code    24  thread.o(.text)
    _impl_k_thread_resume                    0x0001d229   Thumb Code    42  thread.o(.text)
    _k_thread_single_abort                   0x0001d253   Thumb Code    68  thread.o(.text)
    _init_static_threads                     0x0001d297   Thumb Code   228  thread.o(.text)
    _init_thread_base                        0x0001d37b   Thumb Code    36  thread.o(.text)
    k_thread_access_grant                    0x0001d39f   Thumb Code     2  thread.o(.text)
    k_thread_user_mode_enter                 0x0001d3a1   Thumb Code    40  thread.o(.text)
    k_work_q_start                           0x0001d72b   Thumb Code    76  work_q.o(.text)
    k_delayed_work_init                      0x0001d789   Thumb Code    58  work_q.o(.text)
    k_delayed_work_cancel                    0x0001d7c3   Thumb Code   184  work_q.o(.text)
    k_delayed_work_submit_to_queue           0x0001d87b   Thumb Code   140  work_q.o(.text)
    __printk_hook_install                    0x0001da27   Thumb Code     6  printk.o(.text)
    __printk_get_hook                        0x0001da2d   Thumb Code     6  printk.o(.text)
    _vprintk                                 0x0001db73   Thumb Code   550  printk.o(.text)
    vprintk                                  0x0001ddb1   Thumb Code    28  printk.o(.text)
    _impl_k_str_out                          0x0001ddcd   Thumb Code    26  printk.o(.text)
    printk                                   0x0001dde7   Thumb Code    42  printk.o(.text)
    snprintk                                 0x0001de4d   Thumb Code    64  printk.o(.text)
    vsnprintk                                0x0001de8d   Thumb Code    54  printk.o(.text)
    _sys_mem_pool_base_init                  0x0001dfeb   Thumb Code   150  mempool.o(.text)
    _sys_mem_pool_block_alloc                0x0001e263   Thumb Code   226  mempool.o(.text)
    _sys_mem_pool_block_free                 0x0001e345   Thumb Code    86  mempool.o(.text)
    sys_mem_pool_alloc                       0x0001e39b   Thumb Code    86  mempool.o(.text)
    sys_mem_pool_free                        0x0001e3f1   Thumb Code    50  mempool.o(.text)
    _impl__ugelis_fputc                      0x0001e45d   Thumb Code    28  stdout_console.o(.text)
    _impl__ugelis_fwrite                     0x0001e479   Thumb Code    76  stdout_console.o(.text)
    __stdout_hook_install                    0x0001e4cd   Thumb Code     6  stdout_console.o(.text)
    fputc                                    0x0001e4d3   Thumb Code    18  stdout_console.o(.text)
    fwrite                                   0x0001e4e5   Thumb Code    30  stdout_console.o(.text)
    fputs                                    0x0001e503   Thumb Code    46  stdout_console.o(.text)
    puts                                     0x0001e531   Thumb Code    44  stdout_console.o(.text)
    fp_register_touch                        0x0001e571   Thumb Code     0  swap_helper.o(.text)
    __pendsv                                 0x0001e57f   Thumb Code     0  swap_helper.o(.text)
    __svc                                    0x0001e5cb   Thumb Code     0  swap_helper.o(.text)
    _isr_wrapper                             0x0001e60d   Thumb Code     0  isr_wrapper.o(.text)
    _arch_irq_enable                         0x0001e631   Thumb Code    32  irq_manage.o(.text)
    _arch_irq_disable                        0x0001e651   Thumb Code    62  irq_manage.o(.text)
    _arch_irq_is_enabled                     0x0001e68f   Thumb Code    26  irq_manage.o(.text)
    _irq_priority_set                        0x0001e6a9   Thumb Code    48  irq_manage.o(.text)
    _irq_spurious                            0x0001e6d9   Thumb Code    10  irq_manage.o(.text)
    _PrepC                                   0x0001e6f1   Thumb Code    92  prep_c.o(.text)
    __nmi                                    0x0001e759   Thumb Code    12  nmi.o(.text)
    _sw_isr_table_set                        0x0001e765   Thumb Code    16  isr_tables.o(.text)
    HAL_ICACHE_Enable                        0x0001e779   Thumb Code    86  gm_hal_cache.o(.text)
    HAL_ICACHE_Disable                       0x0001e7cf   Thumb Code    74  gm_hal_cache.o(.text)
    HAL_ICACHE_Invalid                       0x0001e819   Thumb Code     4  gm_hal_cache.o(.text)
    HAL_ICACHE_Flush                         0x0001e81d   Thumb Code     4  gm_hal_cache.o(.text)
    HAL_DCACHE_Enable                        0x0001e821   Thumb Code    52  gm_hal_cache.o(.text)
    HAL_DCACHE_Disable                       0x0001e855   Thumb Code    50  gm_hal_cache.o(.text)
    HAL_DCACHE_InvalidAll                    0x0001e887   Thumb Code    38  gm_hal_cache.o(.text)
    HAL_DCACHE_InvalidLine                   0x0001e8ad   Thumb Code    26  gm_hal_cache.o(.text)
    HAL_DCACHE_Flush                         0x0001e8c7   Thumb Code     4  gm_hal_cache.o(.text)
    _sys_power_save_idle_exit                0x0001e8e9   Thumb Code     4  idle.o(.text)
    idle                                     0x0001e8ed   Thumb Code    72  idle.o(.text)
    _rb_get_minmax                           0x0001ea01   Thumb Code    38  rb.o(.text)
    rb_insert                                0x0001eb91   Thumb Code   158  rb.o(.text)
    rb_remove                                0x0001edc3   Thumb Code   564  rb.o(.text)
    _rb_walk                                 0x0001eff7   Thumb Code    58  rb.o(.text)
    _rb_child                                0x0001f031   Thumb Code    16  rb.o(.text)
    _rb_is_black                             0x0001f041   Thumb Code    12  rb.o(.text)
    rb_contains                              0x0001f04d   Thumb Code    52  rb.o(.text)
    _rb_foreach_next                         0x0001f0cb   Thumb Code   130  rb.o(.text)
    _thread_entry                            0x0001f14d   Thumb Code    30  thread_entry.o(.text)
    _new_thread                              0x0001f16d   Thumb Code   114  thread_1.o(.text)
    __swap                                   0x0001f1e5   Thumb Code    54  swap.o(.text)
    _irq_do_offload                          0x0001f229   Thumb Code    14  irq_offload.o(.text)
    irq_offload                              0x0001f237   Thumb Code    40  irq_offload.o(.text)
    _IntLibInit                              0x0001f269   Thumb Code    48  irq_init.o(.text)
    _Fault                                   0x0001f575   Thumb Code    48  fault.o(.text)
    _FaultInit                               0x0001f5a5   Thumb Code    18  fault.o(.text)
    _NanoFatalErrorHandler                   0x0001f8c1   Thumb Code    84  fatal.o(.text)
    _do_kernel_oops                          0x0001f915   Thumb Code    14  fatal.o(.text)
    _arch_syscall_oops                       0x0001f923   Thumb Code    24  fatal.o(.text)
    _CpuIdleInit                             0x0001f9fd   Thumb Code     0  cpu_idle.o(.text)
    k_cpu_idle                               0x0001fa05   Thumb Code     0  cpu_idle.o(.text)
    k_cpu_atomic_idle                        0x0001fa0f   Thumb Code     0  cpu_idle.o(.text)
    _SysNmiOnReset                           0x0001fa31   Thumb Code     0  nmi_on_reset.o(.text)
    sys_rand32_get                           0x0001fa35   Thumb Code    20  rand32_timer.o(.text)
    _impl_k_thread_abort                     0x0001fa51   Thumb Code    94  thread_abort_1.o(.text)
    _SysFatalErrorHandler                    0x0001fab9   Thumb Code    80  sys_fatal_error_handler.o(.text)
    __aeabi_uldivmod                         0x0001fb6d   Thumb Code    98  uldiv.o(.text)
    __aeabi_memcpy                           0x0001fbcf   Thumb Code    36  memcpya.o(.text)
    __aeabi_memcpy4                          0x0001fbcf   Thumb Code     0  memcpya.o(.text)
    __aeabi_memcpy8                          0x0001fbcf   Thumb Code     0  memcpya.o(.text)
    __aeabi_memset                           0x0001fbf3   Thumb Code    14  memseta.o(.text)
    __aeabi_memset4                          0x0001fbf3   Thumb Code     0  memseta.o(.text)
    __aeabi_memset8                          0x0001fbf3   Thumb Code     0  memseta.o(.text)
    __aeabi_memclr                           0x0001fc01   Thumb Code     4  memseta.o(.text)
    __aeabi_memclr4                          0x0001fc01   Thumb Code     0  memseta.o(.text)
    __aeabi_memclr8                          0x0001fc01   Thumb Code     0  memseta.o(.text)
    _memset$wrapper                          0x0001fc05   Thumb Code    18  memseta.o(.text)
    strlen                                   0x0001fc17   Thumb Code    14  strlen.o(.text)
    strcmp                                   0x0001fc25   Thumb Code    28  strcmp.o(.text)
    __aeabi_llsl                             0x0001fc41   Thumb Code    30  llshl.o(.text)
    _ll_shift_l                              0x0001fc41   Thumb Code     0  llshl.o(.text)
    __aeabi_llsr                             0x0001fc5f   Thumb Code    32  llushr.o(.text)
    _ll_ushift_r                             0x0001fc5f   Thumb Code     0  llushr.o(.text)
    __scatterload                            0x0001fc81   Thumb Code    28  init.o(.text)
    __scatterload_rt2                        0x0001fc81   Thumb Code     0  init.o(.text)
    _ExcExit                                 0x0001fca5   Thumb Code     0  exc_exit.o(.text._HandlerModeExit)
    _IntExit                                 0x0001fca5   Thumb Code     0  exc_exit.o(.text._HandlerModeExit)
    __bus_fault                              0x0001fcd1   Thumb Code     0  fault_s.o(.text.__fault)
    __debug_monitor                          0x0001fcd1   Thumb Code     0  fault_s.o(.text.__fault)
    __hard_fault                             0x0001fcd1   Thumb Code     0  fault_s.o(.text.__fault)
    __mpu_fault                              0x0001fcd1   Thumb Code     0  fault_s.o(.text.__fault)
    __reserved                               0x0001fcd1   Thumb Code     0  fault_s.o(.text.__fault)
    __usage_fault                            0x0001fcd1   Thumb Code     0  fault_s.o(.text.__fault)
    __reset                                  0x0001fd01   Thumb Code     0  reset.o(.text._reset_section)
    __start                                  0x0001fd01   Thumb Code     0  reset.o(.text._reset_section)
    __scatterload_copy                       0x0001fd5d   Thumb Code    14  handlers.o(i.__scatterload_copy)
    __scatterload_null                       0x0001fd6b   Thumb Code     2  handlers.o(i.__scatterload_null)
    __scatterload_zeroinit                   0x0001fd6d   Thumb Code    14  handlers.o(i.__scatterload_zeroinit)
    free                                     0x0001fd7d   Thumb Code    76  malloc.o(i.free)
    malloc                                   0x0001fdcd   Thumb Code    92  malloc.o(i.malloc)
    ov5640_af_firmware                       0x0001ffe8   Data        4077  camera_interface.o(.constdata)
    s_GPIOIrqs                               0x00021c84   Data          11  gm_hal_gpio.o(.constdata)
    _main_thread                             0x00021ea0   Data           4  init.o(.constdata)
    _idle_thread                             0x00021ea4   Data           4  init.o(.constdata)
    _k_neg_eagain                            0x00021ea8   Data           4  errno.o(.constdata)
    Region$$Table$$Base                      0x00021ff0   Number         0  anon$$obj.o(Region$$Table)
    Region$$Table$$Limit                     0x00022090   Number         0  anon$$obj.o(Region$$Table)
    ltdc                                     0xc0022090   Data           4  main.o(.data)
    dcmi                                     0xc0022094   Data           4  main.o(.data)
    camera_sensor_0                          0xc0022098   Data           4  main.o(.data)
    pixfmt                                   0xc002209c   Data           1  main.o(.data)
    uart_console_dev                         0xc00220a8   Data           4  uart_console.o(.data)
    s_dmaBufferLen                           0xc0022294   Data           2  camera_interface.o(.data)
    s_mstTransCmplt                          0xc0022298   Data           4  camera_interface.o(.data)
    s_slvTransCmplt                          0xc002229c   Data           4  camera_interface.o(.data)
    p_dmaCtrl                                0xc00223d8   Data           4  gm_hal_dma.o(.data)
    _k_mem_slab_list_start                   0xc0022594   Data           4  mem_slab.o(.data)
    _k_mem_slab_list_end                     0xc0022598   Data           4  mem_slab.o(.data)
    _k_mem_pool_list_start                   0xc002259c   Data           4  mempool.o(.data)
    _k_mem_pool_list_end                     0xc00225a0   Data           4  mempool.o(.data)
    __device_init_start                      0xc00225a4   Data           4  device.o(.data)
    __device_PRE_KERNEL1_start               0xc00225a8   Data           4  device.o(.data)
    __device_PRE_KERNEL2_start               0xc00225ac   Data           4  device.o(.data)
    __device_POST_KERNEL_start               0xc00225b0   Data           4  device.o(.data)
    __device_APPLICATION_start               0xc00225b4   Data           4  device.o(.data)
    __device_init_end                        0xc00225b8   Data           4  device.o(.data)
    __device_busy_start                      0xc00225bc   Data           4  device.o(.data)
    __device_busy_end                        0xc00225c0   Data           4  device.o(.data)
    sys_clock_us_per_tick                    0xc00225e8   Data           4  sys_clock.o(.data)
    sys_clock_hw_cycles_per_tick             0xc00225ec   Data           4  sys_clock.o(.data)
    _sys_idle_elapsed_ticks                  0xc00225f0   Data           4  sys_clock.o(.data)
    _sys_clock_tick_count                    0xc00225f8   Data           8  sys_clock.o(.data)
    _handling_timeouts                       0xc0022600   Data           4  sys_clock.o(.data)
    _time_slice_elapsed                      0xc0022604   Data           4  sys_clock.o(.data)
    _time_slice_duration                     0xc0022608   Data           4  sys_clock.o(.data)
    _time_slice_prio_ceiling                 0xc002260c   Data           4  sys_clock.o(.data)
    _static_thread_data_list_start           0xc0022610   Data           4  thread.o(.data)
    _static_thread_data_list_end             0xc0022614   Data           4  thread.o(.data)
    _sw_isr_table                            0xc0022630   Data         640  isr_tables.o(.data)
    offload_routine                          0xc00228b0   Data           4  irq_offload.o(.data)
    __stdout                                 0xc00228bc   Data           4  stdout.o(.data)
    __microlib_freelist                      0xc00228c0   Data           4  mvars.o(.data)
    __microlib_freelist_initialised          0xc00228c4   Data           4  mvars.o(.data)
    Image$$DEVICE_PRE_KERNEL1_REGION$$Base   0xc0022b48   Number         0  anon$$obj.o ABSOLUTE
    Image$$DEVICE_PRE_KERNEL2_REGION$$Base   0xc0022ddc   Number         0  anon$$obj.o ABSOLUTE
    Image$$DEVICE_POST_KERNEL_REGION$$Base   0xc0022df0   Number         0  anon$$obj.o ABSOLUTE
    Image$$DEVICE_APPLICATION_REGION$$Base   0xc0022e68   Number         0  anon$$obj.o ABSOLUTE
    Image$$KMEM_POOL_REGION$$Base            0xc0022e68   Number         0  anon$$obj.o ABSOLUTE
    Image$$KMEM_SLAB_REGION$$Base            0xc0022e68   Number         0  anon$$obj.o ABSOLUTE
    _heap_mem_pool                           0xc0022e68   Data          28  mempool.o(._k_mem_pool.static._heap_mem_pool)
    async_msg_free                           0xc0022e84   Data          24  mailbox.o(._k_stack.static.async_msg_free)
    pipe_async_msgs                          0xc0022e9c   Data          24  pipes.o(._k_stack.static.pipe_async_msgs)
    Image$$STATIC_THREAD_REGION$$Base        0xc0022eb4   Number         0  anon$$obj.o ABSOLUTE
    __heap_base                              0xc0022eb8   Data           0  reset.o(HEAP)
    __heap_limit                             0xc00230b8   Data           0  reset.o(HEAP)
    Image$$BSS_REGION$$Base                  0xc00234b8   Number         0  anon$$obj.o ABSOLUTE
    __initial_sp                             0xc00234b8   Data           0  reset.o(STACK)
    info                                     0xc00234b8   Data          12  main.o(.bss)
    g_i2cHandle                              0xc0023734   Data          60  camera_interface.o(.bss)
    s_dmabuffer                              0xc0023770   Data          34  camera_interface.o(.bss)
    dma_ram_reserve                          0xc0023c00   Data        1024  gm_hal_dma.o(.bss)
    _mpool_buf__heap_mem_pool                0xc00240ac   Data        8232  mempool.o(.bss)
    _mpool_lvls__heap_mem_pool               0xc00260d4   Data          48  mempool.o(.bss)
    k_sys_work_q                             0xc0026104   Data         184  system_work_q.o(.bss)
    g_kernel                                 0xc0026320   Data         296  sched.o(.bss)
    Image$$NOINIT_REGION$$Base               0xc0026448   Number         0  anon$$obj.o ABSOLUTE
    _k_stack_buf_async_msg_free              0xc00267b8   Data          40  mailbox.o(.noinit."..\\..\\..\\..\\kernel\\mailbox.c".2)
    _k_stack_buf_pipe_async_msgs             0xc0026a88   Data          40  pipes.o(.noinit."..\\..\\..\\..\\kernel\\pipes.c".2)
    sys_work_q_stack                         0xc0026ab0   Data        1024  system_work_q.o(.noinit."..\\..\\..\\..\\kernel\\system_work_q.c".0)
    _main_stack                              0xc0026eb0   Data        4096  init.o(.noinit."..\\..\\..\\kernel\\init.c".11)
    _idle_stack                              0xc0027eb0   Data        2048  init.o(.noinit."..\\..\\..\\kernel\\init.c".12)
    _interrupt_stack                         0xc00286b0   Data        1024  init.o(.noinit."..\\..\\..\\kernel\\init.c".13)



==============================================================================

Memory Map of the image

  Image Entry point : 0x00010181

  Load Region LOAD_REGION (Base: 0x00010000, Size: 0x0001551c, Max: 0xffffffff, ABSOLUTE)

    Execution Region VECTOR_REGION (Base: 0x00010000, Size: 0x00000180, Max: 0xffffffff, ABSOLUTE)

    Base Addr    Size         Type   Attr      Idx    E Section Name        Object

    0x00010000   0x00000040   Code   RO         1794    .exc_vector_table._vector_table_section  vector_table.o
    0x00010040   0x00000140   Data   RW         2739    .irq_vector_table   ugelis_core_f6721b.lib(isr_tables.o)


    Execution Region TEXT_REGION (Base: 0x00010180, Size: 0x00011f10, Max: 0xffffffff, ABSOLUTE)

    Base Addr    Size         Type   Attr      Idx    E Section Name        Object

    0x00010180   0x00000000   Code   RO         3208  * .ARM.Collect$$$$00000000  mc_w.l(entry.o)
    0x00010180   0x00000004   Code   RO         3252    .ARM.Collect$$$$00000001  mc_w.l(entry2.o)
    0x00010184   0x00000004   Code   RO         3255    .ARM.Collect$$$$00000004  mc_w.l(entry5.o)
    0x00010188   0x00000000   Code   RO         3257    .ARM.Collect$$$$00000008  mc_w.l(entry7b.o)
    0x00010188   0x00000000   Code   RO         3259    .ARM.Collect$$$$0000000A  mc_w.l(entry8b.o)
    0x00010188   0x00000008   Code   RO         3260    .ARM.Collect$$$$0000000B  mc_w.l(entry9a.o)
    0x00010190   0x00000000   Code   RO         3262    .ARM.Collect$$$$0000000D  mc_w.l(entry10a.o)
    0x00010190   0x00000000   Code   RO         3264    .ARM.Collect$$$$0000000F  mc_w.l(entry11a.o)
    0x00010190   0x00000004   Code   RO         3253    .ARM.Collect$$$$00002712  mc_w.l(entry2.o)
    0x00010194   0x00000014   Code   RO          774    .emb_text           display_gm6721x.o
    0x000101a8   0x000004bc   Code   RO            4    .text               main.o
    0x00010664   0x00000048   Code   RO          319    .text               soc.o
    0x000106ac   0x00000022   Code   RO          361    .text               soc_gm6721x.o
    0x000106ce   0x00000056   Code   RO          403    .text               gm_common.o
    0x00010724   0x000003c0   Code   RO          434    .text               uart_gm.o
    0x00010ae4   0x000000a8   Code   RO          491    .text               cortex_m_systick.o
    0x00010b8c   0x0000006c   Code   RO          545    .text               uart_console.o
    0x00010bf8   0x00000834   Code   RO          593    .text               gpio_gm.o
    0x0001142c   0x0000004e   Code   RO          646    .text               pinmux_gm.o
    0x0001147a   0x00000072   Code   RO          688    .text               vb_queue.o
    0x000114ec   0x0000072c   Code   RO          715    .text               vin_gm6721x.o
    0x00011c18   0x00000a48   Code   RO          775    .text               display_gm6721x.o
    0x00012660   0x00000eb0   Code   RO          831    .text               camera_interface.o
    0x00013510   0x00000b4c   Code   RO          906    .text               gm_hal_dma.o
    0x0001405c   0x00000f1a   Code   RO          941    .text               gm_hal_uart.o
    0x00014f76   0x00000002   PAD
    0x00014f78   0x00000a5c   Code   RO          975    .text               gm_hal_gpio.o
    0x000159d4   0x000001e8   Code   RO         1009    .text               gm_hal_vin.o
    0x00015bbc   0x00000704   Code   RO         1040    .text               gm_hal_vout.o
    0x000162c0   0x0000040e   Code   RO         1073    .text               gm_hal_imp.o
    0x000166ce   0x00000002   PAD
    0x000166d0   0x000015ec   Code   RO         1106    .text               gm_hal_i2c.o
    0x00017cbc   0x000004c0   Code   RO         1162    .text               mailbox.o
    0x0001817c   0x000001a4   Code   RO         1235    .text               mem_slab.o
    0x00018320   0x00000274   Code   RO         1302    .text               mempool.o
    0x00018594   0x00000294   Code   RO         1403    .text               mutex.o
    0x00018828   0x000008b4   Code   RO         1464    .text               pipes.o
    0x000190dc   0x00000404   Code   RO         1533    .text               queue.o
    0x000194e0   0x00000154   Code   RO         1591    .text               sem.o
    0x00019634   0x00000194   Code   RO         1619    .text               stack.o
    0x000197c8   0x00000020   Code   RO         1641    .text               system_work_q.o
    0x000197e8   0x000001e0   Code   RO         1726    .text               device.o
    0x000199c8   0x000008f4   Code   RO         1759    .text               pinmux.o
    0x0001a2bc   0x00000520   Code   RO         1800    .text               ugelis_core_f6721b.lib(gm_hal_reset.o)
    0x0001a7dc   0x000011a4   Code   RO         1973    .text               ugelis_core_f6721b.lib(gm_hal_clock.o)
    0x0001b980   0x0000026e   Code   RO         2010    .text               ugelis_core_f6721b.lib(atomic_c.o)
    0x0001bbee   0x00000002   PAD
    0x0001bbf0   0x000002a8   Code   RO         2031    .text               ugelis_core_f6721b.lib(init.o)
    0x0001be98   0x00000bf4   Code   RO         2248    .text               ugelis_core_f6721b.lib(sched.o)
    0x0001ca8c   0x000003bc   Code   RO         2334    .text               ugelis_core_f6721b.lib(sys_clock.o)
    0x0001ce48   0x000006a0   Code   RO         2406    .text               ugelis_core_f6721b.lib(thread.o)
    0x0001d4e8   0x00000538   Code   RO         2470    .text               ugelis_core_f6721b.lib(work_q.o)
    0x0001da20   0x000004a8   Code   RO         2524    .text               ugelis_core_f6721b.lib(printk.o)
    0x0001dec8   0x00000594   Code   RO         2571    .text               ugelis_core_f6721b.lib(mempool.o)
    0x0001e45c   0x00000108   Code   RO         2602    .text               ugelis_core_f6721b.lib(stdout_console.o)
    0x0001e564   0x0000000c   PAD
    0x0001e570   0x0000009c   Code   RO         2626    .text               ugelis_core_f6721b.lib(swap_helper.o)
    0x0001e60c   0x00000024   Code   RO         2629    .text               ugelis_core_f6721b.lib(isr_wrapper.o)
    0x0001e630   0x000000c0   Code   RO         2635    .text               ugelis_core_f6721b.lib(irq_manage.o)
    0x0001e6f0   0x00000068   Code   RO         2695    .text               ugelis_core_f6721b.lib(prep_c.o)
    0x0001e758   0x0000000c   Code   RO         2721    .text               ugelis_core_f6721b.lib(nmi.o)
    0x0001e764   0x00000014   Code   RO         2736    .text               ugelis_core_f6721b.lib(isr_tables.o)
    0x0001e778   0x00000160   Code   RO         2765    .text               ugelis_core_f6721b.lib(gm_hal_cache.o)
    0x0001e8d8   0x00000060   Code   RO         2835    .text               ugelis_core_f6721b.lib(idle.o)
    0x0001e938   0x00000814   Code   RO         2904    .text               ugelis_core_f6721b.lib(rb.o)
    0x0001f14c   0x0000001e   Code   RO         2916    .text               ugelis_core_f6721b.lib(thread_entry.o)
    0x0001f16a   0x00000002   PAD
    0x0001f16c   0x00000078   Code   RO         2934    .text               ugelis_core_f6721b.lib(thread_1.o)
    0x0001f1e4   0x00000044   Code   RO         2985    .text               ugelis_core_f6721b.lib(swap.o)
    0x0001f228   0x00000040   Code   RO         3010    .text               ugelis_core_f6721b.lib(irq_offload.o)
    0x0001f268   0x00000038   Code   RO         3028    .text               ugelis_core_f6721b.lib(irq_init.o)
    0x0001f2a0   0x00000620   Code   RO         3056    .text               ugelis_core_f6721b.lib(fault.o)
    0x0001f8c0   0x0000013c   Code   RO         3080    .text               ugelis_core_f6721b.lib(fatal.o)
    0x0001f9fc   0x00000028   Code   RO         3128    .text               ugelis_core_f6721b.lib(cpu_idle.o)
    0x0001fa24   0x0000000c   PAD
    0x0001fa30   0x00000004   Code   RO         3131    .text               ugelis_core_f6721b.lib(nmi_on_reset.o)
    0x0001fa34   0x0000001c   Code   RO         3134    .text               ugelis_core_f6721b.lib(rand32_timer.o)
    0x0001fa50   0x00000068   Code   RO         3151    .text               ugelis_core_f6721b.lib(thread_abort_1.o)
    0x0001fab8   0x000000b4   Code   RO         3184    .text               ugelis_core_f6721b.lib(sys_fatal_error_handler.o)
    0x0001fb6c   0x00000062   Code   RO         3212    .text               mc_w.l(uldiv.o)
    0x0001fbce   0x00000024   Code   RO         3214    .text               mc_w.l(memcpya.o)
    0x0001fbf2   0x00000024   Code   RO         3216    .text               mc_w.l(memseta.o)
    0x0001fc16   0x0000000e   Code   RO         3218    .text               mc_w.l(strlen.o)
    0x0001fc24   0x0000001c   Code   RO         3220    .text               mc_w.l(strcmp.o)
    0x0001fc40   0x0000001e   Code   RO         3266    .text               mc_w.l(llshl.o)
    0x0001fc5e   0x00000020   Code   RO         3268    .text               mc_w.l(llushr.o)
    0x0001fc7e   0x00000002   PAD
    0x0001fc80   0x00000024   Code   RO         3272    .text               mc_w.l(init.o)
    0x0001fca4   0x00000028   Code   RO         2684    .text._HandlerModeExit  ugelis_core_f6721b.lib(exc_exit.o)
    0x0001fccc   0x00000004   PAD
    0x0001fcd0   0x00000028   Code   RO         2681    .text.__fault       ugelis_core_f6721b.lib(fault_s.o)
    0x0001fcf8   0x00000008   PAD
    0x0001fd00   0x0000005c   Code   RO         2689    .text._reset_section  ugelis_core_f6721b.lib(reset.o)
    0x0001fd5c   0x0000000e   Code   RO         3276    i.__scatterload_copy  mc_w.l(handlers.o)
    0x0001fd6a   0x00000002   Code   RO         3277    i.__scatterload_null  mc_w.l(handlers.o)
    0x0001fd6c   0x0000000e   Code   RO         3278    i.__scatterload_zeroinit  mc_w.l(handlers.o)
    0x0001fd7a   0x00000002   PAD
    0x0001fd7c   0x00000050   Code   RO         3224    i.free              mc_w.l(malloc.o)
    0x0001fdcc   0x0000006c   Code   RO         3225    i.malloc            mc_w.l(malloc.o)
    0x0001fe38   0x00000074   Data   RO          436    .constdata          uart_gm.o
    0x0001feac   0x00000074   Data   RO          595    .constdata          gpio_gm.o
    0x0001ff20   0x00000010   Data   RO          647    .constdata          pinmux_gm.o
    0x0001ff30   0x00000024   Data   RO          716    .constdata          vin_gm6721x.o
    0x0001ff54   0x00000064   Data   RO          777    .constdata          display_gm6721x.o
    0x0001ffb8   0x00001ca0   Data   RO          833    .constdata          camera_interface.o
    0x00021c58   0x00000037   Data   RO          976    .constdata          gm_hal_gpio.o
    0x00021c8f   0x00000001   PAD
    0x00021c90   0x0000000c   Data   RO         1108    .constdata          gm_hal_i2c.o
    0x00021c9c   0x00000204   Data   RO         1760    .constdata          pinmux.o
    0x00021ea0   0x00000008   Data   RO         2033    .constdata          ugelis_core_f6721b.lib(init.o)
    0x00021ea8   0x00000004   Data   RO         2809    .constdata          ugelis_core_f6721b.lib(errno.o)
    0x00021eac   0x0000000e   Data   RO          834    .conststring        camera_interface.o
    0x00021eba   0x00000002   PAD
    0x00021ebc   0x00000001   Data   RO          320    .conststrlit        soc.o
    0x00021ebd   0x00000003   PAD
    0x00021ec0   0x0000001f   Data   RO          437    .conststrlit        uart_gm.o
    0x00021edf   0x00000001   PAD
    0x00021ee0   0x00000001   Data   RO          546    .conststrlit        uart_console.o
    0x00021ee1   0x00000003   PAD
    0x00021ee4   0x00000056   Data   RO          596    .conststrlit        gpio_gm.o
    0x00021f3a   0x00000002   PAD
    0x00021f3c   0x00000056   Data   RO          648    .conststrlit        pinmux_gm.o
    0x00021f92   0x00000002   PAD
    0x00021f94   0x0000000a   Data   RO          675    .conststrlit        sys_clock_init.o
    0x00021f9e   0x00000002   PAD
    0x00021fa0   0x00000004   Data   RO          717    .conststrlit        vin_gm6721x.o
    0x00021fa4   0x00000005   Data   RO          778    .conststrlit        display_gm6721x.o
    0x00021fa9   0x00000003   PAD
    0x00021fac   0x00000020   Data   RO          835    .conststrlit        camera_interface.o
    0x00021fcc   0x00000001   Data   RO         1164    .conststrlit        mailbox.o
    0x00021fcd   0x00000003   PAD
    0x00021fd0   0x00000001   Data   RO         1236    .conststrlit        mem_slab.o
    0x00021fd1   0x00000003   PAD
    0x00021fd4   0x00000001   Data   RO         1305    .conststrlit        mempool.o
    0x00021fd5   0x00000003   PAD
    0x00021fd8   0x00000001   Data   RO         1466    .conststrlit        pipes.o
    0x00021fd9   0x00000003   PAD
    0x00021fdc   0x00000001   Data   RO         1643    .conststrlit        system_work_q.o
    0x00021fdd   0x00000003   PAD
    0x00021fe0   0x00000010   Data   RO         1761    .conststrlit        pinmux.o
    0x00021ff0   0x000000a0   Data   RO         3274    Region$$Table       anon$$obj.o


    Execution Region RODATA_REGION (Base: 0x00022090, Size: 0x00000000, Max: 0xffffffff, ABSOLUTE)

    **** No section assigned to this execution region ****


    Execution Region DATA_START_REGION (Base: 0xc0022090, Size: 0x00000838, Max: 0xffffffff, ABSOLUTE)

    Base Addr    Size         Type   Attr      Idx    E Section Name        Object

    0xc0022090   0x0000000f   Data   RW            6    .data               main.o
    0xc002209f   0x00000001   PAD
    0xc00220a0   0x00000004   Data   RW          438    .data               uart_gm.o
    0xc00220a4   0x00000004   Data   RW          492    .data               cortex_m_systick.o
    0xc00220a8   0x00000004   Data   RW          547    .data               uart_console.o
    0xc00220ac   0x00000058   Data   RW          649    .data               pinmux_gm.o
    0xc0022104   0x0000018c   Data   RW          718    .data               vin_gm6721x.o
    0xc0022290   0x00000148   Data   RW          836    .data               camera_interface.o
    0xc00223d8   0x000001a9   Data   RW          908    .data               gm_hal_dma.o
    0xc0022581   0x00000003   PAD
    0xc0022584   0x00000008   Data   RW          943    .data               gm_hal_uart.o
    0xc002258c   0x00000006   Data   RW         1109    .data               gm_hal_i2c.o
    0xc0022592   0x00000002   PAD
    0xc0022594   0x00000008   Data   RW         1237    .data               mem_slab.o
    0xc002259c   0x00000008   Data   RW         1306    .data               mempool.o
    0xc00225a4   0x00000020   Data   RW         1728    .data               device.o
    0xc00225c4   0x00000004   Data   RW         1762    .data               pinmux.o
    0xc00225c8   0x00000002   Data   RW         1801    .data               ugelis_core_f6721b.lib(gm_hal_reset.o)
    0xc00225ca   0x00000002   PAD
    0xc00225cc   0x00000014   Data   RW         2034    .data               ugelis_core_f6721b.lib(init.o)
    0xc00225e0   0x00000001   Data   RW         2250    .data               ugelis_core_f6721b.lib(sched.o)
    0xc00225e1   0x00000007   PAD
    0xc00225e8   0x00000028   Data   RW         2335    .data               ugelis_core_f6721b.lib(sys_clock.o)
    0xc0022610   0x00000008   Data   RW         2407    .data               ugelis_core_f6721b.lib(thread.o)
    0xc0022618   0x00000004   Data   RW         2525    .data               ugelis_core_f6721b.lib(printk.o)
    0xc002261c   0x00000004   Data   RW         2603    .data               ugelis_core_f6721b.lib(stdout_console.o)
    0xc0022620   0x00000010   Data   RW         2696    .data               ugelis_core_f6721b.lib(prep_c.o)
    0xc0022630   0x00000280   Data   RW         2737    .data               ugelis_core_f6721b.lib(isr_tables.o)
    0xc00228b0   0x00000008   Data   RW         3011    .data               ugelis_core_f6721b.lib(irq_offload.o)
    0xc00228b8   0x00000004   Data   RW         3135    .data               ugelis_core_f6721b.lib(rand32_timer.o)
    0xc00228bc   0x00000004   Data   RW         3211    .data               mc_w.l(stdout.o)
    0xc00228c0   0x00000004   Data   RW         3270    .data               mc_w.l(mvars.o)
    0xc00228c4   0x00000004   Data   RW         3271    .data               mc_w.l(mvars.o)


    Execution Region DEVCONFIG_REGION (Base: 0xc00228c8, Size: 0x00000280, Max: 0xffffffff, ABSOLUTE)

    Base Addr    Size         Type   Attr      Idx    E Section Name        Object

    0xc00228c8   0x00000010   Data   RW          321    .devconfig.init     soc.o
    0xc00228d8   0x00000040   Data   RW          439    .devconfig.init     uart_gm.o
    0xc0022918   0x00000010   Data   RW          548    .devconfig.init     uart_console.o
    0xc0022928   0x000000b0   Data   RW          597    .devconfig.init     gpio_gm.o
    0xc00229d8   0x000000b0   Data   RW          650    .devconfig.init     pinmux_gm.o
    0xc0022a88   0x00000010   Data   RW          676    .devconfig.init     sys_clock_init.o
    0xc0022a98   0x00000010   Data   RW          719    .devconfig.init     vin_gm6721x.o
    0xc0022aa8   0x00000010   Data   RW          779    .devconfig.init     display_gm6721x.o
    0xc0022ab8   0x00000030   Data   RW          837    .devconfig.init     camera_interface.o
    0xc0022ae8   0x00000010   Data   RW         1166    .devconfig.init     mailbox.o
    0xc0022af8   0x00000010   Data   RW         1238    .devconfig.init     mem_slab.o
    0xc0022b08   0x00000010   Data   RW         1307    .devconfig.init     mempool.o
    0xc0022b18   0x00000010   Data   RW         1467    .devconfig.init     pipes.o
    0xc0022b28   0x00000010   Data   RW         1644    .devconfig.init     system_work_q.o
    0xc0022b38   0x00000010   Data   RW         1763    .devconfig.init     pinmux.o


    Execution Region DEVICE_PRE_KERNEL1_REGION (Base: 0xc0022b48, Size: 0x00000294, Max: 0xffffffff, ABSOLUTE)

    Base Addr    Size         Type   Attr      Idx    E Section Name        Object

    0xc0022b48   0x00000014   Data   RW          322    .init_PRE_KERNEL_10  soc.o
    0xc0022b5c   0x000000dc   Data   RW          651    .init_PRE_KERNEL_13  pinmux_gm.o
    0xc0022c38   0x00000014   Data   RW         1167    .init_PRE_KERNEL_130  mailbox.o
    0xc0022c4c   0x00000014   Data   RW         1239    .init_PRE_KERNEL_130  mem_slab.o
    0xc0022c60   0x00000014   Data   RW         1308    .init_PRE_KERNEL_130  mempool.o
    0xc0022c74   0x00000014   Data   RW         1468    .init_PRE_KERNEL_130  pipes.o
    0xc0022c88   0x00000014   Data   RW         1764    .init_PRE_KERNEL_14  pinmux.o
    0xc0022c9c   0x000000dc   Data   RW          598    .init_PRE_KERNEL_16  gpio_gm.o
    0xc0022d78   0x00000014   Data   RW          549    .init_PRE_KERNEL_160  uart_console.o
    0xc0022d8c   0x00000050   Data   RW          440    .init_PRE_KERNEL_17  uart_gm.o


    Execution Region DEVICE_PRE_KERNEL2_REGION (Base: 0xc0022ddc, Size: 0x00000014, Max: 0xffffffff, ABSOLUTE)

    Base Addr    Size         Type   Attr      Idx    E Section Name        Object

    0xc0022ddc   0x00000014   Data   RW          677    .init_PRE_KERNEL_20  sys_clock_init.o


    Execution Region DEVICE_POST_KERNEL_REGION (Base: 0xc0022df0, Size: 0x00000078, Max: 0xffffffff, ABSOLUTE)

    Base Addr    Size         Type   Attr      Idx    E Section Name        Object

    0xc0022df0   0x00000014   Data   RW         1645    .init_POST_KERNEL40  system_work_q.o
    0xc0022e04   0x00000014   Data   RW          720    .init_POST_KERNEL50  vin_gm6721x.o
    0xc0022e18   0x00000014   Data   RW          780    .init_POST_KERNEL50  display_gm6721x.o
    0xc0022e2c   0x0000003c   Data   RW          838    .init_POST_KERNEL50  camera_interface.o


    Execution Region DEVICE_APPLICATION_REGION (Base: 0xc0022e68, Size: 0x00000000, Max: 0xffffffff, ABSOLUTE)

    **** No section assigned to this execution region ****


    Execution Region KMEM_SLAB_REGION (Base: 0xc0022e68, Size: 0x00000000, Max: 0xffffffff, ABSOLUTE)

    **** No section assigned to this execution region ****


    Execution Region KMEM_POOL_REGION (Base: 0xc0022e68, Size: 0x0000001c, Max: 0xffffffff, ABSOLUTE)

    Base Addr    Size         Type   Attr      Idx    E Section Name        Object

    0xc0022e68   0x0000001c   Data   RW         1303    ._k_mem_pool.static._heap_mem_pool  mempool.o


    Execution Region KTIMER_REGION (Base: 0xc0022e84, Size: 0x00000000, Max: 0xffffffff, ABSOLUTE)

    **** No section assigned to this execution region ****


    Execution Region KSEM_REGION (Base: 0xc0022e84, Size: 0x00000000, Max: 0xffffffff, ABSOLUTE)

    **** No section assigned to this execution region ****


    Execution Region KMUTEX_REGION (Base: 0xc0022e84, Size: 0x00000000, Max: 0xffffffff, ABSOLUTE)

    **** No section assigned to this execution region ****


    Execution Region KALERT_REGION (Base: 0xc0022e84, Size: 0x00000000, Max: 0xffffffff, ABSOLUTE)

    **** No section assigned to this execution region ****


    Execution Region KQUEUE_REGION (Base: 0xc0022e84, Size: 0x00000000, Max: 0xffffffff, ABSOLUTE)

    **** No section assigned to this execution region ****


    Execution Region KSTACK_REGION (Base: 0xc0022e84, Size: 0x00000030, Max: 0xffffffff, ABSOLUTE)

    Base Addr    Size         Type   Attr      Idx    E Section Name        Object

    0xc0022e84   0x00000018   Data   RW         1163    ._k_stack.static.async_msg_free  mailbox.o
    0xc0022e9c   0x00000018   Data   RW         1465    ._k_stack.static.pipe_async_msgs  pipes.o


    Execution Region KMSGQ_REGION (Base: 0xc0022eb4, Size: 0x00000000, Max: 0xffffffff, ABSOLUTE)

    **** No section assigned to this execution region ****


    Execution Region KMBOX_REGION (Base: 0xc0022eb4, Size: 0x00000000, Max: 0xffffffff, ABSOLUTE)

    **** No section assigned to this execution region ****


    Execution Region STATIC_THREAD_REGION (Base: 0xc0022eb4, Size: 0x00000000, Max: 0xffffffff, ABSOLUTE)

    **** No section assigned to this execution region ****


    Execution Region DATA_END_REGION (Base: 0xc0022eb4, Size: 0x00000604, Max: 0xffffffff, ABSOLUTE)

    Base Addr    Size         Type   Attr      Idx    E Section Name        Object

    0xc0022eb4   0x00000004   PAD
    0xc0022eb8   0x00000200   Zero   RW         2688    HEAP                ugelis_core_f6721b.lib(reset.o)
    0xc00230b8   0x00000400   Zero   RW         2687    STACK               ugelis_core_f6721b.lib(reset.o)


    Execution Region BSS_REGION (Base: 0xc00234b8, Size: 0x00002f90, Max: 0xffffffff, ABSOLUTE)

    Base Addr    Size         Type   Attr      Idx    E Section Name        Object

    0xc00234b8   0x0000000c   Zero   RW            5    .bss                main.o
    0xc00234c4   0x000001a0   Zero   RW          435    .bss                uart_gm.o
    0xc0023664   0x00000084   Zero   RW          594    .bss                gpio_gm.o
    0xc00236e8   0x0000004c   Zero   RW          776    .bss                display_gm6721x.o
    0xc0023734   0x00000114   Zero   RW          832    .bss                camera_interface.o
    0xc0023848   0x000001b8   PAD
    0xc0023a00   0x00000600   Zero   RW          907    .bss                gm_hal_dma.o
    0xc0024000   0x00000020   Zero   RW          942    .bss                gm_hal_uart.o
    0xc0024020   0x0000005c   Zero   RW         1041    .bss                gm_hal_vout.o
    0xc002407c   0x0000000c   Zero   RW         1074    .bss                gm_hal_imp.o
    0xc0024088   0x00000024   Zero   RW         1107    .bss                gm_hal_i2c.o
    0xc00240ac   0x00002058   Zero   RW         1304    .bss                mempool.o
    0xc0026104   0x000000b8   Zero   RW         1642    .bss                system_work_q.o
    0xc00261bc   0x00000014   Zero   RW         1727    .bss                device.o
    0xc00261d0   0x00000150   Zero   RW         2032    .bss                ugelis_core_f6721b.lib(init.o)
    0xc0026320   0x00000128   Zero   RW         2249    .bss                ugelis_core_f6721b.lib(sched.o)


    Execution Region NOINIT_REGION (Base: 0xc0026448, Size: 0x00002668, Max: 0xffffffff, ABSOLUTE)

    Base Addr    Size         Type   Attr      Idx    E Section Name        Object

    0xc0026448   0x00000370   Data   RW         1168    .noinit."..\\..\\..\\..\\kernel\\mailbox.c".1  mailbox.o
    0xc00267b8   0x00000028   Data   RW         1169    .noinit."..\\..\\..\\..\\kernel\\mailbox.c".2  mailbox.o
    0xc00267e0   0x000002a8   Data   RW         1469    .noinit."..\\..\\..\\..\\kernel\\pipes.c".1  pipes.o
    0xc0026a88   0x00000028   Data   RW         1470    .noinit."..\\..\\..\\..\\kernel\\pipes.c".2  pipes.o
    0xc0026ab0   0x00000400   Data   RW         1646    .noinit."..\\..\\..\\..\\kernel\\system_work_q.c".0  system_work_q.o
    0xc0026eb0   0x00001000   Data   RW         2035    .noinit."..\\..\\..\\kernel\\init.c".11  ugelis_core_f6721b.lib(init.o)
    0xc0027eb0   0x00000800   Data   RW         2036    .noinit."..\\..\\..\\kernel\\init.c".12  ugelis_core_f6721b.lib(init.o)
    0xc00286b0   0x00000400   Data   RW         2037    .noinit."..\\..\\..\\kernel\\init.c".13  ugelis_core_f6721b.lib(init.o)


    Execution Region VT_REGION (Base: 0xc0028ab0, Size: 0x00000000, Max: 0xffffffff, ABSOLUTE)

    **** No section assigned to this execution region ****


==============================================================================

Image component sizes


      Code (inc. data)   RO Data    RW Data    ZI Data      Debug   Object Name

      3760        312       7374        436        276      46755   camera_interface.o
       168         22          0          4          0      32951   cortex_m_systick.o
       480         56          0         32         20       6203   device.o
      2652         30        105         36         76      25868   display_gm6721x.o
        86          0          0          0          0       2237   gm_common.o
      2892         34          0        425       1536       5668   gm_hal_dma.o
      2652         92         55          0          0       9209   gm_hal_gpio.o
      5612        140         12          6         36      13921   gm_hal_i2c.o
      1038         12          0          0         12       5646   gm_hal_imp.o
      3866        108          0          8         32      33006   gm_hal_uart.o
       488         10          0          0          0       5856   gm_hal_vin.o
      1796         18          0          0         92       9534   gm_hal_vout.o
      2100        136        202        396        132      56032   gpio_gm.o
      1216         18          1        980          0      40119   mailbox.o
      1212        120          0         15         12     103087   main.o
       420         20          1         44          0      34287   mem_slab.o
       628         30          1         72       8280      30508   mempool.o
       660          4          0          0          0      32684   mutex.o
      2292         82        532         40          0       8056   pinmux.o
        78          0        102        484          0       4972   pinmux_gm.o
      2228         18          1        780          0      43745   pipes.o
      1028          4          0          0          0      37466   queue.o
       340          0          0          0          0       6647   sem.o
        72          4          1         36          0       2388   soc.o
        34          0          0          0          0       7509   soc_gm6721x.o
       404          4          0          0          0       4113   stack.o
         0          0         10         36          0        300   sys_clock_init.o
        32          8          1       1060        184      19632   system_work_q.o
       108         18          1         40          0       5319   uart_console.o
       960         42        147        148        416      20476   uart_gm.o
       114          0          0          0          0       2507   vb_queue.o
        64         64          0          0          0        248   vector_table.o
      1836         44         40        432          0      14916   vin_gm6721x.o

    ----------------------------------------------------------------------
     41320       1450       8780       5516      11548     671865   Object Totals
         0          0        160          0          0          0   (incl. Generated)
         4          0         34          6        444          0   (incl. Padding)

    ----------------------------------------------------------------------

      Code (inc. data)   RO Data    RW Data    ZI Data      Debug   Library Member Name

         0          0          0          0          0          0   entry.o
         0          0          0          0          0          0   entry10a.o
         0          0          0          0          0          0   entry11a.o
         8          4          0          0          0          0   entry2.o
         4          0          0          0          0          0   entry5.o
         0          0          0          0          0          0   entry7b.o
         0          0          0          0          0          0   entry8b.o
         8          4          0          0          0          0   entry9a.o
        30          0          0          0          0          0   handlers.o
        36          8          0          0          0         68   init.o
        30          0          0          0          0         68   llshl.o
        32          0          0          0          0         68   llushr.o
       188         20          0          0          0        160   malloc.o
        36          0          0          0          0         68   memcpya.o
        36          0          0          0          0        108   memseta.o
         0          0          0          8          0          0   mvars.o
         0          0          0          4          0          0   stdout.o
        28          0          0          0          0         76   strcmp.o
        14          0          0          0          0         68   strlen.o
        98          0          0          0          0         92   uldiv.o
       622          0          0          0          0       7036   atomic_c.o
        40          4          0          0          0        312   cpu_idle.o
         0          0          4          0          0        244   errno.o
        40         10          0          0          0        304   exc_exit.o
       316        194          0          0          0      27087   fatal.o
      1568        778          0          0          0       3832   fault.o
        40          4          0          0          0        300   fault_s.o
       352         14          0          0          0       2446   gm_hal_cache.o
      4516         70          0          0          0      15159   gm_hal_clock.o
      1312         70          0          2          0      46864   gm_hal_reset.o
        96          4          0          0          0      26880   idle.o
       680        162          8       7188        336      43774   init.o
        56          8          0          0          0      30557   irq_init.o
       192         14          0          0          0      31569   irq_manage.o
        64         10          0          8          0       1520   irq_offload.o
        20          4          0        960          0       2343   isr_tables.o
        36          6          0          0          0        308   isr_wrapper.o
      1428          0          0          0          0      36553   mempool.o
        12          0          0          0          0        524   nmi.o
         4          0          0          0          0        316   nmi_on_reset.o
       104         12          0         16          0       1709   prep_c.o
      1192         38          0          4          0      30408   printk.o
        28          8          0          4          0        769   rand32_timer.o
      2068          0          0          0          0       7418   rb.o
        92          8          0          0       1536        340   reset.o
      3060         56          0          1        296      60887   sched.o
       264          8          0          4          0       5725   stdout_console.o
        68         14          0          0          0       1325   swap.o
       156         16          0          0          0        356   swap_helper.o
       956         20          0         40          0      38672   sys_clock.o
       180        100          0          0          0       5364   sys_fatal_error_handler.o
      1696         44          0          8          0      44017   thread.o
       120          6          0          0          0      21824   thread_1.o
       104         10          0          0          0        927   thread_abort_1.o
        30          0          0          0          0       4708   thread_entry.o
      1336         12          0          0          0      38641   work_q.o

    ----------------------------------------------------------------------
     23440       1776         12       8256       2168     541794   Library Totals
        44         36          0          9          0          0   (incl. Padding)

    ----------------------------------------------------------------------

      Code (inc. data)   RO Data    RW Data    ZI Data      Debug   Library Name

       548         36          0         12          0        776   mc_w.l
     22848       1704         12       8235       2168     541018   ugelis_core_f6721b.lib

    ----------------------------------------------------------------------
     23440       1776         12       8256       2168     541794   Library Totals

    ----------------------------------------------------------------------

==============================================================================


      Code (inc. data)   RO Data    RW Data    ZI Data      Debug   

     64760       3226       8792      13772      13716    1203151   Grand Totals
     64760       3226       8792      13772      13716    1203151   ELF Image Totals
     64760       3226       8792      13772          0          0   ROM Totals

==============================================================================

    Total RO  Size (Code + RO Data)                73552 (  71.83kB)
    Total RW  Size (RW Data + ZI Data)             27488 (  26.84kB)
    Total ROM Size (Code + RO Data + RW Data)      87324 (  85.28kB)

==============================================================================

