<html>
<body>
<pre>
<h1>µVision Build Log</h1>
<h2>Tool Versions:</h2>
IDE-Version: ¦ÌVision V5.21.1.0
Copyright (C) 2016 ARM Ltd and ARM Germany GmbH. All rights reserved.
License Information: ljh Microsoft, Microsoft, LIC=LSNJJ-U5G28-2LRCT-RU82W-EIBF5-K75TL
 
Tool Versions:
Toolchain:       MDK-ARM Plus  Version: 5.21a
Toolchain Path:  C:\Keil_v5\ARM\ARMCC\Bin
C Compiler:      Armcc.exe V5.06 update 3 (build 300)
Assembler:       Armasm.exe V5.06 update 3 (build 300)
Linker/Locator:  ArmLink.exe V5.06 update 3 (build 300)
Library Manager: ArmAr.exe V5.06 update 3 (build 300)
Hex Converter:   FromElf.exe V5.06 update 3 (build 300)
CPU DLL:         SARMCM3.DLL V5.21a
Dialog DLL:      DCM.DLL V1.13.8.0
Target DLL:      Segger\JL2CM3.dll V2.99.23.0
Dialog DLL:      TCM.DLL V1.14.14.0
 
<h2>Project:</h2>
G:\0520\kelis\ugelis\kelis_example\driver_example\camera\mdk\camera_demo.uvprojx
Project File Date:  05/20/2020

<h2>Output:</h2>
*** Using Compiler 'V5.06 update 3 (build 300)', folder: 'C:\Keil_v5\ARM\ARMCC\Bin'
Build target 'camera_demo'
compiling gm_common.c...
compiling soc.c...
compiling uart_console.c...
compiling soc_gm6721x.c...
compiling main.c...
compiling uart_gm.c...
compiling cortex_m_systick.c...
compiling sys_clock_init.c...
compiling gpio_gm.c...
compiling pinmux_gm.c...
compiling vb_queue.c...
compiling vin_gm6721x.c...
compiling display_gm6721x.c...
compiling camera_interface.c...
compiling gm_hal_dma.c...
compiling gm_hal_uart.c...
compiling gm_hal_gpio.c...
compiling gm_hal_vin.c...
compiling gm_hal_imp.c...
compiling gm_hal_vout.c...
compiling gm_hal_i2c.c...
compiling mailbox.c...
compiling mem_slab.c...
compiling mempool.c...
compiling msg_q.c...
compiling mutex.c...
compiling pipes.c...
compiling system_work_q.c...
compiling sem.c...
compiling queue.c...
compiling device.c...
compiling stack.c...
assembling vector_table.S...
compiling timer.c...
compiling pinmux.c...
linking...
Program Size: Code=64760 RO-data=8792 RW-data=13772 ZI-data=13716  
FromELF: creating hex file...
".\ugelis_demo.axf" - 0 Error(s), 0 Warning(s).

<h2>Collection of Component include folders:</h2>
  G:\0520\kelis\ugelis\kelis_example\driver_example\camera\mdk\RTE
  C:\Keil_v5\ARM\PACK\Keil\GM66xx_DFP\1.3.9\Device\Include

<h2>Collection of Component Files used:</h2>
Build Time Elapsed:  00:00:15
</pre>
</body>
</html>
