<!doctype html public "-//w3c//dtd html 4.0 transitional//en">
<html><head>
<title>Static Call Graph - [.\obj\obj_ai_body_detection.axf]</title></head>
<body><HR>
<H1>Static Call Graph for image .\obj\obj_ai_body_detection.axf</H1><HR>
<BR><P>#&#060CALLGRAPH&#062# ARM Linker, 5060300: Last Updated: Wed May 20 17:38:43 2020
<BR><P>
<H3>Maximum Stack Usage =       1016 bytes + Unknown(Functions without stacksize, Cycles, Untraceable Function Pointers)</H3><H3>
Call chain for Maximum Stack Depth:</H3>
bg_thread_main &rArr; main &rArr; body_detect &rArr; easynet_post_region &rArr; get_network_boxes &rArr; fill_network_boxes &rArr; get_region_detections &rArr; correct_region_boxes &rArr; __aeabi_dsub &rArr; __aeabi_dadd &rArr; _double_epilogue &rArr; _double_round
<P>
<H3>
Functions with no stack information
</H3><UL>
 <LI><a href="#[33e]">fp_register_touch</a>
 <LI><a href="#[a]">__pendsv</a>
 <LI><a href="#[8]">__svc</a>
 <LI><a href="#[c]">_isr_wrapper</a>
 <LI><a href="#[2b9]">_CpuIdleInit</a>
 <LI><a href="#[341]">k_cpu_idle</a>
 <LI><a href="#[3d0]">k_cpu_atomic_idle</a>
 <LI><a href="#[33f]">_SysNmiOnReset</a>
 <LI><a href="#[12e]">_ExcExit</a>
 <LI><a href="#[33c]">_IntExit</a>
 <LI><a href="#[5]">__bus_fault</a>
 <LI><a href="#[9]">__debug_monitor</a>
 <LI><a href="#[3]">__hard_fault</a>
 <LI><a href="#[4]">__mpu_fault</a>
 <LI><a href="#[7]">__reserved</a>
 <LI><a href="#[6]">__usage_fault</a>
 <LI><a href="#[1]">__reset</a>
 <LI><a href="#[3db]">__start</a>
</UL>
</UL>
<P>
<H3>
Mutually Recursive functions
</H3> <LI><a href="#[be]">gm_qsort</a>&nbsp;&nbsp;&nbsp;&rArr;&nbsp;&nbsp;&nbsp;<a href="#[be]">gm_qsort</a><BR>
 <LI><a href="#[32f]">block_free</a>&nbsp;&nbsp;&nbsp;&rArr;&nbsp;&nbsp;&nbsp;<a href="#[32f]">block_free</a><BR>
 <LI><a href="#[33f]">_SysNmiOnReset</a>&nbsp;&nbsp;&nbsp;&rArr;&nbsp;&nbsp;&nbsp;<a href="#[33f]">_SysNmiOnReset</a><BR>
 <LI><a href="#[11c]">HAL_UART_PutChar</a>&nbsp;&nbsp;&nbsp;&rArr;&nbsp;&nbsp;&nbsp;<a href="#[11c]">HAL_UART_PutChar</a><BR>
</UL>
<P>
<H3>
Function Pointers
</H3><UL>
 <LI><a href="#[1c]">I2C_RxDMACallback</a> from gm_hal_i2c.o(.text) referenced from gm_hal_i2c.o(.text)
 <LI><a href="#[1b]">I2C_TxDMACallback</a> from gm_hal_i2c.o(.text) referenced from gm_hal_i2c.o(.text)
 <LI><a href="#[18]">UART_RxDMACallback</a> from gm_hal_uart.o(.text) referenced from gm_hal_uart.o(.text)
 <LI><a href="#[19]">UART_TxDMACallback</a> from gm_hal_uart.o(.text) referenced from gm_hal_uart.o(.text)
 <LI><a href="#[5]">__bus_fault</a> from fault_s.o(.text.__fault) referenced from vector_table.o(.exc_vector_table._vector_table_section)
 <LI><a href="#[9]">__debug_monitor</a> from fault_s.o(.text.__fault) referenced from vector_table.o(.exc_vector_table._vector_table_section)
 <LI><a href="#[3]">__hard_fault</a> from fault_s.o(.text.__fault) referenced from vector_table.o(.exc_vector_table._vector_table_section)
 <LI><a href="#[4]">__mpu_fault</a> from fault_s.o(.text.__fault) referenced from vector_table.o(.exc_vector_table._vector_table_section)
 <LI><a href="#[2]">__nmi</a> from nmi.o(.text) referenced from vector_table.o(.exc_vector_table._vector_table_section)
 <LI><a href="#[a]">__pendsv</a> from swap_helper.o(.text) referenced from vector_table.o(.exc_vector_table._vector_table_section)
 <LI><a href="#[7]">__reserved</a> from fault_s.o(.text.__fault) referenced 5 times from vector_table.o(.exc_vector_table._vector_table_section)
 <LI><a href="#[1]">__reset</a> from reset.o(.text._reset_section) referenced from vector_table.o(.exc_vector_table._vector_table_section)
 <LI><a href="#[8]">__svc</a> from swap_helper.o(.text) referenced from vector_table.o(.exc_vector_table._vector_table_section)
 <LI><a href="#[6]">__usage_fault</a> from fault_s.o(.text.__fault) referenced from vector_table.o(.exc_vector_table._vector_table_section)
 <LI><a href="#[26]">_do_kernel_oops</a> from fatal.o(.text) referenced from swap_helper.o(.text)
 <LI><a href="#[25]">_irq_do_offload</a> from irq_offload.o(.text) referenced from swap_helper.o(.text)
 <LI><a href="#[6d]">_irq_spurious</a> from irq_manage.o(.text) referenced 80 times from isr_tables.o(.data)
 <LI><a href="#[c]">_isr_wrapper</a> from isr_wrapper.o(.text) referenced 80 times from isr_tables.o(.irq_vector_table)
 <LI><a href="#[6b]">_nop_char_out</a> from printk.o(.text) referenced from printk.o(.data)
 <LI><a href="#[6c]">_stdout_hook_default</a> from stdout_console.o(.text) referenced from stdout_console.o(.data)
 <LI><a href="#[7f]">_sys_clock_driver_init</a> from cortex_m_systick.o(.text) referenced from sys_clock_init.o(.devconfig.init)
 <LI><a href="#[27]">_thread_entry</a> from thread_entry.o(.text) referenced from thread_1.o(.text)
 <LI><a href="#[b]">_timer_int_handler</a> from cortex_m_systick.o(.text) referenced from vector_table.o(.exc_vector_table._vector_table_section)
 <LI><a href="#[20]">bg_thread_main</a> from init.o(.text) referenced from init.o(.text)
 <LI><a href="#[e]">cambuf_process_thread</a> from main.o(.text) referenced from main.o(.text)
 <LI><a href="#[94]">camera_isr</a> from main.o(.text) referenced from main.o(.text)
 <LI><a href="#[23]">char_out</a> from printk.o(.text) referenced from printk.o(.text)
 <LI><a href="#[65]">cmd_exit</a> from shell.o(.text) referenced from shell.o(.constdata)
 <LI><a href="#[63]">cmd_help</a> from shell.o(.text) referenced from shell.o(.constdata)
 <LI><a href="#[8d]">cmd_noprompt</a> from shell.o(.text) referenced from shell.o(.shell_cmd_)
 <LI><a href="#[64]">cmd_select</a> from shell.o(.text) referenced from shell.o(.constdata)
 <LI><a href="#[1e]">completion</a> from shell.o(.text) referenced from shell.o(.text)
 <LI><a href="#[11]">console_out</a> from uart_console.o(.text) referenced from uart_console.o(.text)
 <LI><a href="#[6f]">device_pm_control_nop</a> from device.o(.text) referenced 37 times from soc.o(.devconfig.init)
 <LI><a href="#[1a]">dmaCallback</a> from gm_hal_sqi.o(.text) referenced from gm_hal_sqi.o(.text)
 <LI><a href="#[28]">fputc</a> from stdout_console.o(.text) referenced from printf3.o(i.__0printf$3)
 <LI><a href="#[6e]">gm6721x_init</a> from soc.o(.text) referenced from soc.o(.devconfig.init)
 <LI><a href="#[15]">gm_i2c_hal_rx_callback</a> from camera_interface.o(.text) referenced from camera_interface.o(.text)
 <LI><a href="#[16]">gm_i2c_hal_tx_callback</a> from camera_interface.o(.text) referenced from camera_interface.o(.text)
 <LI><a href="#[8a]">gm_pinmux_pm_control</a> from pinmux.o(.text) referenced from pinmux.o(.devconfig.init)
 <LI><a href="#[71]">gm_uart_pm_control</a> from uart_gm.o(.text) referenced 4 times from uart_gm.o(.devconfig.init)
 <LI><a href="#[73]">gpio_gm_a_init</a> from gpio_gm.o(.text) referenced from gpio_gm.o(.devconfig.init)
 <LI><a href="#[74]">gpio_gm_b_init</a> from gpio_gm.o(.text) referenced from gpio_gm.o(.devconfig.init)
 <LI><a href="#[75]">gpio_gm_c_init</a> from gpio_gm.o(.text) referenced from gpio_gm.o(.devconfig.init)
 <LI><a href="#[3b]">gpio_gm_config</a> from gpio_gm.o(.text) referenced from gpio_gm.o(.constdata)
 <LI><a href="#[76]">gpio_gm_d_init</a> from gpio_gm.o(.text) referenced from gpio_gm.o(.devconfig.init)
 <LI><a href="#[40]">gpio_gm_disable_callback</a> from gpio_gm.o(.text) referenced from gpio_gm.o(.constdata)
 <LI><a href="#[77]">gpio_gm_e_init</a> from gpio_gm.o(.text) referenced from gpio_gm.o(.devconfig.init)
 <LI><a href="#[3f]">gpio_gm_enable_callback</a> from gpio_gm.o(.text) referenced from gpio_gm.o(.constdata)
 <LI><a href="#[78]">gpio_gm_f_init</a> from gpio_gm.o(.text) referenced from gpio_gm.o(.devconfig.init)
 <LI><a href="#[79]">gpio_gm_g_init</a> from gpio_gm.o(.text) referenced from gpio_gm.o(.devconfig.init)
 <LI><a href="#[7a]">gpio_gm_h_init</a> from gpio_gm.o(.text) referenced from gpio_gm.o(.devconfig.init)
 <LI><a href="#[7b]">gpio_gm_i_init</a> from gpio_gm.o(.text) referenced from gpio_gm.o(.devconfig.init)
 <LI><a href="#[7c]">gpio_gm_j_init</a> from gpio_gm.o(.text) referenced from gpio_gm.o(.devconfig.init)
 <LI><a href="#[7d]">gpio_gm_k_init</a> from gpio_gm.o(.text) referenced from gpio_gm.o(.devconfig.init)
 <LI><a href="#[3e]">gpio_gm_manage_callback</a> from gpio_gm.o(.text) referenced from gpio_gm.o(.constdata)
 <LI><a href="#[12]">gpio_gm_port_isr</a> from gpio_gm.o(.text) referenced from gpio_gm.o(.text)
 <LI><a href="#[3d]">gpio_gm_read</a> from gpio_gm.o(.text) referenced from gpio_gm.o(.constdata)
 <LI><a href="#[3c]">gpio_gm_write</a> from gpio_gm.o(.text) referenced from gpio_gm.o(.constdata)
 <LI><a href="#[67]">i2cMasterCallback</a> from camera_interface.o(.text) referenced from camera_interface.o(.data)
 <LI><a href="#[68]">i2cSlvCallback</a> from camera_interface.o(.text) referenced from camera_interface.o(.data)
 <LI><a href="#[5d]">i2c_gm_config_func_0</a> from camera_interface.o(.text) referenced from camera_interface.o(.constdata)
 <LI><a href="#[5e]">i2c_gm_config_func_2</a> from camera_interface.o(.text) referenced from camera_interface.o(.constdata)
 <LI><a href="#[5b]">i2c_gm_configure</a> from camera_interface.o(.text) referenced from camera_interface.o(.constdata)
 <LI><a href="#[82]">i2c_gm_init</a> from camera_interface.o(.text) referenced 2 times from camera_interface.o(.devconfig.init)
 <LI><a href="#[17]">i2c_gm_isr</a> from camera_interface.o(.text) referenced from camera_interface.o(.text)
 <LI><a href="#[5c]">i2c_gm_transfer</a> from camera_interface.o(.text) referenced from camera_interface.o(.constdata)
 <LI><a href="#[1f]">idle</a> from idle.o(.text) referenced from init.o(.text)
 <LI><a href="#[84]">init_mbox_module</a> from mailbox.o(.text) referenced from mailbox.o(.devconfig.init)
 <LI><a href="#[85]">init_mem_slab_module</a> from mem_slab.o(.text) referenced from mem_slab.o(.devconfig.init)
 <LI><a href="#[87]">init_pipes_module</a> from pipes.o(.text) referenced from pipes.o(.devconfig.init)
 <LI><a href="#[86]">init_static_pools</a> from mempool.o(.text) referenced from mempool.o(.devconfig.init)
 <LI><a href="#[88]">k_sys_work_q_init</a> from system_work_q.o(.text) referenced from system_work_q.o(.devconfig.init)
 <LI><a href="#[66]">kdp_ops_process</a> from processor.o(.text) referenced from processor.o(.data)
 <LI><a href="#[d]">main</a> from main.o(.text) referenced from entry9a.o(.ARM.Collect$$$$0000000B)
 <LI><a href="#[69]">mem_init_ext</a> from malloc_ext.o(.text) referenced from malloc_ext.o(.data)
 <LI><a href="#[6a]">mem_perused_ext</a> from malloc_ext.o(.text) referenced from malloc_ext.o(.data)
 <LI><a href="#[8c]">memory_init_ext</a> from malloc_ext.o(.text) referenced from malloc_ext.o(.devconfig.init)
 <LI><a href="#[f]">nms_comparator</a> from post_yolo.o(.text) referenced from post_yolo.o(.text)
 <LI><a href="#[61]">ov5640_get_fmt</a> from camera_interface.o(.text) referenced from camera_interface.o(.constdata)
 <LI><a href="#[83]">ov5640_init</a> from camera_interface.o(.text) referenced from camera_interface.o(.devconfig.init)
 <LI><a href="#[62]">ov5640_s_ctrl</a> from camera_interface.o(.text) referenced from camera_interface.o(.constdata)
 <LI><a href="#[60]">ov5640_set_fmt</a> from camera_interface.o(.text) referenced from camera_interface.o(.constdata)
 <LI><a href="#[5f]">ov5640_set_power</a> from camera_interface.o(.text) referenced from camera_interface.o(.constdata)
 <LI><a href="#[42]">pinmux_gm_get</a> from pinmux_gm.o(.text) referenced from pinmux_gm.o(.constdata)
 <LI><a href="#[7e]">pinmux_gm_init</a> from pinmux_gm.o(.text) referenced 11 times from pinmux_gm.o(.devconfig.init)
 <LI><a href="#[89]">pinmux_gm_initialize</a> from pinmux.o(.text) referenced from pinmux.o(.devconfig.init)
 <LI><a href="#[44]">pinmux_gm_input</a> from pinmux_gm.o(.text) referenced from pinmux_gm.o(.constdata)
 <LI><a href="#[43]">pinmux_gm_pullup</a> from pinmux_gm.o(.text) referenced from pinmux_gm.o(.constdata)
 <LI><a href="#[41]">pinmux_gm_set</a> from pinmux_gm.o(.text) referenced from pinmux_gm.o(.constdata)
 <LI><a href="#[1d]">shell</a> from shell.o(.text) referenced from shell.o(.text)
 <LI><a href="#[8b]">shell_run</a> from shell_service.o(.text) referenced from shell_service.o(.devconfig.init)
 <LI><a href="#[24]">str_out</a> from printk.o(.text) referenced from printk.o(.text)
 <LI><a href="#[72]">uart_console_init</a> from uart_console.o(.text) referenced from uart_console.o(.devconfig.init)
 <LI><a href="#[139]">uart_console_isr</a> from uart_console.o(.text) referenced 2 times from uart_console.o(.text)
 <LI><a href="#[2c]">uart_gm_err_check</a> from uart_gm.o(.text) referenced from uart_gm.o(.constdata)
 <LI><a href="#[2d]">uart_gm_fifo_fill</a> from uart_gm.o(.text) referenced from uart_gm.o(.constdata)
 <LI><a href="#[2e]">uart_gm_fifo_read</a> from uart_gm.o(.text) referenced from uart_gm.o(.constdata)
 <LI><a href="#[70]">uart_gm_init</a> from uart_gm.o(.text) referenced 4 times from uart_gm.o(.devconfig.init)
 <LI><a href="#[3a]">uart_gm_irq_callback_set</a> from uart_gm.o(.text) referenced from uart_gm.o(.constdata)
 <LI><a href="#[29]">uart_gm_irq_config</a> from uart_gm.o(.text) referenced 4 times from uart_gm.o(.constdata)
 <LI><a href="#[37]">uart_gm_irq_err_disable</a> from uart_gm.o(.text) referenced from uart_gm.o(.constdata)
 <LI><a href="#[36]">uart_gm_irq_err_enable</a> from uart_gm.o(.text) referenced from uart_gm.o(.constdata)
 <LI><a href="#[38]">uart_gm_irq_is_pending</a> from uart_gm.o(.text) referenced from uart_gm.o(.constdata)
 <LI><a href="#[33]">uart_gm_irq_rx_disable</a> from uart_gm.o(.text) referenced from uart_gm.o(.constdata)
 <LI><a href="#[32]">uart_gm_irq_rx_enable</a> from uart_gm.o(.text) referenced from uart_gm.o(.constdata)
 <LI><a href="#[35]">uart_gm_irq_rx_ready</a> from uart_gm.o(.text) referenced from uart_gm.o(.constdata)
 <LI><a href="#[34]">uart_gm_irq_tx_complete</a> from uart_gm.o(.text) referenced from uart_gm.o(.constdata)
 <LI><a href="#[30]">uart_gm_irq_tx_disable</a> from uart_gm.o(.text) referenced from uart_gm.o(.constdata)
 <LI><a href="#[2f]">uart_gm_irq_tx_enable</a> from uart_gm.o(.text) referenced from uart_gm.o(.constdata)
 <LI><a href="#[31]">uart_gm_irq_tx_ready</a> from uart_gm.o(.text) referenced from uart_gm.o(.constdata)
 <LI><a href="#[39]">uart_gm_irq_update</a> from uart_gm.o(.text) referenced from uart_gm.o(.constdata)
 <LI><a href="#[10]">uart_gm_isr</a> from uart_gm.o(.text) referenced from uart_gm.o(.text)
 <LI><a href="#[2a]">uart_gm_poll_in</a> from uart_gm.o(.text) referenced from uart_gm.o(.constdata)
 <LI><a href="#[2b]">uart_gm_poll_out</a> from uart_gm.o(.text) referenced from uart_gm.o(.constdata)
 <LI><a href="#[5a]">vin_gm6721x_config_func</a> from vin_gm6721x.o(.text) referenced from vin_gm6721x.o(.constdata)
 <LI><a href="#[57]">vin_gm6721x_get_fmt_vid_cap</a> from vin_gm6721x.o(.text) referenced from vin_gm6721x.o(.constdata)
 <LI><a href="#[81]">vin_gm6721x_init</a> from vin_gm6721x.o(.text) referenced from vin_gm6721x.o(.devconfig.init)
 <LI><a href="#[58]">vin_gm6721x_ioctl</a> from vin_gm6721x.o(.text) referenced from vin_gm6721x.o(.constdata)
 <LI><a href="#[59]">vin_gm6721x_irq_callback_set</a> from vin_gm6721x.o(.text) referenced from vin_gm6721x.o(.constdata)
 <LI><a href="#[14]">vin_gm6721x_isr</a> from vin_gm6721x.o(.text) referenced from vin_gm6721x.o(.text)
 <LI><a href="#[56]">vin_gm6721x_set_fmt_vid_cap</a> from vin_gm6721x.o(.text) referenced from vin_gm6721x.o(.constdata)
 <LI><a href="#[54]">vin_gm6721x_start_streaming</a> from vin_gm6721x.o(.text) referenced from vin_gm6721x.o(.constdata)
 <LI><a href="#[55]">vin_gm6721x_stop_streaming</a> from vin_gm6721x.o(.text) referenced from vin_gm6721x.o(.constdata)
 <LI><a href="#[4a]">vout_gm6721x_alpha_blendingbulk</a> from display_gm6721x.o(.text) referenced from display_gm6721x.o(.constdata)
 <LI><a href="#[53]">vout_gm6721x_config_func</a> from display_gm6721x.o(.text) referenced from display_gm6721x.o(.constdata)
 <LI><a href="#[4c]">vout_gm6721x_convert_color</a> from display_gm6721x.o(.text) referenced from display_gm6721x.o(.constdata)
 <LI><a href="#[48]">vout_gm6721x_copy_area</a> from display_gm6721x.o(.text) referenced from display_gm6721x.o(.constdata)
 <LI><a href="#[4e]">vout_gm6721x_draw_bitmapl8</a> from display_gm6721x.o(.text) referenced from display_gm6721x.o(.constdata)
 <LI><a href="#[47]">vout_gm6721x_fill_rect</a> from display_gm6721x.o(.text) referenced from display_gm6721x.o(.constdata)
 <LI><a href="#[45]">vout_gm6721x_get_displayinfo</a> from display_gm6721x.o(.text) referenced from display_gm6721x.o(.constdata)
 <LI><a href="#[80]">vout_gm6721x_init</a> from display_gm6721x.o(.text) referenced from display_gm6721x.o(.devconfig.init)
 <LI><a href="#[46]">vout_gm6721x_ioctl</a> from display_gm6721x.o(.text) referenced from display_gm6721x.o(.constdata)
 <LI><a href="#[52]">vout_gm6721x_irq_callback_set</a> from display_gm6721x.o(.text) referenced from display_gm6721x.o(.constdata)
 <LI><a href="#[51]">vout_gm6721x_irq_line_disable</a> from display_gm6721x.o(.text) referenced from display_gm6721x.o(.constdata)
 <LI><a href="#[50]">vout_gm6721x_irq_line_enable</a> from display_gm6721x.o(.text) referenced from display_gm6721x.o(.constdata)
 <LI><a href="#[13]">vout_gm6721x_isr</a> from display_gm6721x.o(.text) referenced from display_gm6721x.o(.text)
 <LI><a href="#[49]">vout_gm6721x_load_clut</a> from display_gm6721x.o(.text) referenced from display_gm6721x.o(.constdata)
 <LI><a href="#[4b]">vout_gm6721x_mix_colors</a> from display_gm6721x.o(.text) referenced from display_gm6721x.o(.constdata)
 <LI><a href="#[4d]">vout_gm6721x_mix_colorsbulk</a> from display_gm6721x.o(.text) referenced from display_gm6721x.o(.constdata)
 <LI><a href="#[4f]">vout_gm6721x_scaler</a> from display_gm6721x.o(.text) referenced from display_gm6721x.o(.constdata)
 <LI><a href="#[21]">work_q_main</a> from work_q.o(.text) referenced from work_q.o(.text)
 <LI><a href="#[22]">work_timeout</a> from work_q.o(.text) referenced from work_q.o(.text)
</UL>
<P>
<H3>
Global Symbols
</H3>
<P><STRONG><a name="[8e]"></a>__main</STRONG> (Thumb, 0 bytes, Stack size unknown bytes, entry.o(.ARM.Collect$$$$00000000))

<P><STRONG><a name="[37e]"></a>_main_stk</STRONG> (Thumb, 0 bytes, Stack size unknown bytes, entry2.o(.ARM.Collect$$$$00000001))

<P><STRONG><a name="[8f]"></a>_main_scatterload</STRONG> (Thumb, 0 bytes, Stack size unknown bytes, entry5.o(.ARM.Collect$$$$00000004))
<BR><BR>[Calls]<UL><LI><a href="#[90]">&gt;&gt;</a>&nbsp;&nbsp;&nbsp;__scatterload
</UL>

<P><STRONG><a name="[36e]"></a>__main_after_scatterload</STRONG> (Thumb, 0 bytes, Stack size unknown bytes, entry5.o(.ARM.Collect$$$$00000004))
<BR><BR>[Called By]<UL><LI><a href="#[90]">&gt;&gt;</a>&nbsp;&nbsp;&nbsp;__scatterload
</UL>

<P><STRONG><a name="[37f]"></a>_main_clock</STRONG> (Thumb, 0 bytes, Stack size unknown bytes, entry7b.o(.ARM.Collect$$$$00000008))

<P><STRONG><a name="[380]"></a>_main_cpp_init</STRONG> (Thumb, 0 bytes, Stack size unknown bytes, entry8b.o(.ARM.Collect$$$$0000000A))

<P><STRONG><a name="[381]"></a>_main_init</STRONG> (Thumb, 0 bytes, Stack size unknown bytes, entry9a.o(.ARM.Collect$$$$0000000B))

<P><STRONG><a name="[382]"></a>__rt_final_cpp</STRONG> (Thumb, 0 bytes, Stack size unknown bytes, entry10a.o(.ARM.Collect$$$$0000000D))

<P><STRONG><a name="[383]"></a>__rt_final_exit</STRONG> (Thumb, 0 bytes, Stack size unknown bytes, entry11a.o(.ARM.Collect$$$$0000000F))

<P><STRONG><a name="[170]"></a>__asm___17_display_gm6721x_c__fast_floorf_in</STRONG> (Thumb, 10 bytes, Stack size 0 bytes, display_gm6721x.o(.emb_text))
<BR><BR>[Called By]<UL><LI><a href="#[153]">&gt;&gt;</a>&nbsp;&nbsp;&nbsp;fast_floorf
</UL>

<P><STRONG><a name="[171]"></a>__asm___17_display_gm6721x_c__fast_roundf_in</STRONG> (Thumb, 10 bytes, Stack size 0 bytes, display_gm6721x.o(.emb_text))
<BR><BR>[Called By]<UL><LI><a href="#[154]">&gt;&gt;</a>&nbsp;&nbsp;&nbsp;fast_roundf
</UL>

<P><STRONG><a name="[91]"></a>init_ai_data</STRONG> (Thumb, 78 bytes, Stack size 8 bytes, main.o(.text))
<BR><BR>[Stack]<UL><LI>Max Depth = 40<LI>Call Chain = init_ai_data &rArr; malloc_ext &rArr; mem_malloc_ext
</UL>
<BR>[Calls]<UL><LI><a href="#[92]">&gt;&gt;</a>&nbsp;&nbsp;&nbsp;malloc_ext
<LI><a href="#[93]">&gt;&gt;</a>&nbsp;&nbsp;&nbsp;_impl_k_sem_init
</UL>
<BR>[Called By]<UL><LI><a href="#[98]">&gt;&gt;</a>&nbsp;&nbsp;&nbsp;device_init
</UL>

<P><STRONG><a name="[94]"></a>camera_isr</STRONG> (Thumb, 94 bytes, Stack size 40 bytes, main.o(.text))
<BR><BR>[Stack]<UL><LI>Max Depth = 120<LI>Call Chain = camera_isr &rArr; lcd_config &rArr; device_get_binding &rArr; strcmp
</UL>
<BR>[Calls]<UL><LI><a href="#[96]">&gt;&gt;</a>&nbsp;&nbsp;&nbsp;lcd_config
<LI><a href="#[95]">&gt;&gt;</a>&nbsp;&nbsp;&nbsp;dcmi_ioctl
<LI><a href="#[97]">&gt;&gt;</a>&nbsp;&nbsp;&nbsp;__aeabi_memcpy
</UL>
<BR>[Address Reference Count : 1]<UL><LI> main.o(.text)
</UL>
<P><STRONG><a name="[98]"></a>device_init</STRONG> (Thumb, 64 bytes, Stack size 16 bytes, main.o(.text))
<BR><BR>[Stack]<UL><LI>Max Depth = 136<LI>Call Chain = device_init &rArr; camera_config &rArr; device_get_binding &rArr; strcmp
</UL>
<BR>[Calls]<UL><LI><a href="#[9b]">&gt;&gt;</a>&nbsp;&nbsp;&nbsp;camera_config
<LI><a href="#[99]">&gt;&gt;</a>&nbsp;&nbsp;&nbsp;aimodule_init_device
<LI><a href="#[9c]">&gt;&gt;</a>&nbsp;&nbsp;&nbsp;ai_init_storage
<LI><a href="#[91]">&gt;&gt;</a>&nbsp;&nbsp;&nbsp;init_ai_data
<LI><a href="#[9a]">&gt;&gt;</a>&nbsp;&nbsp;&nbsp;__aeabi_memclr4
</UL>
<BR>[Called By]<UL><LI><a href="#[d]">&gt;&gt;</a>&nbsp;&nbsp;&nbsp;main
</UL>

<P><STRONG><a name="[a1]"></a>predict</STRONG> (Thumb, 64 bytes, Stack size 24 bytes, main.o(.text))
<BR><BR>[Stack]<UL><LI>Max Depth = 64<LI>Call Chain = predict &rArr; easynet_ops_process &rArr; __2printf
</UL>
<BR>[Calls]<UL><LI><a href="#[a4]">&gt;&gt;</a>&nbsp;&nbsp;&nbsp;easynet_process_update
<LI><a href="#[a3]">&gt;&gt;</a>&nbsp;&nbsp;&nbsp;easynet_ops_process
<LI><a href="#[a2]">&gt;&gt;</a>&nbsp;&nbsp;&nbsp;HAL_CNN_Bram_hfwd_rw_en
<LI><a href="#[a5]">&gt;&gt;</a>&nbsp;&nbsp;&nbsp;HAL_CNN_Bram_HL_sel
</UL>
<BR>[Called By]<UL><LI><a href="#[af]">&gt;&gt;</a>&nbsp;&nbsp;&nbsp;body_detect
</UL>

<P><STRONG><a name="[a6]"></a>display</STRONG> (Thumb, 586 bytes, Stack size 280 bytes, main.o(.text))
<BR><BR>[Stack]<UL><LI>Max Depth = 744<LI>Call Chain = display &rArr; obj_info_get_2 &rArr; obj_info_get &rArr; get_person_info_higher &rArr; __hardfp_sin &rArr; __ieee754_rem_pio2 &rArr; __aeabi_drsub &rArr; __aeabi_dadd &rArr; _double_epilogue &rArr; _double_round
</UL>
<BR>[Calls]<UL><LI><a href="#[a9]">&gt;&gt;</a>&nbsp;&nbsp;&nbsp;obj_info_set_camera_param
<LI><a href="#[aa]">&gt;&gt;</a>&nbsp;&nbsp;&nbsp;obj_info_get_2
<LI><a href="#[a8]">&gt;&gt;</a>&nbsp;&nbsp;&nbsp;_impl_k_uptime_get_32
<LI><a href="#[ab]">&gt;&gt;</a>&nbsp;&nbsp;&nbsp;__aeabi_f2d
<LI><a href="#[ae]">&gt;&gt;</a>&nbsp;&nbsp;&nbsp;__aeabi_d2uiz
<LI><a href="#[a7]">&gt;&gt;</a>&nbsp;&nbsp;&nbsp;LCD_draw_rectangle
<LI><a href="#[9a]">&gt;&gt;</a>&nbsp;&nbsp;&nbsp;__aeabi_memclr4
<LI><a href="#[ad]">&gt;&gt;</a>&nbsp;&nbsp;&nbsp;sqrt
<LI><a href="#[ac]">&gt;&gt;</a>&nbsp;&nbsp;&nbsp;fabs
</UL>
<BR>[Called By]<UL><LI><a href="#[af]">&gt;&gt;</a>&nbsp;&nbsp;&nbsp;body_detect
</UL>

<P><STRONG><a name="[af]"></a>body_detect</STRONG> (Thumb, 416 bytes, Stack size 200 bytes, main.o(.text))
<BR><BR>[Stack]<UL><LI>Max Depth = 984<LI>Call Chain = body_detect &rArr; easynet_post_region &rArr; get_network_boxes &rArr; fill_network_boxes &rArr; get_region_detections &rArr; correct_region_boxes &rArr; __aeabi_dsub &rArr; __aeabi_dadd &rArr; _double_epilogue &rArr; _double_round
</UL>
<BR>[Calls]<UL><LI><a href="#[92]">&gt;&gt;</a>&nbsp;&nbsp;&nbsp;malloc_ext
<LI><a href="#[b1]">&gt;&gt;</a>&nbsp;&nbsp;&nbsp;easynet_process_init
<LI><a href="#[b4]">&gt;&gt;</a>&nbsp;&nbsp;&nbsp;easynet_post_region
<LI><a href="#[a8]">&gt;&gt;</a>&nbsp;&nbsp;&nbsp;_impl_k_uptime_get_32
<LI><a href="#[b2]">&gt;&gt;</a>&nbsp;&nbsp;&nbsp;_impl_k_thread_create
<LI><a href="#[b3]">&gt;&gt;</a>&nbsp;&nbsp;&nbsp;_impl_k_sem_take
<LI><a href="#[b5]">&gt;&gt;</a>&nbsp;&nbsp;&nbsp;HAL_VIN_Enable
<LI><a href="#[a6]">&gt;&gt;</a>&nbsp;&nbsp;&nbsp;display
<LI><a href="#[a1]">&gt;&gt;</a>&nbsp;&nbsp;&nbsp;predict
<LI><a href="#[b0]">&gt;&gt;</a>&nbsp;&nbsp;&nbsp;__aeabi_memcpy4
</UL>
<BR>[Called By]<UL><LI><a href="#[d]">&gt;&gt;</a>&nbsp;&nbsp;&nbsp;main
</UL>

<P><STRONG><a name="[d]"></a>main</STRONG> (Thumb, 36 bytes, Stack size 16 bytes, main.o(.text))
<BR><BR>[Stack]<UL><LI>Max Depth = 1000<LI>Call Chain = main &rArr; body_detect &rArr; easynet_post_region &rArr; get_network_boxes &rArr; fill_network_boxes &rArr; get_region_detections &rArr; correct_region_boxes &rArr; __aeabi_dsub &rArr; __aeabi_dadd &rArr; _double_epilogue &rArr; _double_round
</UL>
<BR>[Calls]<UL><LI><a href="#[b6]">&gt;&gt;</a>&nbsp;&nbsp;&nbsp;ai_load_ops_data
<LI><a href="#[af]">&gt;&gt;</a>&nbsp;&nbsp;&nbsp;body_detect
<LI><a href="#[98]">&gt;&gt;</a>&nbsp;&nbsp;&nbsp;device_init
</UL>
<BR>[Called By]<UL><LI><a href="#[20]">&gt;&gt;</a>&nbsp;&nbsp;&nbsp;bg_thread_main
</UL>
<BR>[Address Reference Count : 1]<UL><LI> entry9a.o(.ARM.Collect$$$$0000000B)
</UL>
<P><STRONG><a name="[9f]"></a>rgb_split2rrggbb</STRONG> (Thumb, 80 bytes, Stack size 28 bytes, app_processor.o(.text))
<BR><BR>[Stack]<UL><LI>Max Depth = 28<LI>Call Chain = rgb_split2rrggbb
</UL>
<BR>[Called By]<UL><LI><a href="#[e]">&gt;&gt;</a>&nbsp;&nbsp;&nbsp;cambuf_process_thread
</UL>

<P><STRONG><a name="[9d]"></a>rrggbb_split2rgb</STRONG> (Thumb, 40 bytes, Stack size 12 bytes, app_processor.o(.text))
<BR><BR>[Stack]<UL><LI>Max Depth = 12<LI>Call Chain = rrggbb_split2rgb
</UL>
<BR>[Called By]<UL><LI><a href="#[e]">&gt;&gt;</a>&nbsp;&nbsp;&nbsp;cambuf_process_thread
</UL>

<P><STRONG><a name="[384]"></a>imlib_image_mean</STRONG> (Thumb, 90 bytes, Stack size 20 bytes, app_processor.o(.text), UNUSED)

<P><STRONG><a name="[c3]"></a>correct_yolo_boxes_tiny_yolov3</STRONG> (Thumb, 388 bytes, Stack size 88 bytes, post_yolo.o(.text))
<BR><BR>[Stack]<UL><LI>Max Depth = 176<LI>Call Chain = correct_yolo_boxes_tiny_yolov3 &rArr; __aeabi_dsub &rArr; __aeabi_dadd &rArr; _double_epilogue &rArr; _double_round
</UL>
<BR>[Calls]<UL><LI><a href="#[c4]">&gt;&gt;</a>&nbsp;&nbsp;&nbsp;__aeabi_i2d
<LI><a href="#[c6]">&gt;&gt;</a>&nbsp;&nbsp;&nbsp;__aeabi_dsub
<LI><a href="#[b8]">&gt;&gt;</a>&nbsp;&nbsp;&nbsp;__aeabi_dmul
<LI><a href="#[c5]">&gt;&gt;</a>&nbsp;&nbsp;&nbsp;__aeabi_ddiv
<LI><a href="#[ba]">&gt;&gt;</a>&nbsp;&nbsp;&nbsp;__aeabi_d2f
<LI><a href="#[ab]">&gt;&gt;</a>&nbsp;&nbsp;&nbsp;__aeabi_f2d
</UL>
<BR>[Called By]<UL><LI><a href="#[c9]">&gt;&gt;</a>&nbsp;&nbsp;&nbsp;get_yolo_detections
</UL>

<P><STRONG><a name="[cc]"></a>correct_region_boxes</STRONG> (Thumb, 382 bytes, Stack size 88 bytes, post_yolo.o(.text))
<BR><BR>[Stack]<UL><LI>Max Depth = 176<LI>Call Chain = correct_region_boxes &rArr; __aeabi_dsub &rArr; __aeabi_dadd &rArr; _double_epilogue &rArr; _double_round
</UL>
<BR>[Calls]<UL><LI><a href="#[c4]">&gt;&gt;</a>&nbsp;&nbsp;&nbsp;__aeabi_i2d
<LI><a href="#[c6]">&gt;&gt;</a>&nbsp;&nbsp;&nbsp;__aeabi_dsub
<LI><a href="#[b8]">&gt;&gt;</a>&nbsp;&nbsp;&nbsp;__aeabi_dmul
<LI><a href="#[c5]">&gt;&gt;</a>&nbsp;&nbsp;&nbsp;__aeabi_ddiv
<LI><a href="#[ba]">&gt;&gt;</a>&nbsp;&nbsp;&nbsp;__aeabi_d2f
<LI><a href="#[ab]">&gt;&gt;</a>&nbsp;&nbsp;&nbsp;__aeabi_f2d
</UL>
<BR>[Called By]<UL><LI><a href="#[ce]">&gt;&gt;</a>&nbsp;&nbsp;&nbsp;get_region_detections
</UL>

<P><STRONG><a name="[cd]"></a>get_region_box</STRONG> (Thumb, 174 bytes, Stack size 40 bytes, post_yolo.o(.text))
<BR><BR>[Stack]<UL><LI>Max Depth = 136<LI>Call Chain = get_region_box &rArr; exp_f &rArr; __aeabi_dmul &rArr; _double_epilogue &rArr; _double_round
</UL>
<BR>[Calls]<UL><LI><a href="#[b7]">&gt;&gt;</a>&nbsp;&nbsp;&nbsp;exp_f
</UL>
<BR>[Called By]<UL><LI><a href="#[ce]">&gt;&gt;</a>&nbsp;&nbsp;&nbsp;get_region_detections
</UL>

<P><STRONG><a name="[ce]"></a>get_region_detections</STRONG> (Thumb, 468 bytes, Stack size 144 bytes, post_yolo.o(.text))
<BR><BR>[Stack]<UL><LI>Max Depth = 320<LI>Call Chain = get_region_detections &rArr; correct_region_boxes &rArr; __aeabi_dsub &rArr; __aeabi_dadd &rArr; _double_epilogue &rArr; _double_round
</UL>
<BR>[Calls]<UL><LI><a href="#[cd]">&gt;&gt;</a>&nbsp;&nbsp;&nbsp;get_region_box
<LI><a href="#[cc]">&gt;&gt;</a>&nbsp;&nbsp;&nbsp;correct_region_boxes
<LI><a href="#[c8]">&gt;&gt;</a>&nbsp;&nbsp;&nbsp;entry_index
<LI><a href="#[b0]">&gt;&gt;</a>&nbsp;&nbsp;&nbsp;__aeabi_memcpy4
</UL>
<BR>[Called By]<UL><LI><a href="#[d0]">&gt;&gt;</a>&nbsp;&nbsp;&nbsp;fill_network_boxes
</UL>

<P><STRONG><a name="[d1]"></a>post_yolo_easynet</STRONG> (Thumb, 124 bytes, Stack size 152 bytes, post_yolo.o(.text), UNUSED)
<BR><BR>[Calls]<UL><LI><a href="#[cf]">&gt;&gt;</a>&nbsp;&nbsp;&nbsp;get_network_boxes
<LI><a href="#[c2]">&gt;&gt;</a>&nbsp;&nbsp;&nbsp;do_nms_sort
<LI><a href="#[b0]">&gt;&gt;</a>&nbsp;&nbsp;&nbsp;__aeabi_memcpy4
</UL>

<P><STRONG><a name="[d2]"></a>softmax_ext</STRONG> (Thumb, 152 bytes, Stack size 48 bytes, post_yolo.o(.text))
<BR><BR>[Stack]<UL><LI>Max Depth = 144<LI>Call Chain = softmax_ext &rArr; exp_f &rArr; __aeabi_dmul &rArr; _double_epilogue &rArr; _double_round
</UL>
<BR>[Calls]<UL><LI><a href="#[b7]">&gt;&gt;</a>&nbsp;&nbsp;&nbsp;exp_f
</UL>
<BR>[Called By]<UL><LI><a href="#[d3]">&gt;&gt;</a>&nbsp;&nbsp;&nbsp;softmax_cpu_ext
</UL>

<P><STRONG><a name="[d3]"></a>softmax_cpu_ext</STRONG> (Thumb, 94 bytes, Stack size 72 bytes, post_yolo.o(.text))
<BR><BR>[Stack]<UL><LI>Max Depth = 216<LI>Call Chain = softmax_cpu_ext &rArr; softmax_ext &rArr; exp_f &rArr; __aeabi_dmul &rArr; _double_epilogue &rArr; _double_round
</UL>
<BR>[Calls]<UL><LI><a href="#[d2]">&gt;&gt;</a>&nbsp;&nbsp;&nbsp;softmax_ext
</UL>
<BR>[Called By]<UL><LI><a href="#[d5]">&gt;&gt;</a>&nbsp;&nbsp;&nbsp;forward_region_layer
</UL>

<P><STRONG><a name="[d4]"></a>activate_array</STRONG> (Thumb, 100 bytes, Stack size 32 bytes, post_yolo.o(.text))
<BR><BR>[Stack]<UL><LI>Max Depth = 128<LI>Call Chain = activate_array &rArr; exp_f &rArr; __aeabi_dmul &rArr; _double_epilogue &rArr; _double_round
</UL>
<BR>[Calls]<UL><LI><a href="#[c5]">&gt;&gt;</a>&nbsp;&nbsp;&nbsp;__aeabi_ddiv
<LI><a href="#[b9]">&gt;&gt;</a>&nbsp;&nbsp;&nbsp;__aeabi_dadd
<LI><a href="#[ba]">&gt;&gt;</a>&nbsp;&nbsp;&nbsp;__aeabi_d2f
<LI><a href="#[b7]">&gt;&gt;</a>&nbsp;&nbsp;&nbsp;exp_f
<LI><a href="#[ab]">&gt;&gt;</a>&nbsp;&nbsp;&nbsp;__aeabi_f2d
</UL>
<BR>[Called By]<UL><LI><a href="#[d5]">&gt;&gt;</a>&nbsp;&nbsp;&nbsp;forward_region_layer
</UL>

<P><STRONG><a name="[d5]"></a>forward_region_layer</STRONG> (Thumb, 258 bytes, Stack size 88 bytes, post_yolo.o(.text))
<BR><BR>[Stack]<UL><LI>Max Depth = 304<LI>Call Chain = forward_region_layer &rArr; softmax_cpu_ext &rArr; softmax_ext &rArr; exp_f &rArr; __aeabi_dmul &rArr; _double_epilogue &rArr; _double_round
</UL>
<BR>[Calls]<UL><LI><a href="#[d4]">&gt;&gt;</a>&nbsp;&nbsp;&nbsp;activate_array
<LI><a href="#[d3]">&gt;&gt;</a>&nbsp;&nbsp;&nbsp;softmax_cpu_ext
<LI><a href="#[c8]">&gt;&gt;</a>&nbsp;&nbsp;&nbsp;entry_index
<LI><a href="#[b0]">&gt;&gt;</a>&nbsp;&nbsp;&nbsp;__aeabi_memcpy4
</UL>
<BR>[Called By]<UL><LI><a href="#[b4]">&gt;&gt;</a>&nbsp;&nbsp;&nbsp;easynet_post_region
</UL>

<P><STRONG><a name="[b4]"></a>easynet_post_region</STRONG> (Thumb, 164 bytes, Stack size 152 bytes, post_yolo.o(.text))
<BR><BR>[Stack]<UL><LI>Max Depth = 784<LI>Call Chain = easynet_post_region &rArr; get_network_boxes &rArr; fill_network_boxes &rArr; get_region_detections &rArr; correct_region_boxes &rArr; __aeabi_dsub &rArr; __aeabi_dadd &rArr; _double_epilogue &rArr; _double_round
</UL>
<BR>[Calls]<UL><LI><a href="#[d5]">&gt;&gt;</a>&nbsp;&nbsp;&nbsp;forward_region_layer
<LI><a href="#[cf]">&gt;&gt;</a>&nbsp;&nbsp;&nbsp;get_network_boxes
<LI><a href="#[c2]">&gt;&gt;</a>&nbsp;&nbsp;&nbsp;do_nms_sort
<LI><a href="#[b0]">&gt;&gt;</a>&nbsp;&nbsp;&nbsp;__aeabi_memcpy4
</UL>
<BR>[Called By]<UL><LI><a href="#[af]">&gt;&gt;</a>&nbsp;&nbsp;&nbsp;body_detect
</UL>

<P><STRONG><a name="[d6]"></a>easynet_post_region_free</STRONG> (Thumb, 4 bytes, Stack size 0 bytes, post_yolo.o(.text), UNUSED)
<BR><BR>[Calls]<UL><LI><a href="#[d7]">&gt;&gt;</a>&nbsp;&nbsp;&nbsp;free_detections
</UL>

<P><STRONG><a name="[d8]"></a>post_yolo_free_easynet</STRONG> (Thumb, 6 bytes, Stack size 0 bytes, post_yolo.o(.text), UNUSED)
<BR><BR>[Calls]<UL><LI><a href="#[d7]">&gt;&gt;</a>&nbsp;&nbsp;&nbsp;free_detections
</UL>

<P><STRONG><a name="[a9]"></a>obj_info_set_camera_param</STRONG> (Thumb, 50 bytes, Stack size 16 bytes, obj_info.o(.text))
<BR><BR>[Stack]<UL><LI>Max Depth = 16<LI>Call Chain = obj_info_set_camera_param
</UL>
<BR>[Called By]<UL><LI><a href="#[a6]">&gt;&gt;</a>&nbsp;&nbsp;&nbsp;display
</UL>

<P><STRONG><a name="[df]"></a>obj_info_get</STRONG> (Thumb, 148 bytes, Stack size 88 bytes, obj_info.o(.text))
<BR><BR>[Stack]<UL><LI>Max Depth = 432<LI>Call Chain = obj_info_get &rArr; get_person_info_higher &rArr; __hardfp_sin &rArr; __ieee754_rem_pio2 &rArr; __aeabi_drsub &rArr; __aeabi_dadd &rArr; _double_epilogue &rArr; _double_round
</UL>
<BR>[Calls]<UL><LI><a href="#[e0]">&gt;&gt;</a>&nbsp;&nbsp;&nbsp;__aeabi_cdrcmple
<LI><a href="#[de]">&gt;&gt;</a>&nbsp;&nbsp;&nbsp;get_person_info_higher
<LI><a href="#[da]">&gt;&gt;</a>&nbsp;&nbsp;&nbsp;get_obj_info_lower
<LI><a href="#[b8]">&gt;&gt;</a>&nbsp;&nbsp;&nbsp;__aeabi_dmul
<LI><a href="#[ab]">&gt;&gt;</a>&nbsp;&nbsp;&nbsp;__aeabi_f2d
<LI><a href="#[b0]">&gt;&gt;</a>&nbsp;&nbsp;&nbsp;__aeabi_memcpy4
</UL>
<BR>[Called By]<UL><LI><a href="#[aa]">&gt;&gt;</a>&nbsp;&nbsp;&nbsp;obj_info_get_2
</UL>

<P><STRONG><a name="[aa]"></a>obj_info_get_2</STRONG> (Thumb, 168 bytes, Stack size 32 bytes, obj_info.o(.text))
<BR><BR>[Stack]<UL><LI>Max Depth = 464<LI>Call Chain = obj_info_get_2 &rArr; obj_info_get &rArr; get_person_info_higher &rArr; __hardfp_sin &rArr; __ieee754_rem_pio2 &rArr; __aeabi_drsub &rArr; __aeabi_dadd &rArr; _double_epilogue &rArr; _double_round
</UL>
<BR>[Calls]<UL><LI><a href="#[df]">&gt;&gt;</a>&nbsp;&nbsp;&nbsp;obj_info_get
<LI><a href="#[e1]">&gt;&gt;</a>&nbsp;&nbsp;&nbsp;info_grid_angle_init
<LI><a href="#[b0]">&gt;&gt;</a>&nbsp;&nbsp;&nbsp;__aeabi_memcpy4
</UL>
<BR>[Called By]<UL><LI><a href="#[a6]">&gt;&gt;</a>&nbsp;&nbsp;&nbsp;display
</UL>

<P><STRONG><a name="[e3]"></a>ops_parse</STRONG> (Thumb, 54 bytes, Stack size 12 bytes, processor.o(.text))
<BR><BR>[Stack]<UL><LI>Max Depth = 12<LI>Call Chain = ops_parse
</UL>
<BR>[Called By]<UL><LI><a href="#[a4]">&gt;&gt;</a>&nbsp;&nbsp;&nbsp;easynet_process_update
<LI><a href="#[b1]">&gt;&gt;</a>&nbsp;&nbsp;&nbsp;easynet_process_init
</UL>

<P><STRONG><a name="[b1]"></a>easynet_process_init</STRONG> (Thumb, 32 bytes, Stack size 12 bytes, processor.o(.text))
<BR><BR>[Stack]<UL><LI>Max Depth = 24<LI>Call Chain = easynet_process_init &rArr; ops_parse
</UL>
<BR>[Calls]<UL><LI><a href="#[e3]">&gt;&gt;</a>&nbsp;&nbsp;&nbsp;ops_parse
</UL>
<BR>[Called By]<UL><LI><a href="#[af]">&gt;&gt;</a>&nbsp;&nbsp;&nbsp;body_detect
</UL>

<P><STRONG><a name="[a4]"></a>easynet_process_update</STRONG> (Thumb, 32 bytes, Stack size 12 bytes, processor.o(.text))
<BR><BR>[Stack]<UL><LI>Max Depth = 24<LI>Call Chain = easynet_process_update &rArr; ops_parse
</UL>
<BR>[Calls]<UL><LI><a href="#[e3]">&gt;&gt;</a>&nbsp;&nbsp;&nbsp;ops_parse
</UL>
<BR>[Called By]<UL><LI><a href="#[a1]">&gt;&gt;</a>&nbsp;&nbsp;&nbsp;predict
</UL>

<P><STRONG><a name="[e4]"></a>easynet_process_deinit</STRONG> (Thumb, 56 bytes, Stack size 24 bytes, processor.o(.text), UNUSED)
<BR><BR>[Calls]<UL><LI><a href="#[d9]">&gt;&gt;</a>&nbsp;&nbsp;&nbsp;free_ext
</UL>

<P><STRONG><a name="[104]"></a>pre_processingFaceAI</STRONG> (Thumb, 90 bytes, Stack size 36 bytes, processor.o(.text))
<BR><BR>[Stack]<UL><LI>Max Depth = 36<LI>Call Chain = pre_processingFaceAI
</UL>
<BR>[Called By]<UL><LI><a href="#[66]">&gt;&gt;</a>&nbsp;&nbsp;&nbsp;kdp_ops_process
</UL>

<P><STRONG><a name="[103]"></a>pre_processing</STRONG> (Thumb, 86 bytes, Stack size 36 bytes, processor.o(.text))
<BR><BR>[Stack]<UL><LI>Max Depth = 36<LI>Call Chain = pre_processing
</UL>
<BR>[Called By]<UL><LI><a href="#[66]">&gt;&gt;</a>&nbsp;&nbsp;&nbsp;kdp_ops_process
</UL>

<P><STRONG><a name="[ff]"></a>maxPool</STRONG> (Thumb, 232 bytes, Stack size 48 bytes, processor.o(.text))
<BR><BR>[Stack]<UL><LI>Max Depth = 48<LI>Call Chain = maxPool
</UL>
<BR>[Called By]<UL><LI><a href="#[66]">&gt;&gt;</a>&nbsp;&nbsp;&nbsp;kdp_ops_process
</UL>

<P><STRONG><a name="[e5]"></a>maxPoolOptimizeBank2Bank</STRONG> (Thumb, 64 bytes, Stack size 24 bytes, processor.o(.text))
<BR><BR>[Stack]<UL><LI>Max Depth = 48<LI>Call Chain = maxPoolOptimizeBank2Bank &rArr; __2printf
</UL>
<BR>[Calls]<UL><LI><a href="#[a2]">&gt;&gt;</a>&nbsp;&nbsp;&nbsp;HAL_CNN_Bram_hfwd_rw_en
<LI><a href="#[a5]">&gt;&gt;</a>&nbsp;&nbsp;&nbsp;HAL_CNN_Bram_HL_sel
<LI><a href="#[e6]">&gt;&gt;</a>&nbsp;&nbsp;&nbsp;__2printf
</UL>
<BR>[Called By]<UL><LI><a href="#[66]">&gt;&gt;</a>&nbsp;&nbsp;&nbsp;kdp_ops_process
</UL>

<P><STRONG><a name="[e7]"></a>PutData</STRONG> (Thumb, 220 bytes, Stack size 72 bytes, processor.o(.text))
<BR><BR>[Stack]<UL><LI>Max Depth = 72<LI>Call Chain = PutData
</UL>
<BR>[Calls]<UL><LI><a href="#[a5]">&gt;&gt;</a>&nbsp;&nbsp;&nbsp;HAL_CNN_Bram_HL_sel
</UL>
<BR>[Called By]<UL><LI><a href="#[66]">&gt;&gt;</a>&nbsp;&nbsp;&nbsp;kdp_ops_process
</UL>

<P><STRONG><a name="[e8]"></a>GetData</STRONG> (Thumb, 222 bytes, Stack size 88 bytes, processor.o(.text))
<BR><BR>[Stack]<UL><LI>Max Depth = 88<LI>Call Chain = GetData
</UL>
<BR>[Calls]<UL><LI><a href="#[a5]">&gt;&gt;</a>&nbsp;&nbsp;&nbsp;HAL_CNN_Bram_HL_sel
</UL>
<BR>[Called By]<UL><LI><a href="#[66]">&gt;&gt;</a>&nbsp;&nbsp;&nbsp;kdp_ops_process
</UL>

<P><STRONG><a name="[e9]"></a>CrossGetData</STRONG> (Thumb, 302 bytes, Stack size 88 bytes, processor.o(.text))
<BR><BR>[Stack]<UL><LI>Max Depth = 88<LI>Call Chain = CrossGetData
</UL>
<BR>[Calls]<UL><LI><a href="#[a2]">&gt;&gt;</a>&nbsp;&nbsp;&nbsp;HAL_CNN_Bram_hfwd_rw_en
<LI><a href="#[a5]">&gt;&gt;</a>&nbsp;&nbsp;&nbsp;HAL_CNN_Bram_HL_sel
</UL>
<BR>[Called By]<UL><LI><a href="#[66]">&gt;&gt;</a>&nbsp;&nbsp;&nbsp;kdp_ops_process
</UL>

<P><STRONG><a name="[ea]"></a>CrossGetDataCompiler</STRONG> (Thumb, 268 bytes, Stack size 88 bytes, processor.o(.text), UNUSED)
<BR><BR>[Calls]<UL><LI><a href="#[a2]">&gt;&gt;</a>&nbsp;&nbsp;&nbsp;HAL_CNN_Bram_hfwd_rw_en
<LI><a href="#[a5]">&gt;&gt;</a>&nbsp;&nbsp;&nbsp;HAL_CNN_Bram_HL_sel
</UL>

<P><STRONG><a name="[eb]"></a>CrossFirstPutDataCompilerOptimize</STRONG> (Thumb, 260 bytes, Stack size 72 bytes, processor.o(.text))
<BR><BR>[Stack]<UL><LI>Max Depth = 72<LI>Call Chain = CrossFirstPutDataCompilerOptimize
</UL>
<BR>[Calls]<UL><LI><a href="#[a2]">&gt;&gt;</a>&nbsp;&nbsp;&nbsp;HAL_CNN_Bram_hfwd_rw_en
<LI><a href="#[a5]">&gt;&gt;</a>&nbsp;&nbsp;&nbsp;HAL_CNN_Bram_HL_sel
</UL>
<BR>[Called By]<UL><LI><a href="#[ee]">&gt;&gt;</a>&nbsp;&nbsp;&nbsp;CrossPutDataCompilerOptimize
</UL>

<P><STRONG><a name="[ec]"></a>CrossFirstPutDataCompilerNormer</STRONG> (Thumb, 234 bytes, Stack size 64 bytes, processor.o(.text), UNUSED)
<BR><BR>[Calls]<UL><LI><a href="#[a2]">&gt;&gt;</a>&nbsp;&nbsp;&nbsp;HAL_CNN_Bram_hfwd_rw_en
<LI><a href="#[a5]">&gt;&gt;</a>&nbsp;&nbsp;&nbsp;HAL_CNN_Bram_HL_sel
</UL>
<BR>[Called By]<UL><LI><a href="#[ef]">&gt;&gt;</a>&nbsp;&nbsp;&nbsp;CrossPutDataCompilerNormer
</UL>

<P><STRONG><a name="[ed]"></a>FirstPutData</STRONG> (Thumb, 222 bytes, Stack size 64 bytes, processor.o(.text), UNUSED)
<BR><BR>[Calls]<UL><LI><a href="#[a5]">&gt;&gt;</a>&nbsp;&nbsp;&nbsp;HAL_CNN_Bram_HL_sel
</UL>
<BR>[Called By]<UL><LI><a href="#[f0]">&gt;&gt;</a>&nbsp;&nbsp;&nbsp;CrossPutData
</UL>

<P><STRONG><a name="[ee]"></a>CrossPutDataCompilerOptimize</STRONG> (Thumb, 298 bytes, Stack size 72 bytes, processor.o(.text))
<BR><BR>[Stack]<UL><LI>Max Depth = 144<LI>Call Chain = CrossPutDataCompilerOptimize &rArr; CrossFirstPutDataCompilerOptimize
</UL>
<BR>[Calls]<UL><LI><a href="#[a2]">&gt;&gt;</a>&nbsp;&nbsp;&nbsp;HAL_CNN_Bram_hfwd_rw_en
<LI><a href="#[a5]">&gt;&gt;</a>&nbsp;&nbsp;&nbsp;HAL_CNN_Bram_HL_sel
<LI><a href="#[eb]">&gt;&gt;</a>&nbsp;&nbsp;&nbsp;CrossFirstPutDataCompilerOptimize
</UL>
<BR>[Called By]<UL><LI><a href="#[66]">&gt;&gt;</a>&nbsp;&nbsp;&nbsp;kdp_ops_process
</UL>

<P><STRONG><a name="[ef]"></a>CrossPutDataCompilerNormer</STRONG> (Thumb, 266 bytes, Stack size 64 bytes, processor.o(.text), UNUSED)
<BR><BR>[Calls]<UL><LI><a href="#[a2]">&gt;&gt;</a>&nbsp;&nbsp;&nbsp;HAL_CNN_Bram_hfwd_rw_en
<LI><a href="#[a5]">&gt;&gt;</a>&nbsp;&nbsp;&nbsp;HAL_CNN_Bram_HL_sel
<LI><a href="#[ec]">&gt;&gt;</a>&nbsp;&nbsp;&nbsp;CrossFirstPutDataCompilerNormer
</UL>

<P><STRONG><a name="[f0]"></a>CrossPutData</STRONG> (Thumb, 234 bytes, Stack size 64 bytes, processor.o(.text), UNUSED)
<BR><BR>[Calls]<UL><LI><a href="#[a5]">&gt;&gt;</a>&nbsp;&nbsp;&nbsp;HAL_CNN_Bram_HL_sel
<LI><a href="#[ed]">&gt;&gt;</a>&nbsp;&nbsp;&nbsp;FirstPutData
</UL>

<P><STRONG><a name="[f1]"></a>soft_upsample</STRONG> (Thumb, 168 bytes, Stack size 48 bytes, processor.o(.text))
<BR><BR>[Stack]<UL><LI>Max Depth = 80<LI>Call Chain = soft_upsample &rArr; malloc_ext &rArr; mem_malloc_ext
</UL>
<BR>[Calls]<UL><LI><a href="#[d9]">&gt;&gt;</a>&nbsp;&nbsp;&nbsp;free_ext
<LI><a href="#[92]">&gt;&gt;</a>&nbsp;&nbsp;&nbsp;malloc_ext
<LI><a href="#[97]">&gt;&gt;</a>&nbsp;&nbsp;&nbsp;__aeabi_memcpy
<LI><a href="#[e6]">&gt;&gt;</a>&nbsp;&nbsp;&nbsp;__2printf
</UL>
<BR>[Called By]<UL><LI><a href="#[66]">&gt;&gt;</a>&nbsp;&nbsp;&nbsp;kdp_ops_process
</UL>

<P><STRONG><a name="[f5]"></a>fix32_extend</STRONG> (Thumb, 6 bytes, Stack size 0 bytes, processor.o(.text))
<BR><BR>[Called By]<UL><LI><a href="#[f4]">&gt;&gt;</a>&nbsp;&nbsp;&nbsp;fix32_to_float
</UL>

<P><STRONG><a name="[f4]"></a>fix32_to_float</STRONG> (Thumb, 24 bytes, Stack size 8 bytes, processor.o(.text))
<BR><BR>[Stack]<UL><LI>Max Depth = 28<LI>Call Chain = fix32_to_float &rArr; __aeabi_l2f &rArr; _float_epilogue
</UL>
<BR>[Calls]<UL><LI><a href="#[f6]">&gt;&gt;</a>&nbsp;&nbsp;&nbsp;__aeabi_l2f
<LI><a href="#[f5]">&gt;&gt;</a>&nbsp;&nbsp;&nbsp;fix32_extend
</UL>
<BR>[Called By]<UL><LI><a href="#[f7]">&gt;&gt;</a>&nbsp;&nbsp;&nbsp;soft_yolo
</UL>

<P><STRONG><a name="[f7]"></a>soft_yolo</STRONG> (Thumb, 358 bytes, Stack size 56 bytes, processor.o(.text))
<BR><BR>[Stack]<UL><LI>Max Depth = 168<LI>Call Chain = soft_yolo &rArr; activate &rArr; gm_exp &rArr; __aeabi_dmul &rArr; _double_epilogue &rArr; _double_round
</UL>
<BR>[Calls]<UL><LI><a href="#[f8]">&gt;&gt;</a>&nbsp;&nbsp;&nbsp;entry_index
<LI><a href="#[f2]">&gt;&gt;</a>&nbsp;&nbsp;&nbsp;activate
<LI><a href="#[92]">&gt;&gt;</a>&nbsp;&nbsp;&nbsp;malloc_ext
<LI><a href="#[f4]">&gt;&gt;</a>&nbsp;&nbsp;&nbsp;fix32_to_float
<LI><a href="#[9a]">&gt;&gt;</a>&nbsp;&nbsp;&nbsp;__aeabi_memclr4
<LI><a href="#[e6]">&gt;&gt;</a>&nbsp;&nbsp;&nbsp;__2printf
</UL>
<BR>[Called By]<UL><LI><a href="#[66]">&gt;&gt;</a>&nbsp;&nbsp;&nbsp;kdp_ops_process
</UL>

<P><STRONG><a name="[100]"></a>soft_maxpool</STRONG> (Thumb, 274 bytes, Stack size 72 bytes, processor.o(.text))
<BR><BR>[Stack]<UL><LI>Max Depth = 72<LI>Call Chain = soft_maxpool
</UL>
<BR>[Called By]<UL><LI><a href="#[66]">&gt;&gt;</a>&nbsp;&nbsp;&nbsp;kdp_ops_process
</UL>

<P><STRONG><a name="[f9]"></a>shortcut_buffer</STRONG> (Thumb, 86 bytes, Stack size 24 bytes, processor.o(.text))
<BR><BR>[Stack]<UL><LI>Max Depth = 56<LI>Call Chain = shortcut_buffer &rArr; malloc_ext &rArr; mem_malloc_ext
</UL>
<BR>[Calls]<UL><LI><a href="#[92]">&gt;&gt;</a>&nbsp;&nbsp;&nbsp;malloc_ext
<LI><a href="#[fa]">&gt;&gt;</a>&nbsp;&nbsp;&nbsp;__aeabi_memclr
<LI><a href="#[97]">&gt;&gt;</a>&nbsp;&nbsp;&nbsp;__aeabi_memcpy
<LI><a href="#[e6]">&gt;&gt;</a>&nbsp;&nbsp;&nbsp;__2printf
</UL>
<BR>[Called By]<UL><LI><a href="#[66]">&gt;&gt;</a>&nbsp;&nbsp;&nbsp;kdp_ops_process
</UL>

<P><STRONG><a name="[fb]"></a>soft_route</STRONG> (Thumb, 126 bytes, Stack size 24 bytes, processor.o(.text))
<BR><BR>[Stack]<UL><LI>Max Depth = 56<LI>Call Chain = soft_route &rArr; malloc_ext &rArr; mem_malloc_ext
</UL>
<BR>[Calls]<UL><LI><a href="#[92]">&gt;&gt;</a>&nbsp;&nbsp;&nbsp;malloc_ext
<LI><a href="#[97]">&gt;&gt;</a>&nbsp;&nbsp;&nbsp;__aeabi_memcpy
<LI><a href="#[e6]">&gt;&gt;</a>&nbsp;&nbsp;&nbsp;__2printf
</UL>
<BR>[Called By]<UL><LI><a href="#[66]">&gt;&gt;</a>&nbsp;&nbsp;&nbsp;kdp_ops_process
</UL>

<P><STRONG><a name="[a3]"></a>easynet_ops_process</STRONG> (Thumb, 80 bytes, Stack size 16 bytes, processor.o(.text))
<BR><BR>[Stack]<UL><LI>Max Depth = 40<LI>Call Chain = easynet_ops_process &rArr; __2printf
</UL>
<BR>[Calls]<UL><LI><a href="#[e6]">&gt;&gt;</a>&nbsp;&nbsp;&nbsp;__2printf
</UL>
<BR>[Called By]<UL><LI><a href="#[a1]">&gt;&gt;</a>&nbsp;&nbsp;&nbsp;predict
</UL>

<P><STRONG><a name="[105]"></a>ai_init_flash</STRONG> (Thumb, 22 bytes, Stack size 8 bytes, storage.o(.text))
<BR><BR>[Stack]<UL><LI>Max Depth = 96<LI>Call Chain = ai_init_flash &rArr; HAL_SQI_Init &rArr; HAL_DMA_Init &rArr; HAL_Reset_Module &rArr; HAL_TryLock
</UL>
<BR>[Calls]<UL><LI><a href="#[106]">&gt;&gt;</a>&nbsp;&nbsp;&nbsp;HAL_SQI_Init
</UL>
<BR>[Called By]<UL><LI><a href="#[9c]">&gt;&gt;</a>&nbsp;&nbsp;&nbsp;ai_init_storage
</UL>

<P><STRONG><a name="[99]"></a>aimodule_init_device</STRONG> (Thumb, 118 bytes, Stack size 8 bytes, storage.o(.text))
<BR><BR>[Stack]<UL><LI>Max Depth = 40<LI>Call Chain = aimodule_init_device &rArr; HAL_Reset_Module &rArr; HAL_TryLock
</UL>
<BR>[Calls]<UL><LI><a href="#[107]">&gt;&gt;</a>&nbsp;&nbsp;&nbsp;HAL_Reset_Module
<LI><a href="#[108]">&gt;&gt;</a>&nbsp;&nbsp;&nbsp;HAL_CLOCK_PeripheralClockEnable0
<LI><a href="#[109]">&gt;&gt;</a>&nbsp;&nbsp;&nbsp;HAL_CLOCK_AdjustPLLKDPDefaultDiv
</UL>
<BR>[Called By]<UL><LI><a href="#[98]">&gt;&gt;</a>&nbsp;&nbsp;&nbsp;device_init
</UL>

<P><STRONG><a name="[9c]"></a>ai_init_storage</STRONG> (Thumb, 2 bytes, Stack size 0 bytes, storage.o(.text))
<BR><BR>[Stack]<UL><LI>Max Depth = 96<LI>Call Chain = ai_init_storage &rArr; ai_init_flash &rArr; HAL_SQI_Init &rArr; HAL_DMA_Init &rArr; HAL_Reset_Module &rArr; HAL_TryLock
</UL>
<BR>[Calls]<UL><LI><a href="#[105]">&gt;&gt;</a>&nbsp;&nbsp;&nbsp;ai_init_flash
</UL>
<BR>[Called By]<UL><LI><a href="#[98]">&gt;&gt;</a>&nbsp;&nbsp;&nbsp;device_init
</UL>

<P><STRONG><a name="[10a]"></a>ai_flash_read_ops</STRONG> (Thumb, 42 bytes, Stack size 16 bytes, storage.o(.text))
<BR><BR>[Stack]<UL><LI>Max Depth = 304<LI>Call Chain = ai_flash_read_ops &rArr; HAL_SQI_Read &rArr; HAL_SQI_MX25_DMA_4LineRead &rArr; HAL_SQI_MX25_4LineRead_Enable &rArr; HAL_SQI_MX25_4LINE_Enable &rArr; _impl_k_sleep &rArr; _add_thread_timeout &rArr; _add_timeout &rArr; _handle_one_expired_timeout &rArr; _ready_thread &rArr; _add_thread_to_ready_q &rArr; update_cache &rArr; next_up &rArr; _priq_mq_best &rArr; sys_dlist_peek_head
</UL>
<BR>[Calls]<UL><LI><a href="#[10b]">&gt;&gt;</a>&nbsp;&nbsp;&nbsp;HAL_SQI_Read
</UL>
<BR>[Called By]<UL><LI><a href="#[b6]">&gt;&gt;</a>&nbsp;&nbsp;&nbsp;ai_load_ops_data
</UL>

<P><STRONG><a name="[b6]"></a>ai_load_ops_data</STRONG> (Thumb, 18 bytes, Stack size 32 bytes, storage.o(.text))
<BR><BR>[Stack]<UL><LI>Max Depth = 336<LI>Call Chain = ai_load_ops_data &rArr; ai_flash_read_ops &rArr; HAL_SQI_Read &rArr; HAL_SQI_MX25_DMA_4LineRead &rArr; HAL_SQI_MX25_4LineRead_Enable &rArr; HAL_SQI_MX25_4LINE_Enable &rArr; _impl_k_sleep &rArr; _add_thread_timeout &rArr; _add_timeout &rArr; _handle_one_expired_timeout &rArr; _ready_thread &rArr; _add_thread_to_ready_q &rArr; update_cache &rArr; next_up &rArr; _priq_mq_best &rArr; sys_dlist_peek_head
</UL>
<BR>[Calls]<UL><LI><a href="#[10a]">&gt;&gt;</a>&nbsp;&nbsp;&nbsp;ai_flash_read_ops
</UL>
<BR>[Called By]<UL><LI><a href="#[d]">&gt;&gt;</a>&nbsp;&nbsp;&nbsp;main
</UL>

<P><STRONG><a name="[10c]"></a>SystemInit</STRONG> (Thumb, 26 bytes, Stack size 8 bytes, soc_gm6721x.o(.text))
<BR><BR>[Stack]<UL><LI>Max Depth = 28<LI>Call Chain = SystemInit &rArr; HAL_CLOCK_SYSCLKConfig &rArr; HAL_CLOCK_AdjustPLLKDPDefaultDiv
</UL>
<BR>[Calls]<UL><LI><a href="#[10e]">&gt;&gt;</a>&nbsp;&nbsp;&nbsp;HAL_CLOCK_SYSCLKConfig
<LI><a href="#[10d]">&gt;&gt;</a>&nbsp;&nbsp;&nbsp;HAL_CLOCK_PLLsReferenceClock
</UL>
<BR>[Called By]<UL><LI><a href="#[6e]">&gt;&gt;</a>&nbsp;&nbsp;&nbsp;gm6721x_init
</UL>

<P><STRONG><a name="[10f]"></a>HAL_GetTick</STRONG> (Thumb, 4 bytes, Stack size 0 bytes, weak_fixup.o(.text), UNUSED)
<BR><BR>[Calls]<UL><LI><a href="#[a8]">&gt;&gt;</a>&nbsp;&nbsp;&nbsp;_impl_k_uptime_get_32
</UL>

<P><STRONG><a name="[110]"></a>HAL_DelayMs</STRONG> (Thumb, 4 bytes, Stack size 0 bytes, weak_fixup.o(.text), UNUSED)
<BR><BR>[Calls]<UL><LI><a href="#[111]">&gt;&gt;</a>&nbsp;&nbsp;&nbsp;_impl_k_sleep
</UL>

<P><STRONG><a name="[112]"></a>HAL_DelayUs</STRONG> (Thumb, 4 bytes, Stack size 0 bytes, weak_fixup.o(.text))
<BR><BR>[Stack]<UL><LI>Max Depth = 64<LI>Call Chain = HAL_DelayUs &rArr; k_busy_wait &rArr; __aeabi_uldivmod
</UL>
<BR>[Calls]<UL><LI><a href="#[113]">&gt;&gt;</a>&nbsp;&nbsp;&nbsp;k_busy_wait
</UL>
<BR>[Called By]<UL><LI><a href="#[1f9]">&gt;&gt;</a>&nbsp;&nbsp;&nbsp;i2c_WaitTillTimeout
</UL>

<P><STRONG><a name="[115]"></a>HAL_IrqLock</STRONG> (Thumb, 24 bytes, Stack size 0 bytes, weak_fixup.o(.text))
<BR><BR>[Called By]<UL><LI><a href="#[118]">&gt;&gt;</a>&nbsp;&nbsp;&nbsp;HAL_UnLock
<LI><a href="#[117]">&gt;&gt;</a>&nbsp;&nbsp;&nbsp;HAL_TryLock
<LI><a href="#[114]">&gt;&gt;</a>&nbsp;&nbsp;&nbsp;HAL_LockInit
</UL>

<P><STRONG><a name="[116]"></a>HAL_IrqUnlock</STRONG> (Thumb, 18 bytes, Stack size 0 bytes, weak_fixup.o(.text))
<BR><BR>[Called By]<UL><LI><a href="#[118]">&gt;&gt;</a>&nbsp;&nbsp;&nbsp;HAL_UnLock
<LI><a href="#[117]">&gt;&gt;</a>&nbsp;&nbsp;&nbsp;HAL_TryLock
<LI><a href="#[114]">&gt;&gt;</a>&nbsp;&nbsp;&nbsp;HAL_LockInit
</UL>

<P><STRONG><a name="[1c5]"></a>HAL_DisableIrq</STRONG> (Thumb, 2 bytes, Stack size 0 bytes, weak_fixup.o(.text))
<BR><BR>[Called By]<UL><LI><a href="#[1ca]">&gt;&gt;</a>&nbsp;&nbsp;&nbsp;HAL_DCACHE_InvalidLine
<LI><a href="#[1c9]">&gt;&gt;</a>&nbsp;&nbsp;&nbsp;HAL_DCACHE_Disable
<LI><a href="#[1c8]">&gt;&gt;</a>&nbsp;&nbsp;&nbsp;HAL_DCACHE_Enable
<LI><a href="#[1c7]">&gt;&gt;</a>&nbsp;&nbsp;&nbsp;HAL_ICACHE_Disable
<LI><a href="#[1c4]">&gt;&gt;</a>&nbsp;&nbsp;&nbsp;HAL_ICACHE_Enable
<LI><a href="#[1bb]">&gt;&gt;</a>&nbsp;&nbsp;&nbsp;HAL_DCACHE_InvalidAll
</UL>

<P><STRONG><a name="[1c6]"></a>HAL_EnableIrq</STRONG> (Thumb, 2 bytes, Stack size 0 bytes, weak_fixup.o(.text))
<BR><BR>[Called By]<UL><LI><a href="#[1ca]">&gt;&gt;</a>&nbsp;&nbsp;&nbsp;HAL_DCACHE_InvalidLine
<LI><a href="#[1c9]">&gt;&gt;</a>&nbsp;&nbsp;&nbsp;HAL_DCACHE_Disable
<LI><a href="#[1c8]">&gt;&gt;</a>&nbsp;&nbsp;&nbsp;HAL_DCACHE_Enable
<LI><a href="#[1c7]">&gt;&gt;</a>&nbsp;&nbsp;&nbsp;HAL_ICACHE_Disable
<LI><a href="#[1c4]">&gt;&gt;</a>&nbsp;&nbsp;&nbsp;HAL_ICACHE_Enable
<LI><a href="#[1bb]">&gt;&gt;</a>&nbsp;&nbsp;&nbsp;HAL_DCACHE_InvalidAll
</UL>

<P><STRONG><a name="[114]"></a>HAL_LockInit</STRONG> (Thumb, 18 bytes, Stack size 8 bytes, gm_common.o(.text))
<BR><BR>[Stack]<UL><LI>Max Depth = 8<LI>Call Chain = HAL_LockInit
</UL>
<BR>[Calls]<UL><LI><a href="#[116]">&gt;&gt;</a>&nbsp;&nbsp;&nbsp;HAL_IrqUnlock
<LI><a href="#[115]">&gt;&gt;</a>&nbsp;&nbsp;&nbsp;HAL_IrqLock
</UL>
<BR>[Called By]<UL><LI><a href="#[119]">&gt;&gt;</a>&nbsp;&nbsp;&nbsp;HAL_UART_Init
</UL>

<P><STRONG><a name="[117]"></a>HAL_TryLock</STRONG> (Thumb, 32 bytes, Stack size 16 bytes, gm_common.o(.text))
<BR><BR>[Stack]<UL><LI>Max Depth = 16<LI>Call Chain = HAL_TryLock
</UL>
<BR>[Calls]<UL><LI><a href="#[116]">&gt;&gt;</a>&nbsp;&nbsp;&nbsp;HAL_IrqUnlock
<LI><a href="#[115]">&gt;&gt;</a>&nbsp;&nbsp;&nbsp;HAL_IrqLock
</UL>
<BR>[Called By]<UL><LI><a href="#[1a3]">&gt;&gt;</a>&nbsp;&nbsp;&nbsp;HAL_UART_TransferConfig
<LI><a href="#[107]">&gt;&gt;</a>&nbsp;&nbsp;&nbsp;HAL_Reset_Module
<LI><a href="#[1ae]">&gt;&gt;</a>&nbsp;&nbsp;&nbsp;HAL_UART_GetTransferStatus
<LI><a href="#[1ab]">&gt;&gt;</a>&nbsp;&nbsp;&nbsp;HAL_UART_Receive
<LI><a href="#[1a8]">&gt;&gt;</a>&nbsp;&nbsp;&nbsp;HAL_UART_Transmit
<LI><a href="#[29d]">&gt;&gt;</a>&nbsp;&nbsp;&nbsp;HAL_Reset_ClearRestCause
</UL>

<P><STRONG><a name="[118]"></a>HAL_UnLock</STRONG> (Thumb, 18 bytes, Stack size 8 bytes, gm_common.o(.text))
<BR><BR>[Stack]<UL><LI>Max Depth = 8<LI>Call Chain = HAL_UnLock
</UL>
<BR>[Calls]<UL><LI><a href="#[116]">&gt;&gt;</a>&nbsp;&nbsp;&nbsp;HAL_IrqUnlock
<LI><a href="#[115]">&gt;&gt;</a>&nbsp;&nbsp;&nbsp;HAL_IrqLock
</UL>
<BR>[Called By]<UL><LI><a href="#[1a3]">&gt;&gt;</a>&nbsp;&nbsp;&nbsp;HAL_UART_TransferConfig
<LI><a href="#[107]">&gt;&gt;</a>&nbsp;&nbsp;&nbsp;HAL_Reset_Module
<LI><a href="#[1ae]">&gt;&gt;</a>&nbsp;&nbsp;&nbsp;HAL_UART_GetTransferStatus
<LI><a href="#[1ab]">&gt;&gt;</a>&nbsp;&nbsp;&nbsp;HAL_UART_Receive
<LI><a href="#[1a8]">&gt;&gt;</a>&nbsp;&nbsp;&nbsp;HAL_UART_Transmit
<LI><a href="#[29d]">&gt;&gt;</a>&nbsp;&nbsp;&nbsp;HAL_Reset_ClearRestCause
</UL>

<P><STRONG><a name="[b]"></a>_timer_int_handler</STRONG> (Thumb, 30 bytes, Stack size 8 bytes, cortex_m_systick.o(.text))
<BR><BR>[Stack]<UL><LI>Max Depth = 168 + Unknown Stack Size
<LI>Call Chain = _timer_int_handler &rArr; _nano_sys_clock_tick_announce &rArr; handle_timeouts &rArr; _handle_expired_timeouts &rArr; _handle_one_expired_timeout &rArr; _add_thread_to_ready_q &rArr; update_cache &rArr; next_up &rArr; _priq_mq_best &rArr; sys_dlist_peek_head
</UL>
<BR>[Calls]<UL><LI><a href="#[12d]">&gt;&gt;</a>&nbsp;&nbsp;&nbsp;_nano_sys_clock_tick_announce
<LI><a href="#[12e]">&gt;&gt;</a>&nbsp;&nbsp;&nbsp;_ExcExit
</UL>
<BR>[Address Reference Count : 1]<UL><LI> vector_table.o(.exc_vector_table._vector_table_section)
</UL>
<P><STRONG><a name="[7f]"></a>_sys_clock_driver_init</STRONG> (Thumb, 36 bytes, Stack size 8 bytes, cortex_m_systick.o(.text))
<BR><BR>[Stack]<UL><LI>Max Depth = 8<LI>Call Chain = _sys_clock_driver_init
</UL>
<BR>[Address Reference Count : 1]<UL><LI> sys_clock_init.o(.devconfig.init)
</UL>
<P><STRONG><a name="[279]"></a>_timer_cycle_get_32</STRONG> (Thumb, 26 bytes, Stack size 8 bytes, cortex_m_systick.o(.text))
<BR><BR>[Stack]<UL><LI>Max Depth = 8<LI>Call Chain = _timer_cycle_get_32
</UL>
<BR>[Called By]<UL><LI><a href="#[113]">&gt;&gt;</a>&nbsp;&nbsp;&nbsp;k_busy_wait
<LI><a href="#[278]">&gt;&gt;</a>&nbsp;&nbsp;&nbsp;sys_rand32_get
</UL>

<P><STRONG><a name="[139]"></a>uart_console_isr</STRONG> (Thumb, 420 bytes, Stack size 32 bytes, uart_console.o(.text))
<BR><BR>[Stack]<UL><LI>Max Depth = 352<LI>Call Chain = uart_console_isr &rArr; _impl_k_queue_get &rArr; k_queue_poll &rArr; _impl_k_poll &rArr; _pend_current_thread &rArr; pend &rArr; _add_thread_timeout &rArr; _add_timeout &rArr; _handle_one_expired_timeout &rArr; _ready_thread &rArr; _add_thread_to_ready_q &rArr; update_cache &rArr; next_up &rArr; _priq_mq_best &rArr; sys_dlist_peek_head
</UL>
<BR>[Calls]<UL><LI><a href="#[13e]">&gt;&gt;</a>&nbsp;&nbsp;&nbsp;k_queue_append
<LI><a href="#[131]">&gt;&gt;</a>&nbsp;&nbsp;&nbsp;printk
<LI><a href="#[13d]">&gt;&gt;</a>&nbsp;&nbsp;&nbsp;_impl_k_queue_get
<LI><a href="#[13c]">&gt;&gt;</a>&nbsp;&nbsp;&nbsp;uart_irq_rx_disable
<LI><a href="#[12f]">&gt;&gt;</a>&nbsp;&nbsp;&nbsp;uart_poll_out
<LI><a href="#[13a]">&gt;&gt;</a>&nbsp;&nbsp;&nbsp;uart_irq_rx_ready
<LI><a href="#[13b]">&gt;&gt;</a>&nbsp;&nbsp;&nbsp;uart_fifo_read
<LI><a href="#[135]">&gt;&gt;</a>&nbsp;&nbsp;&nbsp;atomic_set_bit
<LI><a href="#[133]">&gt;&gt;</a>&nbsp;&nbsp;&nbsp;atomic_test_and_clear_bit
<LI><a href="#[136]">&gt;&gt;</a>&nbsp;&nbsp;&nbsp;atomic_test_bit
<LI><a href="#[132]">&gt;&gt;</a>&nbsp;&nbsp;&nbsp;handle_ansi
<LI><a href="#[130]">&gt;&gt;</a>&nbsp;&nbsp;&nbsp;del_char
<LI><a href="#[134]">&gt;&gt;</a>&nbsp;&nbsp;&nbsp;__rt_ctype_table
</UL>
<BR>[Address Reference Count : 1]<UL><LI> uart_console.o(.text)
</UL>
<P><STRONG><a name="[13f]"></a>swich_to_shell_console</STRONG> (Thumb, 12 bytes, Stack size 0 bytes, uart_console.o(.text), UNUSED)
<BR><BR>[Calls]<UL><LI><a href="#[140]">&gt;&gt;</a>&nbsp;&nbsp;&nbsp;uart_irq_callback_set
</UL>

<P><STRONG><a name="[141]"></a>uart_register_input</STRONG> (Thumb, 12 bytes, Stack size 0 bytes, uart_console.o(.text))
<BR><BR>[Stack]<UL><LI>Max Depth = 16<LI>Call Chain = uart_register_input &rArr; console_input_init
</UL>
<BR>[Calls]<UL><LI><a href="#[142]">&gt;&gt;</a>&nbsp;&nbsp;&nbsp;console_input_init
</UL>
<BR>[Called By]<UL><LI><a href="#[28b]">&gt;&gt;</a>&nbsp;&nbsp;&nbsp;console_register_line_input
</UL>

<P><STRONG><a name="[143]"></a>uart_console_hook_install</STRONG> (Thumb, 18 bytes, Stack size 8 bytes, uart_console.o(.text))
<BR><BR>[Stack]<UL><LI>Max Depth = 8<LI>Call Chain = uart_console_hook_install
</UL>
<BR>[Calls]<UL><LI><a href="#[144]">&gt;&gt;</a>&nbsp;&nbsp;&nbsp;__stdout_hook_install
<LI><a href="#[145]">&gt;&gt;</a>&nbsp;&nbsp;&nbsp;__printk_hook_install
</UL>
<BR>[Called By]<UL><LI><a href="#[72]">&gt;&gt;</a>&nbsp;&nbsp;&nbsp;uart_console_init
</UL>

<P><STRONG><a name="[17b]"></a>vb_queue_init</STRONG> (Thumb, 10 bytes, Stack size 0 bytes, vb_queue.o(.text))
<BR><BR>[Called By]<UL><LI><a href="#[55]">&gt;&gt;</a>&nbsp;&nbsp;&nbsp;vin_gm6721x_stop_streaming
<LI><a href="#[54]">&gt;&gt;</a>&nbsp;&nbsp;&nbsp;vin_gm6721x_start_streaming
<LI><a href="#[81]">&gt;&gt;</a>&nbsp;&nbsp;&nbsp;vin_gm6721x_init
</UL>

<P><STRONG><a name="[177]"></a>vb_qbuf</STRONG> (Thumb, 42 bytes, Stack size 8 bytes, vb_queue.o(.text))
<BR><BR>[Stack]<UL><LI>Max Depth = 8<LI>Call Chain = vb_qbuf
</UL>
<BR>[Called By]<UL><LI><a href="#[14]">&gt;&gt;</a>&nbsp;&nbsp;&nbsp;vin_gm6721x_isr
</UL>

<P><STRONG><a name="[189]"></a>vb_reqbuf</STRONG> (Thumb, 20 bytes, Stack size 0 bytes, vb_queue.o(.text))
<BR><BR>[Called By]<UL><LI><a href="#[58]">&gt;&gt;</a>&nbsp;&nbsp;&nbsp;vin_gm6721x_ioctl
</UL>

<P><STRONG><a name="[18a]"></a>vb_dqbuf</STRONG> (Thumb, 30 bytes, Stack size 0 bytes, vb_queue.o(.text))
<BR><BR>[Called By]<UL><LI><a href="#[58]">&gt;&gt;</a>&nbsp;&nbsp;&nbsp;vin_gm6721x_ioctl
</UL>

<P><STRONG><a name="[18c]"></a>set_flag_tx</STRONG> (Thumb, 12 bytes, Stack size 0 bytes, camera_interface.o(.text))
<BR><BR>[Called By]<UL><LI><a href="#[67]">&gt;&gt;</a>&nbsp;&nbsp;&nbsp;i2cMasterCallback
</UL>

<P><STRONG><a name="[67]"></a>i2cMasterCallback</STRONG> (Thumb, 2 bytes, Stack size 0 bytes, camera_interface.o(.text))
<BR><BR>[Calls]<UL><LI><a href="#[18c]">&gt;&gt;</a>&nbsp;&nbsp;&nbsp;set_flag_tx
</UL>
<BR>[Address Reference Count : 1]<UL><LI> camera_interface.o(.data)
</UL>
<P><STRONG><a name="[18d]"></a>set_flag_rx</STRONG> (Thumb, 12 bytes, Stack size 0 bytes, camera_interface.o(.text))
<BR><BR>[Called By]<UL><LI><a href="#[68]">&gt;&gt;</a>&nbsp;&nbsp;&nbsp;i2cSlvCallback
</UL>

<P><STRONG><a name="[68]"></a>i2cSlvCallback</STRONG> (Thumb, 2 bytes, Stack size 0 bytes, camera_interface.o(.text))
<BR><BR>[Calls]<UL><LI><a href="#[18d]">&gt;&gt;</a>&nbsp;&nbsp;&nbsp;set_flag_rx
</UL>
<BR>[Address Reference Count : 1]<UL><LI> camera_interface.o(.data)
</UL>
<P><STRONG><a name="[119]"></a>HAL_UART_Init</STRONG> (Thumb, 608 bytes, Stack size 48 bytes, gm_hal_uart.o(.text))
<BR><BR>[Stack]<UL><LI>Max Depth = 80<LI>Call Chain = HAL_UART_Init &rArr; HAL_Reset_Module &rArr; HAL_TryLock
</UL>
<BR>[Calls]<UL><LI><a href="#[114]">&gt;&gt;</a>&nbsp;&nbsp;&nbsp;HAL_LockInit
<LI><a href="#[107]">&gt;&gt;</a>&nbsp;&nbsp;&nbsp;HAL_Reset_Module
<LI><a href="#[1a2]">&gt;&gt;</a>&nbsp;&nbsp;&nbsp;HAL_CLOCK_PeripheralClockEnable2
<LI><a href="#[16b]">&gt;&gt;</a>&nbsp;&nbsp;&nbsp;HAL_CLOCK_PeripheralClkSetConfig
</UL>
<BR>[Called By]<UL><LI><a href="#[70]">&gt;&gt;</a>&nbsp;&nbsp;&nbsp;uart_gm_init
</UL>

<P><STRONG><a name="[385]"></a>HAL_UART_DeInit</STRONG> (Thumb, 22 bytes, Stack size 0 bytes, gm_hal_uart.o(.text), UNUSED)

<P><STRONG><a name="[386]"></a>HAL_UART_SetMode</STRONG> (Thumb, 74 bytes, Stack size 0 bytes, gm_hal_uart.o(.text), UNUSED)

<P><STRONG><a name="[1a3]"></a>HAL_UART_TransferConfig</STRONG> (Thumb, 212 bytes, Stack size 24 bytes, gm_hal_uart.o(.text), UNUSED)
<BR><BR>[Calls]<UL><LI><a href="#[118]">&gt;&gt;</a>&nbsp;&nbsp;&nbsp;HAL_UnLock
<LI><a href="#[117]">&gt;&gt;</a>&nbsp;&nbsp;&nbsp;HAL_TryLock
</UL>

<P><STRONG><a name="[125]"></a>HAL_UART_EnableInterrupts</STRONG> (Thumb, 58 bytes, Stack size 0 bytes, gm_hal_uart.o(.text))
<BR><BR>[Called By]<UL><LI><a href="#[32]">&gt;&gt;</a>&nbsp;&nbsp;&nbsp;uart_gm_irq_rx_enable
<LI><a href="#[2f]">&gt;&gt;</a>&nbsp;&nbsp;&nbsp;uart_gm_irq_tx_enable
</UL>

<P><STRONG><a name="[126]"></a>HAL_UART_DisableInterrupts</STRONG> (Thumb, 102 bytes, Stack size 0 bytes, gm_hal_uart.o(.text))
<BR><BR>[Called By]<UL><LI><a href="#[33]">&gt;&gt;</a>&nbsp;&nbsp;&nbsp;uart_gm_irq_rx_disable
<LI><a href="#[30]">&gt;&gt;</a>&nbsp;&nbsp;&nbsp;uart_gm_irq_tx_disable
</UL>

<P><STRONG><a name="[1a8]"></a>HAL_UART_Transmit</STRONG> (Thumb, 192 bytes, Stack size 24 bytes, gm_hal_uart.o(.text), UNUSED)
<BR><BR>[Calls]<UL><LI><a href="#[118]">&gt;&gt;</a>&nbsp;&nbsp;&nbsp;HAL_UnLock
<LI><a href="#[117]">&gt;&gt;</a>&nbsp;&nbsp;&nbsp;HAL_TryLock
<LI><a href="#[1a9]">&gt;&gt;</a>&nbsp;&nbsp;&nbsp;HAL_DMA_Start
<LI><a href="#[1a5]">&gt;&gt;</a>&nbsp;&nbsp;&nbsp;UART_DMAConfig
<LI><a href="#[1aa]">&gt;&gt;</a>&nbsp;&nbsp;&nbsp;transmit_data
</UL>

<P><STRONG><a name="[1ab]"></a>HAL_UART_Receive</STRONG> (Thumb, 222 bytes, Stack size 32 bytes, gm_hal_uart.o(.text), UNUSED)
<BR><BR>[Calls]<UL><LI><a href="#[118]">&gt;&gt;</a>&nbsp;&nbsp;&nbsp;HAL_UnLock
<LI><a href="#[117]">&gt;&gt;</a>&nbsp;&nbsp;&nbsp;HAL_TryLock
<LI><a href="#[1a9]">&gt;&gt;</a>&nbsp;&nbsp;&nbsp;HAL_DMA_Start
<LI><a href="#[1ad]">&gt;&gt;</a>&nbsp;&nbsp;&nbsp;LL_UART_Is_LS_RXES
<LI><a href="#[1ac]">&gt;&gt;</a>&nbsp;&nbsp;&nbsp;receive_data
<LI><a href="#[1a5]">&gt;&gt;</a>&nbsp;&nbsp;&nbsp;UART_DMAConfig
</UL>

<P><STRONG><a name="[1ae]"></a>HAL_UART_GetTransferStatus</STRONG> (Thumb, 188 bytes, Stack size 16 bytes, gm_hal_uart.o(.text), UNUSED)
<BR><BR>[Calls]<UL><LI><a href="#[118]">&gt;&gt;</a>&nbsp;&nbsp;&nbsp;HAL_UnLock
<LI><a href="#[117]">&gt;&gt;</a>&nbsp;&nbsp;&nbsp;HAL_TryLock
</UL>

<P><STRONG><a name="[1b1]"></a>HAL_UART_IRQHandler</STRONG> (Thumb, 256 bytes, Stack size 16 bytes, gm_hal_uart.o(.text), UNUSED)
<BR><BR>[Calls]<UL><LI><a href="#[1ad]">&gt;&gt;</a>&nbsp;&nbsp;&nbsp;LL_UART_Is_LS_RXES
<LI><a href="#[1b3]">&gt;&gt;</a>&nbsp;&nbsp;&nbsp;LL_UART_Is_IS_OPFB
<LI><a href="#[1b2]">&gt;&gt;</a>&nbsp;&nbsp;&nbsp;LL_UART_Is_IE_OPFB
<LI><a href="#[1b0]">&gt;&gt;</a>&nbsp;&nbsp;&nbsp;UART_RxInterruptHandler
<LI><a href="#[1af]">&gt;&gt;</a>&nbsp;&nbsp;&nbsp;UART_TxInterruptHandler
</UL>

<P><STRONG><a name="[127]"></a>HAL_UART_Tx_Complete</STRONG> (Thumb, 8 bytes, Stack size 0 bytes, gm_hal_uart.o(.text))
<BR><BR>[Called By]<UL><LI><a href="#[34]">&gt;&gt;</a>&nbsp;&nbsp;&nbsp;uart_gm_irq_tx_complete
</UL>

<P><STRONG><a name="[12c]"></a>HAL_UART_TxInt_Enabled</STRONG> (Thumb, 8 bytes, Stack size 0 bytes, gm_hal_uart.o(.text))
<BR><BR>[Called By]<UL><LI><a href="#[38]">&gt;&gt;</a>&nbsp;&nbsp;&nbsp;uart_gm_irq_is_pending
</UL>

<P><STRONG><a name="[11f]"></a>HAL_UART_TxInt_Ready</STRONG> (Thumb, 8 bytes, Stack size 0 bytes, gm_hal_uart.o(.text))
<BR><BR>[Called By]<UL><LI><a href="#[38]">&gt;&gt;</a>&nbsp;&nbsp;&nbsp;uart_gm_irq_is_pending
<LI><a href="#[31]">&gt;&gt;</a>&nbsp;&nbsp;&nbsp;uart_gm_irq_tx_ready
<LI><a href="#[10]">&gt;&gt;</a>&nbsp;&nbsp;&nbsp;uart_gm_isr
</UL>

<P><STRONG><a name="[120]"></a>HAL_UART_Clear_TxInt</STRONG> (Thumb, 10 bytes, Stack size 0 bytes, gm_hal_uart.o(.text))
<BR><BR>[Called By]<UL><LI><a href="#[10]">&gt;&gt;</a>&nbsp;&nbsp;&nbsp;uart_gm_isr
</UL>

<P><STRONG><a name="[387]"></a>HAL_UART_TxFifoInt_Ready</STRONG> (Thumb, 8 bytes, Stack size 0 bytes, gm_hal_uart.o(.text), UNUSED)

<P><STRONG><a name="[388]"></a>HAL_UART_TxFifoInt_Enabled</STRONG> (Thumb, 8 bytes, Stack size 0 bytes, gm_hal_uart.o(.text), UNUSED)

<P><STRONG><a name="[389]"></a>HAL_UART_Clear_TxFifoInt</STRONG> (Thumb, 10 bytes, Stack size 0 bytes, gm_hal_uart.o(.text), UNUSED)

<P><STRONG><a name="[38a]"></a>HAL_UART_Get_TxFifo_DataSize</STRONG> (Thumb, 8 bytes, Stack size 0 bytes, gm_hal_uart.o(.text), UNUSED)

<P><STRONG><a name="[12b]"></a>HAL_UART_RxInt_Enabled</STRONG> (Thumb, 8 bytes, Stack size 0 bytes, gm_hal_uart.o(.text))
<BR><BR>[Called By]<UL><LI><a href="#[38]">&gt;&gt;</a>&nbsp;&nbsp;&nbsp;uart_gm_irq_is_pending
</UL>

<P><STRONG><a name="[128]"></a>HAL_UART_RxInt_Ready</STRONG> (Thumb, 8 bytes, Stack size 0 bytes, gm_hal_uart.o(.text))
<BR><BR>[Called By]<UL><LI><a href="#[38]">&gt;&gt;</a>&nbsp;&nbsp;&nbsp;uart_gm_irq_is_pending
<LI><a href="#[35]">&gt;&gt;</a>&nbsp;&nbsp;&nbsp;uart_gm_irq_rx_ready
</UL>

<P><STRONG><a name="[11a]"></a>HAL_UART_DataReady</STRONG> (Thumb, 8 bytes, Stack size 0 bytes, gm_hal_uart.o(.text))
<BR><BR>[Called By]<UL><LI><a href="#[2a]">&gt;&gt;</a>&nbsp;&nbsp;&nbsp;uart_gm_poll_in
</UL>

<P><STRONG><a name="[38b]"></a>HAL_UART_RxFifoTmo_Ready</STRONG> (Thumb, 8 bytes, Stack size 0 bytes, gm_hal_uart.o(.text), UNUSED)

<P><STRONG><a name="[38c]"></a>HAL_UART_RxFifoInt_Ready</STRONG> (Thumb, 8 bytes, Stack size 0 bytes, gm_hal_uart.o(.text), UNUSED)

<P><STRONG><a name="[38d]"></a>HAL_UART_Clear_RxFifoInt</STRONG> (Thumb, 10 bytes, Stack size 0 bytes, gm_hal_uart.o(.text), UNUSED)

<P><STRONG><a name="[38e]"></a>HAL_UART_Get_RxFifo_DataSize</STRONG> (Thumb, 8 bytes, Stack size 0 bytes, gm_hal_uart.o(.text), UNUSED)

<P><STRONG><a name="[129]"></a>HAL_UART_Enable_Error_Interrupts</STRONG> (Thumb, 10 bytes, Stack size 0 bytes, gm_hal_uart.o(.text))
<BR><BR>[Called By]<UL><LI><a href="#[36]">&gt;&gt;</a>&nbsp;&nbsp;&nbsp;uart_gm_irq_err_enable
</UL>

<P><STRONG><a name="[12a]"></a>HAL_UART_Disable_Error_Interrupts</STRONG> (Thumb, 10 bytes, Stack size 0 bytes, gm_hal_uart.o(.text))
<BR><BR>[Called By]<UL><LI><a href="#[37]">&gt;&gt;</a>&nbsp;&nbsp;&nbsp;uart_gm_irq_err_disable
</UL>

<P><STRONG><a name="[11d]"></a>HAL_UART_Error_Enabled</STRONG> (Thumb, 4 bytes, Stack size 0 bytes, gm_hal_uart.o(.text))
<BR><BR>[Calls]<UL><LI><a href="#[1b2]">&gt;&gt;</a>&nbsp;&nbsp;&nbsp;LL_UART_Is_IE_OPFB
</UL>
<BR>[Called By]<UL><LI><a href="#[2c]">&gt;&gt;</a>&nbsp;&nbsp;&nbsp;uart_gm_err_check
</UL>

<P><STRONG><a name="[11e]"></a>HAL_UART_Error_Ready</STRONG> (Thumb, 4 bytes, Stack size 0 bytes, gm_hal_uart.o(.text))
<BR><BR>[Calls]<UL><LI><a href="#[1b3]">&gt;&gt;</a>&nbsp;&nbsp;&nbsp;LL_UART_Is_IS_OPFB
</UL>
<BR>[Called By]<UL><LI><a href="#[10]">&gt;&gt;</a>&nbsp;&nbsp;&nbsp;uart_gm_isr
<LI><a href="#[2c]">&gt;&gt;</a>&nbsp;&nbsp;&nbsp;uart_gm_err_check
</UL>

<P><STRONG><a name="[121]"></a>HAL_UART_Clear_ErrInt</STRONG> (Thumb, 10 bytes, Stack size 0 bytes, gm_hal_uart.o(.text))
<BR><BR>[Called By]<UL><LI><a href="#[10]">&gt;&gt;</a>&nbsp;&nbsp;&nbsp;uart_gm_isr
</UL>

<P><STRONG><a name="[38f]"></a>HAL_UART_Fifo_Enabled</STRONG> (Thumb, 8 bytes, Stack size 0 bytes, gm_hal_uart.o(.text), UNUSED)

<P><STRONG><a name="[11c]"></a>HAL_UART_PutChar</STRONG> (Thumb, 14 bytes, Stack size 0 bytes, gm_hal_uart.o(.text))
<BR><BR>[Calls]<UL><LI><a href="#[11c]">&gt;&gt;</a>&nbsp;&nbsp;&nbsp;HAL_UART_PutChar
</UL>
<BR>[Called By]<UL><LI><a href="#[11c]">&gt;&gt;</a>&nbsp;&nbsp;&nbsp;HAL_UART_PutChar
<LI><a href="#[2d]">&gt;&gt;</a>&nbsp;&nbsp;&nbsp;uart_gm_fifo_fill
<LI><a href="#[2b]">&gt;&gt;</a>&nbsp;&nbsp;&nbsp;uart_gm_poll_out
</UL>

<P><STRONG><a name="[11b]"></a>HAL_UART_GetChar</STRONG> (Thumb, 8 bytes, Stack size 0 bytes, gm_hal_uart.o(.text))
<BR><BR>[Called By]<UL><LI><a href="#[2e]">&gt;&gt;</a>&nbsp;&nbsp;&nbsp;uart_gm_fifo_read
<LI><a href="#[2a]">&gt;&gt;</a>&nbsp;&nbsp;&nbsp;uart_gm_poll_in
</UL>

<P><STRONG><a name="[390]"></a>HAL_UART_GetIsrFlag</STRONG> (Thumb, 6 bytes, Stack size 0 bytes, gm_hal_uart.o(.text), UNUSED)

<P><STRONG><a name="[391]"></a>HAL_UART_ClearIsrFlag</STRONG> (Thumb, 8 bytes, Stack size 0 bytes, gm_hal_uart.o(.text), UNUSED)

<P><STRONG><a name="[392]"></a>HAL_GPIOA_InterruptHandler</STRONG> (Thumb, 16 bytes, Stack size 0 bytes, gm_hal_gpio.o(.text), UNUSED)

<P><STRONG><a name="[393]"></a>HAL_GPIOB_InterruptHandler</STRONG> (Thumb, 16 bytes, Stack size 0 bytes, gm_hal_gpio.o(.text), UNUSED)

<P><STRONG><a name="[394]"></a>HAL_GPIOC_InterruptHandler</STRONG> (Thumb, 16 bytes, Stack size 0 bytes, gm_hal_gpio.o(.text), UNUSED)

<P><STRONG><a name="[395]"></a>HAL_GPIOD_InterruptHandler</STRONG> (Thumb, 16 bytes, Stack size 0 bytes, gm_hal_gpio.o(.text), UNUSED)

<P><STRONG><a name="[396]"></a>HAL_GPIOE_InterruptHandler</STRONG> (Thumb, 16 bytes, Stack size 0 bytes, gm_hal_gpio.o(.text), UNUSED)

<P><STRONG><a name="[397]"></a>HAL_GPIOF_InterruptHandler</STRONG> (Thumb, 16 bytes, Stack size 0 bytes, gm_hal_gpio.o(.text), UNUSED)

<P><STRONG><a name="[398]"></a>HAL_GPIOG_InterruptHandler</STRONG> (Thumb, 16 bytes, Stack size 0 bytes, gm_hal_gpio.o(.text), UNUSED)

<P><STRONG><a name="[399]"></a>HAL_GPIOH_InterruptHandler</STRONG> (Thumb, 16 bytes, Stack size 0 bytes, gm_hal_gpio.o(.text), UNUSED)

<P><STRONG><a name="[39a]"></a>HAL_GPIOI_InterruptHandler</STRONG> (Thumb, 16 bytes, Stack size 0 bytes, gm_hal_gpio.o(.text), UNUSED)

<P><STRONG><a name="[39b]"></a>HAL_GPIOJ_InterruptHandler</STRONG> (Thumb, 16 bytes, Stack size 0 bytes, gm_hal_gpio.o(.text), UNUSED)

<P><STRONG><a name="[39c]"></a>HAL_GPIOK_InterruptHandler</STRONG> (Thumb, 16 bytes, Stack size 0 bytes, gm_hal_gpio.o(.text), UNUSED)

<P><STRONG><a name="[14c]"></a>HAL_GPIO_SW_Reset</STRONG> (Thumb, 6 bytes, Stack size 0 bytes, gm_hal_gpio.o(.text))
<BR><BR>[Stack]<UL><LI>Max Depth = 32<LI>Call Chain = HAL_GPIO_SW_Reset &rArr; HAL_Reset_Module &rArr; HAL_TryLock
</UL>
<BR>[Calls]<UL><LI><a href="#[107]">&gt;&gt;</a>&nbsp;&nbsp;&nbsp;HAL_Reset_Module
</UL>
<BR>[Called By]<UL><LI><a href="#[14a]">&gt;&gt;</a>&nbsp;&nbsp;&nbsp;gpio_clk_rst_init
</UL>

<P><STRONG><a name="[14b]"></a>HAL_GPIO_CLK_ENABLE</STRONG> (Thumb, 6 bytes, Stack size 0 bytes, gm_hal_gpio.o(.text))
<BR><BR>[Calls]<UL><LI><a href="#[108]">&gt;&gt;</a>&nbsp;&nbsp;&nbsp;HAL_CLOCK_PeripheralClockEnable0
</UL>
<BR>[Called By]<UL><LI><a href="#[14a]">&gt;&gt;</a>&nbsp;&nbsp;&nbsp;gpio_clk_rst_init
</UL>

<P><STRONG><a name="[1b4]"></a>HAL_GPIO_CLK_DISABLE</STRONG> (Thumb, 6 bytes, Stack size 0 bytes, gm_hal_gpio.o(.text), UNUSED)
<BR><BR>[Calls]<UL><LI><a href="#[1b5]">&gt;&gt;</a>&nbsp;&nbsp;&nbsp;HAL_CLOCK_PeripheralClockDisable0
</UL>

<P><STRONG><a name="[1b8]"></a>HAL_GPIO_RequestIrq</STRONG> (Thumb, 2 bytes, Stack size 0 bytes, gm_hal_gpio.o(.text))
<BR><BR>[Called By]<UL><LI><a href="#[14d]">&gt;&gt;</a>&nbsp;&nbsp;&nbsp;HAL_GPIO_Init
</UL>

<P><STRONG><a name="[1b6]"></a>HAL_GPIO_DeInit</STRONG> (Thumb, 190 bytes, Stack size 24 bytes, gm_hal_gpio.o(.text))
<BR><BR>[Stack]<UL><LI>Max Depth = 24<LI>Call Chain = HAL_GPIO_DeInit
</UL>
<BR>[Calls]<UL><LI><a href="#[1b7]">&gt;&gt;</a>&nbsp;&nbsp;&nbsp;HAL_GPIO_GetInstance
</UL>
<BR>[Called By]<UL><LI><a href="#[14d]">&gt;&gt;</a>&nbsp;&nbsp;&nbsp;HAL_GPIO_Init
</UL>

<P><STRONG><a name="[14d]"></a>HAL_GPIO_Init</STRONG> (Thumb, 602 bytes, Stack size 40 bytes, gm_hal_gpio.o(.text))
<BR><BR>[Stack]<UL><LI>Max Depth = 72<LI>Call Chain = HAL_GPIO_Init &rArr; HAL_Reset_Module &rArr; HAL_TryLock
</UL>
<BR>[Calls]<UL><LI><a href="#[107]">&gt;&gt;</a>&nbsp;&nbsp;&nbsp;HAL_Reset_Module
<LI><a href="#[108]">&gt;&gt;</a>&nbsp;&nbsp;&nbsp;HAL_CLOCK_PeripheralClockEnable0
<LI><a href="#[1b6]">&gt;&gt;</a>&nbsp;&nbsp;&nbsp;HAL_GPIO_DeInit
<LI><a href="#[1b8]">&gt;&gt;</a>&nbsp;&nbsp;&nbsp;HAL_GPIO_RequestIrq
<LI><a href="#[1b7]">&gt;&gt;</a>&nbsp;&nbsp;&nbsp;HAL_GPIO_GetInstance
</UL>
<BR>[Called By]<UL><LI><a href="#[41]">&gt;&gt;</a>&nbsp;&nbsp;&nbsp;pinmux_gm_set
<LI><a href="#[3b]">&gt;&gt;</a>&nbsp;&nbsp;&nbsp;gpio_gm_config
</UL>

<P><STRONG><a name="[14e]"></a>HAL_GPIO_PinWrite</STRONG> (Thumb, 82 bytes, Stack size 0 bytes, gm_hal_gpio.o(.text))
<BR><BR>[Called By]<UL><LI><a href="#[3c]">&gt;&gt;</a>&nbsp;&nbsp;&nbsp;gpio_gm_write
</UL>

<P><STRONG><a name="[14f]"></a>HAL_GPIO_PinRead</STRONG> (Thumb, 14 bytes, Stack size 0 bytes, gm_hal_gpio.o(.text))
<BR><BR>[Called By]<UL><LI><a href="#[3d]">&gt;&gt;</a>&nbsp;&nbsp;&nbsp;gpio_gm_read
</UL>

<P><STRONG><a name="[39d]"></a>HAL_GPIO_PinToggle</STRONG> (Thumb, 28 bytes, Stack size 0 bytes, gm_hal_gpio.o(.text), UNUSED)

<P><STRONG><a name="[39e]"></a>HAL_GPIO_SetPinDirection</STRONG> (Thumb, 34 bytes, Stack size 0 bytes, gm_hal_gpio.o(.text), UNUSED)

<P><STRONG><a name="[39f]"></a>HAL_GPIO_PesConfig</STRONG> (Thumb, 106 bytes, Stack size 8 bytes, gm_hal_gpio.o(.text), UNUSED)

<P><STRONG><a name="[1b9]"></a>HAL_GPIO_SetPinFilter</STRONG> (Thumb, 440 bytes, Stack size 16 bytes, gm_hal_gpio.o(.text), UNUSED)
<BR><BR>[Calls]<UL><LI><a href="#[1b7]">&gt;&gt;</a>&nbsp;&nbsp;&nbsp;HAL_GPIO_GetInstance
</UL>

<P><STRONG><a name="[1bc]"></a>HAL_DMA_IRQHandler</STRONG> (Thumb, 4 bytes, Stack size 0 bytes, gm_hal_dma.o(.text), UNUSED)
<BR><BR>[Calls]<UL><LI><a href="#[1ba]">&gt;&gt;</a>&nbsp;&nbsp;&nbsp;DMA_CommonIRQHandler
</UL>

<P><STRONG><a name="[1a6]"></a>HAL_DMA_Request_Channel</STRONG> (Thumb, 114 bytes, Stack size 20 bytes, gm_hal_dma.o(.text))
<BR><BR>[Stack]<UL><LI>Max Depth = 20<LI>Call Chain = HAL_DMA_Request_Channel
</UL>
<BR>[Called By]<UL><LI><a href="#[106]">&gt;&gt;</a>&nbsp;&nbsp;&nbsp;HAL_SQI_Init
<LI><a href="#[1a5]">&gt;&gt;</a>&nbsp;&nbsp;&nbsp;UART_DMAConfig
<LI><a href="#[1fe]">&gt;&gt;</a>&nbsp;&nbsp;&nbsp;I2C_DMAConfig
</UL>

<P><STRONG><a name="[1a7]"></a>HAL_DMA_Init</STRONG> (Thumb, 602 bytes, Stack size 24 bytes, gm_hal_dma.o(.text))
<BR><BR>[Stack]<UL><LI>Max Depth = 56<LI>Call Chain = HAL_DMA_Init &rArr; HAL_Reset_Module &rArr; HAL_TryLock
</UL>
<BR>[Calls]<UL><LI><a href="#[107]">&gt;&gt;</a>&nbsp;&nbsp;&nbsp;HAL_Reset_Module
<LI><a href="#[108]">&gt;&gt;</a>&nbsp;&nbsp;&nbsp;HAL_CLOCK_PeripheralClockEnable0
</UL>
<BR>[Called By]<UL><LI><a href="#[106]">&gt;&gt;</a>&nbsp;&nbsp;&nbsp;HAL_SQI_Init
<LI><a href="#[1a5]">&gt;&gt;</a>&nbsp;&nbsp;&nbsp;UART_DMAConfig
<LI><a href="#[1fe]">&gt;&gt;</a>&nbsp;&nbsp;&nbsp;I2C_DMAConfig
</UL>

<P><STRONG><a name="[1a4]"></a>HAL_DMA_Abort</STRONG> (Thumb, 76 bytes, Stack size 16 bytes, gm_hal_dma.o(.text))
<BR><BR>[Stack]<UL><LI>Max Depth = 16<LI>Call Chain = HAL_DMA_Abort
</UL>
<BR>[Calls]<UL><LI><a href="#[9a]">&gt;&gt;</a>&nbsp;&nbsp;&nbsp;__aeabi_memclr4
</UL>
<BR>[Called By]<UL><LI><a href="#[18]">&gt;&gt;</a>&nbsp;&nbsp;&nbsp;UART_RxDMACallback
<LI><a href="#[19]">&gt;&gt;</a>&nbsp;&nbsp;&nbsp;UART_TxDMACallback
<LI><a href="#[201]">&gt;&gt;</a>&nbsp;&nbsp;&nbsp;Wait_tillDMACompletes
<LI><a href="#[1c]">&gt;&gt;</a>&nbsp;&nbsp;&nbsp;I2C_RxDMACallback
<LI><a href="#[1b]">&gt;&gt;</a>&nbsp;&nbsp;&nbsp;I2C_TxDMACallback
</UL>

<P><STRONG><a name="[1a9]"></a>HAL_DMA_Start</STRONG> (Thumb, 378 bytes, Stack size 24 bytes, gm_hal_dma.o(.text))
<BR><BR>[Stack]<UL><LI>Max Depth = 24<LI>Call Chain = HAL_DMA_Start
</UL>
<BR>[Calls]<UL><LI><a href="#[1bd]">&gt;&gt;</a>&nbsp;&nbsp;&nbsp;HAL_DCACHE_Flush
</UL>
<BR>[Called By]<UL><LI><a href="#[1db]">&gt;&gt;</a>&nbsp;&nbsp;&nbsp;HAL_SQI_W25_DMA_4LineRead
<LI><a href="#[1d7]">&gt;&gt;</a>&nbsp;&nbsp;&nbsp;HAL_SQI_GD25_DMA_4LineRead
<LI><a href="#[1d3]">&gt;&gt;</a>&nbsp;&nbsp;&nbsp;HAL_SQI_MT25_DMA_4LineRead
<LI><a href="#[1cb]">&gt;&gt;</a>&nbsp;&nbsp;&nbsp;HAL_SQI_MX25_DMA_4LineRead
<LI><a href="#[1ab]">&gt;&gt;</a>&nbsp;&nbsp;&nbsp;HAL_UART_Receive
<LI><a href="#[1a8]">&gt;&gt;</a>&nbsp;&nbsp;&nbsp;HAL_UART_Transmit
<LI><a href="#[200]">&gt;&gt;</a>&nbsp;&nbsp;&nbsp;DMAConfig_for_I2CTrmt
<LI><a href="#[1ff]">&gt;&gt;</a>&nbsp;&nbsp;&nbsp;DMAConfig_for_I2CRecv
</UL>

<P><STRONG><a name="[1be]"></a>HAL_DMA_MultiBuffer_Start</STRONG> (Thumb, 360 bytes, Stack size 32 bytes, gm_hal_dma.o(.text), UNUSED)
<BR><BR>[Calls]<UL><LI><a href="#[1bd]">&gt;&gt;</a>&nbsp;&nbsp;&nbsp;HAL_DCACHE_Flush
</UL>

<P><STRONG><a name="[17a]"></a>HAL_VIN_Init</STRONG> (Thumb, 74 bytes, Stack size 8 bytes, gm_hal_vin.o(.text))
<BR><BR>[Stack]<UL><LI>Max Depth = 8<LI>Call Chain = HAL_VIN_Init
</UL>
<BR>[Called By]<UL><LI><a href="#[81]">&gt;&gt;</a>&nbsp;&nbsp;&nbsp;vin_gm6721x_init
</UL>

<P><STRONG><a name="[17d]"></a>HAL_VIN_Start</STRONG> (Thumb, 42 bytes, Stack size 8 bytes, gm_hal_vin.o(.text))
<BR><BR>[Stack]<UL><LI>Max Depth = 8<LI>Call Chain = HAL_VIN_Start
</UL>
<BR>[Called By]<UL><LI><a href="#[54]">&gt;&gt;</a>&nbsp;&nbsp;&nbsp;vin_gm6721x_start_streaming
</UL>

<P><STRONG><a name="[17f]"></a>HAL_VIN_Stop</STRONG> (Thumb, 20 bytes, Stack size 0 bytes, gm_hal_vin.o(.text))
<BR><BR>[Called By]<UL><LI><a href="#[55]">&gt;&gt;</a>&nbsp;&nbsp;&nbsp;vin_gm6721x_stop_streaming
</UL>

<P><STRONG><a name="[179]"></a>HAL_VIN_SetAddress</STRONG> (Thumb, 10 bytes, Stack size 0 bytes, gm_hal_vin.o(.text))
<BR><BR>[Called By]<UL><LI><a href="#[14]">&gt;&gt;</a>&nbsp;&nbsp;&nbsp;vin_gm6721x_isr
</UL>

<P><STRONG><a name="[186]"></a>HAL_VIN_ConfigCrop</STRONG> (Thumb, 38 bytes, Stack size 12 bytes, gm_hal_vin.o(.text))
<BR><BR>[Stack]<UL><LI>Max Depth = 12<LI>Call Chain = HAL_VIN_ConfigCrop
</UL>
<BR>[Called By]<UL><LI><a href="#[58]">&gt;&gt;</a>&nbsp;&nbsp;&nbsp;vin_gm6721x_ioctl
</UL>

<P><STRONG><a name="[185]"></a>HAL_VIN_DisableCrop</STRONG> (Thumb, 12 bytes, Stack size 0 bytes, gm_hal_vin.o(.text))
<BR><BR>[Called By]<UL><LI><a href="#[58]">&gt;&gt;</a>&nbsp;&nbsp;&nbsp;vin_gm6721x_ioctl
</UL>

<P><STRONG><a name="[187]"></a>HAL_VIN_EnableCrop</STRONG> (Thumb, 12 bytes, Stack size 0 bytes, gm_hal_vin.o(.text))
<BR><BR>[Called By]<UL><LI><a href="#[58]">&gt;&gt;</a>&nbsp;&nbsp;&nbsp;vin_gm6721x_ioctl
</UL>

<P><STRONG><a name="[172]"></a>HAL_VIN_Disable</STRONG> (Thumb, 12 bytes, Stack size 0 bytes, gm_hal_vin.o(.text))
<BR><BR>[Called By]<UL><LI><a href="#[14]">&gt;&gt;</a>&nbsp;&nbsp;&nbsp;vin_gm6721x_isr
</UL>

<P><STRONG><a name="[b5]"></a>HAL_VIN_Enable</STRONG> (Thumb, 12 bytes, Stack size 0 bytes, gm_hal_vin.o(.text))
<BR><BR>[Called By]<UL><LI><a href="#[af]">&gt;&gt;</a>&nbsp;&nbsp;&nbsp;body_detect
<LI><a href="#[14]">&gt;&gt;</a>&nbsp;&nbsp;&nbsp;vin_gm6721x_isr
</UL>

<P><STRONG><a name="[173]"></a>HAL_VIN_DisableMemoryWrite</STRONG> (Thumb, 12 bytes, Stack size 0 bytes, gm_hal_vin.o(.text))
<BR><BR>[Called By]<UL><LI><a href="#[14]">&gt;&gt;</a>&nbsp;&nbsp;&nbsp;vin_gm6721x_isr
</UL>

<P><STRONG><a name="[175]"></a>HAL_VIN_EnableMemoryWrite</STRONG> (Thumb, 12 bytes, Stack size 0 bytes, gm_hal_vin.o(.text))
<BR><BR>[Called By]<UL><LI><a href="#[14]">&gt;&gt;</a>&nbsp;&nbsp;&nbsp;vin_gm6721x_isr
</UL>

<P><STRONG><a name="[184]"></a>HAL_VIN_DisableColorSpaceConv</STRONG> (Thumb, 12 bytes, Stack size 0 bytes, gm_hal_vin.o(.text))
<BR><BR>[Called By]<UL><LI><a href="#[58]">&gt;&gt;</a>&nbsp;&nbsp;&nbsp;vin_gm6721x_ioctl
</UL>

<P><STRONG><a name="[183]"></a>HAL_VIN_EnableColorSpaceConv</STRONG> (Thumb, 12 bytes, Stack size 0 bytes, gm_hal_vin.o(.text))
<BR><BR>[Called By]<UL><LI><a href="#[58]">&gt;&gt;</a>&nbsp;&nbsp;&nbsp;vin_gm6721x_ioctl
</UL>

[...]
<BR><BR>[Stack]<UL><LI>Max Depth = 16<LI>Call Chain = char_out
</UL>
<BR>[Address Reference Count : 1]<UL><LI> printk.o(.text)
</UL>
<P><STRONG><a name="[24]"></a>str_out</STRONG> (Thumb, 60 bytes, Stack size 8 bytes, printk.o(.text))
<BR><BR>[Stack]<UL><LI>Max Depth = 8<LI>Call Chain = str_out
</UL>
<BR>[Address Reference Count : 1]<UL><LI> printk.o(.text)
</UL>
<P><STRONG><a name="[329]"></a>sys_dlist_append</STRONG> (Thumb, 14 bytes, Stack size 0 bytes, mempool.o(.text))
<BR><BR>[Called By]<UL><LI><a href="#[221]">&gt;&gt;</a>&nbsp;&nbsp;&nbsp;_sys_mem_pool_base_init
<LI><a href="#[330]">&gt;&gt;</a>&nbsp;&nbsp;&nbsp;block_break
<LI><a href="#[32f]">&gt;&gt;</a>&nbsp;&nbsp;&nbsp;block_free
</UL>

<P><STRONG><a name="[320]"></a>level_empty</STRONG> (Thumb, 32 bytes, Stack size 16 bytes, mempool.o(.text))
<BR><BR>[Stack]<UL><LI>Max Depth = 16<LI>Call Chain = level_empty
</UL>
<BR>[Calls]<UL><LI><a href="#[321]">&gt;&gt;</a>&nbsp;&nbsp;&nbsp;sys_dlist_is_empty
</UL>
<BR>[Called By]<UL><LI><a href="#[223]">&gt;&gt;</a>&nbsp;&nbsp;&nbsp;_sys_mem_pool_block_alloc
</UL>

<P><STRONG><a name="[328]"></a>block_ptr</STRONG> (Thumb, 10 bytes, Stack size 0 bytes, mempool.o(.text))
<BR><BR>[Called By]<UL><LI><a href="#[221]">&gt;&gt;</a>&nbsp;&nbsp;&nbsp;_sys_mem_pool_base_init
<LI><a href="#[32f]">&gt;&gt;</a>&nbsp;&nbsp;&nbsp;block_free
</UL>

<P><STRONG><a name="[32d]"></a>block_num</STRONG> (Thumb, 12 bytes, Stack size 0 bytes, mempool.o(.text))
<BR><BR>[Called By]<UL><LI><a href="#[223]">&gt;&gt;</a>&nbsp;&nbsp;&nbsp;_sys_mem_pool_block_alloc
<LI><a href="#[330]">&gt;&gt;</a>&nbsp;&nbsp;&nbsp;block_break
<LI><a href="#[32a]">&gt;&gt;</a>&nbsp;&nbsp;&nbsp;block_alloc
</UL>

<P><STRONG><a name="[323]"></a>get_bit_ptr</STRONG> (Thumb, 56 bytes, Stack size 16 bytes, mempool.o(.text))
<BR><BR>[Stack]<UL><LI>Max Depth = 16<LI>Call Chain = get_bit_ptr
</UL>
<BR>[Called By]<UL><LI><a href="#[325]">&gt;&gt;</a>&nbsp;&nbsp;&nbsp;partner_bits
<LI><a href="#[324]">&gt;&gt;</a>&nbsp;&nbsp;&nbsp;clear_free_bit
<LI><a href="#[322]">&gt;&gt;</a>&nbsp;&nbsp;&nbsp;set_free_bit
</UL>

<P><STRONG><a name="[322]"></a>set_free_bit</STRONG> (Thumb, 38 bytes, Stack size 24 bytes, mempool.o(.text))
<BR><BR>[Stack]<UL><LI>Max Depth = 40<LI>Call Chain = set_free_bit &rArr; get_bit_ptr
</UL>
<BR>[Calls]<UL><LI><a href="#[323]">&gt;&gt;</a>&nbsp;&nbsp;&nbsp;get_bit_ptr
</UL>
<BR>[Called By]<UL><LI><a href="#[221]">&gt;&gt;</a>&nbsp;&nbsp;&nbsp;_sys_mem_pool_base_init
<LI><a href="#[330]">&gt;&gt;</a>&nbsp;&nbsp;&nbsp;block_break
<LI><a href="#[32f]">&gt;&gt;</a>&nbsp;&nbsp;&nbsp;block_free
</UL>

<P><STRONG><a name="[324]"></a>clear_free_bit</STRONG> (Thumb, 38 bytes, Stack size 24 bytes, mempool.o(.text))
<BR><BR>[Stack]<UL><LI>Max Depth = 40<LI>Call Chain = clear_free_bit &rArr; get_bit_ptr
</UL>
<BR>[Calls]<UL><LI><a href="#[323]">&gt;&gt;</a>&nbsp;&nbsp;&nbsp;get_bit_ptr
</UL>
<BR>[Called By]<UL><LI><a href="#[32f]">&gt;&gt;</a>&nbsp;&nbsp;&nbsp;block_free
<LI><a href="#[32a]">&gt;&gt;</a>&nbsp;&nbsp;&nbsp;block_alloc
</UL>

<P><STRONG><a name="[325]"></a>partner_bits</STRONG> (Thumb, 46 bytes, Stack size 24 bytes, mempool.o(.text))
<BR><BR>[Stack]<UL><LI>Max Depth = 40<LI>Call Chain = partner_bits &rArr; get_bit_ptr
</UL>
<BR>[Calls]<UL><LI><a href="#[323]">&gt;&gt;</a>&nbsp;&nbsp;&nbsp;get_bit_ptr
</UL>
<BR>[Called By]<UL><LI><a href="#[32f]">&gt;&gt;</a>&nbsp;&nbsp;&nbsp;block_free
</UL>

<P><STRONG><a name="[327]"></a>buf_size</STRONG> (Thumb, 10 bytes, Stack size 0 bytes, mempool.o(.text))
<BR><BR>[Called By]<UL><LI><a href="#[326]">&gt;&gt;</a>&nbsp;&nbsp;&nbsp;block_fits
</UL>

<P><STRONG><a name="[326]"></a>block_fits</STRONG> (Thumb, 34 bytes, Stack size 16 bytes, mempool.o(.text))
<BR><BR>[Stack]<UL><LI>Max Depth = 16<LI>Call Chain = block_fits
</UL>
<BR>[Calls]<UL><LI><a href="#[327]">&gt;&gt;</a>&nbsp;&nbsp;&nbsp;buf_size
</UL>
<BR>[Called By]<UL><LI><a href="#[330]">&gt;&gt;</a>&nbsp;&nbsp;&nbsp;block_break
<LI><a href="#[32f]">&gt;&gt;</a>&nbsp;&nbsp;&nbsp;block_free
</UL>

<P><STRONG><a name="[32b]"></a>pool_irq_lock</STRONG> (Thumb, 34 bytes, Stack size 0 bytes, mempool.o(.text))
<BR><BR>[Called By]<UL><LI><a href="#[330]">&gt;&gt;</a>&nbsp;&nbsp;&nbsp;block_break
<LI><a href="#[32f]">&gt;&gt;</a>&nbsp;&nbsp;&nbsp;block_free
<LI><a href="#[32a]">&gt;&gt;</a>&nbsp;&nbsp;&nbsp;block_alloc
</UL>

<P><STRONG><a name="[32e]"></a>pool_irq_unlock</STRONG> (Thumb, 24 bytes, Stack size 0 bytes, mempool.o(.text))
<BR><BR>[Called By]<UL><LI><a href="#[330]">&gt;&gt;</a>&nbsp;&nbsp;&nbsp;block_break
<LI><a href="#[32f]">&gt;&gt;</a>&nbsp;&nbsp;&nbsp;block_free
<LI><a href="#[32a]">&gt;&gt;</a>&nbsp;&nbsp;&nbsp;block_alloc
</UL>

<P><STRONG><a name="[32a]"></a>block_alloc</STRONG> (Thumb, 94 bytes, Stack size 32 bytes, mempool.o(.text))
<BR><BR>[Stack]<UL><LI>Max Depth = 72<LI>Call Chain = block_alloc &rArr; clear_free_bit &rArr; get_bit_ptr
</UL>
<BR>[Calls]<UL><LI><a href="#[32c]">&gt;&gt;</a>&nbsp;&nbsp;&nbsp;sys_dlist_remove
<LI><a href="#[321]">&gt;&gt;</a>&nbsp;&nbsp;&nbsp;sys_dlist_is_empty
<LI><a href="#[32e]">&gt;&gt;</a>&nbsp;&nbsp;&nbsp;pool_irq_unlock
<LI><a href="#[32b]">&gt;&gt;</a>&nbsp;&nbsp;&nbsp;pool_irq_lock
<LI><a href="#[324]">&gt;&gt;</a>&nbsp;&nbsp;&nbsp;clear_free_bit
<LI><a href="#[32d]">&gt;&gt;</a>&nbsp;&nbsp;&nbsp;block_num
</UL>
<BR>[Called By]<UL><LI><a href="#[223]">&gt;&gt;</a>&nbsp;&nbsp;&nbsp;_sys_mem_pool_block_alloc
</UL>

<P><STRONG><a name="[32f]"></a>block_free</STRONG> (Thumb, 210 bytes, Stack size 48 bytes, mempool.o(.text))
<BR><BR>[Stack]<UL><LI>Max Depth = 88 + In Cycle
<LI>Call Chain = block_free &rArr;  block_free (Cycle)
</UL>
<BR>[Calls]<UL><LI><a href="#[32c]">&gt;&gt;</a>&nbsp;&nbsp;&nbsp;sys_dlist_remove
<LI><a href="#[32f]">&gt;&gt;</a>&nbsp;&nbsp;&nbsp;block_free
<LI><a href="#[32e]">&gt;&gt;</a>&nbsp;&nbsp;&nbsp;pool_irq_unlock
<LI><a href="#[32b]">&gt;&gt;</a>&nbsp;&nbsp;&nbsp;pool_irq_lock
<LI><a href="#[326]">&gt;&gt;</a>&nbsp;&nbsp;&nbsp;block_fits
<LI><a href="#[325]">&gt;&gt;</a>&nbsp;&nbsp;&nbsp;partner_bits
<LI><a href="#[324]">&gt;&gt;</a>&nbsp;&nbsp;&nbsp;clear_free_bit
<LI><a href="#[322]">&gt;&gt;</a>&nbsp;&nbsp;&nbsp;set_free_bit
<LI><a href="#[328]">&gt;&gt;</a>&nbsp;&nbsp;&nbsp;block_ptr
<LI><a href="#[329]">&gt;&gt;</a>&nbsp;&nbsp;&nbsp;sys_dlist_append
</UL>
<BR>[Called By]<UL><LI><a href="#[225]">&gt;&gt;</a>&nbsp;&nbsp;&nbsp;_sys_mem_pool_block_free
<LI><a href="#[32f]">&gt;&gt;</a>&nbsp;&nbsp;&nbsp;block_free
</UL>

<P><STRONG><a name="[330]"></a>block_break</STRONG> (Thumb, 120 bytes, Stack size 48 bytes, mempool.o(.text))
<BR><BR>[Stack]<UL><LI>Max Depth = 88<LI>Call Chain = block_break &rArr; set_free_bit &rArr; get_bit_ptr
</UL>
<BR>[Calls]<UL><LI><a href="#[32e]">&gt;&gt;</a>&nbsp;&nbsp;&nbsp;pool_irq_unlock
<LI><a href="#[32b]">&gt;&gt;</a>&nbsp;&nbsp;&nbsp;pool_irq_lock
<LI><a href="#[326]">&gt;&gt;</a>&nbsp;&nbsp;&nbsp;block_fits
<LI><a href="#[322]">&gt;&gt;</a>&nbsp;&nbsp;&nbsp;set_free_bit
<LI><a href="#[32d]">&gt;&gt;</a>&nbsp;&nbsp;&nbsp;block_num
<LI><a href="#[329]">&gt;&gt;</a>&nbsp;&nbsp;&nbsp;sys_dlist_append
</UL>
<BR>[Called By]<UL><LI><a href="#[223]">&gt;&gt;</a>&nbsp;&nbsp;&nbsp;_sys_mem_pool_block_alloc
</UL>

<P><STRONG><a name="[321]"></a>sys_dlist_is_empty</STRONG> (Thumb, 16 bytes, Stack size 0 bytes, mempool.o(.text))
<BR><BR>[Called By]<UL><LI><a href="#[32a]">&gt;&gt;</a>&nbsp;&nbsp;&nbsp;block_alloc
<LI><a href="#[320]">&gt;&gt;</a>&nbsp;&nbsp;&nbsp;level_empty
</UL>

<P><STRONG><a name="[32c]"></a>sys_dlist_remove</STRONG> (Thumb, 14 bytes, Stack size 0 bytes, mempool.o(.text))
<BR><BR>[Called By]<UL><LI><a href="#[32f]">&gt;&gt;</a>&nbsp;&nbsp;&nbsp;block_free
<LI><a href="#[32a]">&gt;&gt;</a>&nbsp;&nbsp;&nbsp;block_alloc
</UL>

<P><STRONG><a name="[334]"></a>k_mutex_lock</STRONG> (Thumb, 16 bytes, Stack size 16 bytes, mempool.o(.text), UNUSED)
<BR><BR>[Calls]<UL><LI><a href="#[16d]">&gt;&gt;</a>&nbsp;&nbsp;&nbsp;_impl_k_mutex_lock
</UL>
<BR>[Called By]<UL><LI><a href="#[336]">&gt;&gt;</a>&nbsp;&nbsp;&nbsp;sys_mem_pool_free
<LI><a href="#[333]">&gt;&gt;</a>&nbsp;&nbsp;&nbsp;sys_mem_pool_alloc
</UL>

<P><STRONG><a name="[335]"></a>k_mutex_unlock</STRONG> (Thumb, 12 bytes, Stack size 8 bytes, mempool.o(.text), UNUSED)
<BR><BR>[Calls]<UL><LI><a href="#[156]">&gt;&gt;</a>&nbsp;&nbsp;&nbsp;_impl_k_mutex_unlock
</UL>
<BR>[Called By]<UL><LI><a href="#[336]">&gt;&gt;</a>&nbsp;&nbsp;&nbsp;sys_mem_pool_free
<LI><a href="#[333]">&gt;&gt;</a>&nbsp;&nbsp;&nbsp;sys_mem_pool_alloc
</UL>

<P><STRONG><a name="[6c]"></a>_stdout_hook_default</STRONG> (Thumb, 8 bytes, Stack size 0 bytes, stdout_console.o(.text))
<BR>[Address Reference Count : 1]<UL><LI> stdout_console.o(.data)
</UL>
<P><STRONG><a name="[340]"></a>sys_power_save_idle</STRONG> (Thumb, 16 bytes, Stack size 8 bytes, idle.o(.text))
<BR><BR>[Stack]<UL><LI>Max Depth = 8 + Unknown Stack Size
<LI>Call Chain = sys_power_save_idle
</UL>
<BR>[Calls]<UL><LI><a href="#[341]">&gt;&gt;</a>&nbsp;&nbsp;&nbsp;k_cpu_idle
</UL>
<BR>[Called By]<UL><LI><a href="#[1f]">&gt;&gt;</a>&nbsp;&nbsp;&nbsp;idle
</UL>

<P><STRONG><a name="[346]"></a>get_child</STRONG> (Thumb, 18 bytes, Stack size 0 bytes, rb.o(.text), UNUSED)
<BR><BR>[Called By]<UL><LI><a href="#[2de]">&gt;&gt;</a>&nbsp;&nbsp;&nbsp;rb_remove
<LI><a href="#[2e0]">&gt;&gt;</a>&nbsp;&nbsp;&nbsp;_rb_get_minmax
<LI><a href="#[2db]">&gt;&gt;</a>&nbsp;&nbsp;&nbsp;_rb_foreach_next
<LI><a href="#[350]">&gt;&gt;</a>&nbsp;&nbsp;&nbsp;rb_contains
<LI><a href="#[34e]">&gt;&gt;</a>&nbsp;&nbsp;&nbsp;_rb_child
<LI><a href="#[34d]">&gt;&gt;</a>&nbsp;&nbsp;&nbsp;_rb_walk
<LI><a href="#[351]">&gt;&gt;</a>&nbsp;&nbsp;&nbsp;stack_left_limb
<LI><a href="#[34c]">&gt;&gt;</a>&nbsp;&nbsp;&nbsp;fix_missing_black
<LI><a href="#[34a]">&gt;&gt;</a>&nbsp;&nbsp;&nbsp;fix_extra_red
<LI><a href="#[348]">&gt;&gt;</a>&nbsp;&nbsp;&nbsp;rotate
<LI><a href="#[347]">&gt;&gt;</a>&nbsp;&nbsp;&nbsp;get_side
<LI><a href="#[345]">&gt;&gt;</a>&nbsp;&nbsp;&nbsp;find_and_stack
</UL>

<P><STRONG><a name="[349]"></a>set_child</STRONG> (Thumb, 24 bytes, Stack size 12 bytes, rb.o(.text), UNUSED)
<BR><BR>[Called By]<UL><LI><a href="#[2de]">&gt;&gt;</a>&nbsp;&nbsp;&nbsp;rb_remove
<LI><a href="#[2dc]">&gt;&gt;</a>&nbsp;&nbsp;&nbsp;rb_insert
<LI><a href="#[34c]">&gt;&gt;</a>&nbsp;&nbsp;&nbsp;fix_missing_black
<LI><a href="#[348]">&gt;&gt;</a>&nbsp;&nbsp;&nbsp;rotate
</UL>

<P><STRONG><a name="[343]"></a>get_color</STRONG> (Thumb, 10 bytes, Stack size 0 bytes, rb.o(.text), UNUSED)
<BR><BR>[Called By]<UL><LI><a href="#[2de]">&gt;&gt;</a>&nbsp;&nbsp;&nbsp;rb_remove
<LI><a href="#[34c]">&gt;&gt;</a>&nbsp;&nbsp;&nbsp;fix_missing_black
<LI><a href="#[344]">&gt;&gt;</a>&nbsp;&nbsp;&nbsp;is_red
<LI><a href="#[342]">&gt;&gt;</a>&nbsp;&nbsp;&nbsp;is_black
</UL>

<P><STRONG><a name="[342]"></a>is_black</STRONG> (Thumb, 20 bytes, Stack size 8 bytes, rb.o(.text), UNUSED)
<BR><BR>[Calls]<UL><LI><a href="#[343]">&gt;&gt;</a>&nbsp;&nbsp;&nbsp;get_color
</UL>
<BR>[Called By]<UL><LI><a href="#[2de]">&gt;&gt;</a>&nbsp;&nbsp;&nbsp;rb_remove
<LI><a href="#[34f]">&gt;&gt;</a>&nbsp;&nbsp;&nbsp;_rb_is_black
<LI><a href="#[34c]">&gt;&gt;</a>&nbsp;&nbsp;&nbsp;fix_missing_black
<LI><a href="#[34a]">&gt;&gt;</a>&nbsp;&nbsp;&nbsp;fix_extra_red
</UL>

<P><STRONG><a name="[344]"></a>is_red</STRONG> (Thumb, 20 bytes, Stack size 8 bytes, rb.o(.text), UNUSED)
<BR><BR>[Calls]<UL><LI><a href="#[343]">&gt;&gt;</a>&nbsp;&nbsp;&nbsp;get_color
</UL>
<BR>[Called By]<UL><LI><a href="#[2de]">&gt;&gt;</a>&nbsp;&nbsp;&nbsp;rb_remove
<LI><a href="#[34c]">&gt;&gt;</a>&nbsp;&nbsp;&nbsp;fix_missing_black
<LI><a href="#[34a]">&gt;&gt;</a>&nbsp;&nbsp;&nbsp;fix_extra_red
</UL>

<P><STRONG><a name="[34b]"></a>set_color</STRONG> (Thumb, 14 bytes, Stack size 0 bytes, rb.o(.text), UNUSED)
<BR><BR>[Called By]<UL><LI><a href="#[2de]">&gt;&gt;</a>&nbsp;&nbsp;&nbsp;rb_remove
<LI><a href="#[2dc]">&gt;&gt;</a>&nbsp;&nbsp;&nbsp;rb_insert
<LI><a href="#[34c]">&gt;&gt;</a>&nbsp;&nbsp;&nbsp;fix_missing_black
<LI><a href="#[34a]">&gt;&gt;</a>&nbsp;&nbsp;&nbsp;fix_extra_red
</UL>

<P><STRONG><a name="[345]"></a>find_and_stack</STRONG> (Thumb, 94 bytes, Stack size 32 bytes, rb.o(.text), UNUSED)
<BR><BR>[Calls]<UL><LI><a href="#[346]">&gt;&gt;</a>&nbsp;&nbsp;&nbsp;get_child
</UL>
<BR>[Called By]<UL><LI><a href="#[2de]">&gt;&gt;</a>&nbsp;&nbsp;&nbsp;rb_remove
<LI><a href="#[2dc]">&gt;&gt;</a>&nbsp;&nbsp;&nbsp;rb_insert
</UL>

<P><STRONG><a name="[347]"></a>get_side</STRONG> (Thumb, 26 bytes, Stack size 16 bytes, rb.o(.text), UNUSED)
<BR><BR>[Calls]<UL><LI><a href="#[346]">&gt;&gt;</a>&nbsp;&nbsp;&nbsp;get_child
</UL>
<BR>[Called By]<UL><LI><a href="#[2de]">&gt;&gt;</a>&nbsp;&nbsp;&nbsp;rb_remove
<LI><a href="#[34c]">&gt;&gt;</a>&nbsp;&nbsp;&nbsp;fix_missing_black
<LI><a href="#[34a]">&gt;&gt;</a>&nbsp;&nbsp;&nbsp;fix_extra_red
<LI><a href="#[348]">&gt;&gt;</a>&nbsp;&nbsp;&nbsp;rotate
</UL>

<P><STRONG><a name="[348]"></a>rotate</STRONG> (Thumb, 152 bytes, Stack size 40 bytes, rb.o(.text), UNUSED)
<BR><BR>[Calls]<UL><LI><a href="#[347]">&gt;&gt;</a>&nbsp;&nbsp;&nbsp;get_side
<LI><a href="#[349]">&gt;&gt;</a>&nbsp;&nbsp;&nbsp;set_child
<LI><a href="#[346]">&gt;&gt;</a>&nbsp;&nbsp;&nbsp;get_child
</UL>
<BR>[Called By]<UL><LI><a href="#[34c]">&gt;&gt;</a>&nbsp;&nbsp;&nbsp;fix_missing_black
<LI><a href="#[34a]">&gt;&gt;</a>&nbsp;&nbsp;&nbsp;fix_extra_red
</UL>

<P><STRONG><a name="[34a]"></a>fix_extra_red</STRONG> (Thumb, 184 bytes, Stack size 40 bytes, rb.o(.text), UNUSED)
<BR><BR>[Calls]<UL><LI><a href="#[348]">&gt;&gt;</a>&nbsp;&nbsp;&nbsp;rotate
<LI><a href="#[347]">&gt;&gt;</a>&nbsp;&nbsp;&nbsp;get_side
<LI><a href="#[34b]">&gt;&gt;</a>&nbsp;&nbsp;&nbsp;set_color
<LI><a href="#[344]">&gt;&gt;</a>&nbsp;&nbsp;&nbsp;is_red
<LI><a href="#[342]">&gt;&gt;</a>&nbsp;&nbsp;&nbsp;is_black
<LI><a href="#[346]">&gt;&gt;</a>&nbsp;&nbsp;&nbsp;get_child
</UL>
<BR>[Called By]<UL><LI><a href="#[2dc]">&gt;&gt;</a>&nbsp;&nbsp;&nbsp;rb_insert
</UL>

<P><STRONG><a name="[34c]"></a>fix_missing_black</STRONG> (Thumb, 404 bytes, Stack size 56 bytes, rb.o(.text), UNUSED)
<BR><BR>[Calls]<UL><LI><a href="#[348]">&gt;&gt;</a>&nbsp;&nbsp;&nbsp;rotate
<LI><a href="#[347]">&gt;&gt;</a>&nbsp;&nbsp;&nbsp;get_side
<LI><a href="#[34b]">&gt;&gt;</a>&nbsp;&nbsp;&nbsp;set_color
<LI><a href="#[344]">&gt;&gt;</a>&nbsp;&nbsp;&nbsp;is_red
<LI><a href="#[342]">&gt;&gt;</a>&nbsp;&nbsp;&nbsp;is_black
<LI><a href="#[343]">&gt;&gt;</a>&nbsp;&nbsp;&nbsp;get_color
<LI><a href="#[349]">&gt;&gt;</a>&nbsp;&nbsp;&nbsp;set_child
<LI><a href="#[346]">&gt;&gt;</a>&nbsp;&nbsp;&nbsp;get_child
</UL>
<BR>[Called By]<UL><LI><a href="#[2de]">&gt;&gt;</a>&nbsp;&nbsp;&nbsp;rb_remove
</UL>

<P><STRONG><a name="[351]"></a>stack_left_limb</STRONG> (Thumb, 74 bytes, Stack size 16 bytes, rb.o(.text), UNUSED)
<BR><BR>[Calls]<UL><LI><a href="#[346]">&gt;&gt;</a>&nbsp;&nbsp;&nbsp;get_child
</UL>
<BR>[Called By]<UL><LI><a href="#[2db]">&gt;&gt;</a>&nbsp;&nbsp;&nbsp;_rb_foreach_next
</UL>

<P><STRONG><a name="[35d]"></a>_FaultShow</STRONG> (Thumb, 2 bytes, Stack size 0 bytes, fault.o(.text))
<BR><BR>[Called By]<UL><LI><a href="#[35c]">&gt;&gt;</a>&nbsp;&nbsp;&nbsp;_FaultHandle
</UL>

<P><STRONG><a name="[356]"></a>_MpuFaultIsRecoverable</STRONG> (Thumb, 6 bytes, Stack size 0 bytes, fault.o(.text))
<BR><BR>[Called By]<UL><LI><a href="#[355]">&gt;&gt;</a>&nbsp;&nbsp;&nbsp;_MpuFault
</UL>

<P><STRONG><a name="[355]"></a>_MpuFault</STRONG> (Thumb, 156 bytes, Stack size 24 bytes, fault.o(.text))
<BR><BR>[Stack]<UL><LI>Max Depth = 200<LI>Call Chain = _MpuFault &rArr; printk &rArr; vprintk &rArr; _vprintk &rArr; _printk_dec_ulong
</UL>
<BR>[Calls]<UL><LI><a href="#[131]">&gt;&gt;</a>&nbsp;&nbsp;&nbsp;printk
<LI><a href="#[356]">&gt;&gt;</a>&nbsp;&nbsp;&nbsp;_MpuFaultIsRecoverable
</UL>
<BR>[Called By]<UL><LI><a href="#[35c]">&gt;&gt;</a>&nbsp;&nbsp;&nbsp;_FaultHandle
<LI><a href="#[35a]">&gt;&gt;</a>&nbsp;&nbsp;&nbsp;_HardFault
</UL>

<P><STRONG><a name="[357]"></a>_BusFault</STRONG> (Thumb, 176 bytes, Stack size 16 bytes, fault.o(.text))
<BR><BR>[Stack]<UL><LI>Max Depth = 192<LI>Call Chain = _BusFault &rArr; printk &rArr; vprintk &rArr; _vprintk &rArr; _printk_dec_ulong
</UL>
<BR>[Calls]<UL><LI><a href="#[131]">&gt;&gt;</a>&nbsp;&nbsp;&nbsp;printk
</UL>
<BR>[Called By]<UL><LI><a href="#[35c]">&gt;&gt;</a>&nbsp;&nbsp;&nbsp;_FaultHandle
<LI><a href="#[35a]">&gt;&gt;</a>&nbsp;&nbsp;&nbsp;_HardFault
</UL>

<P><STRONG><a name="[358]"></a>_UsageFault</STRONG> (Thumb, 124 bytes, Stack size 16 bytes, fault.o(.text))
<BR><BR>[Stack]<UL><LI>Max Depth = 192<LI>Call Chain = _UsageFault &rArr; printk &rArr; vprintk &rArr; _vprintk &rArr; _printk_dec_ulong
</UL>
<BR>[Calls]<UL><LI><a href="#[131]">&gt;&gt;</a>&nbsp;&nbsp;&nbsp;printk
</UL>
<BR>[Called By]<UL><LI><a href="#[35c]">&gt;&gt;</a>&nbsp;&nbsp;&nbsp;_FaultHandle
<LI><a href="#[35a]">&gt;&gt;</a>&nbsp;&nbsp;&nbsp;_HardFault
</UL>

<P><STRONG><a name="[359]"></a>_DebugMonitor</STRONG> (Thumb, 12 bytes, Stack size 8 bytes, fault.o(.text))
<BR><BR>[Stack]<UL><LI>Max Depth = 184<LI>Call Chain = _DebugMonitor &rArr; printk &rArr; vprintk &rArr; _vprintk &rArr; _printk_dec_ulong
</UL>
<BR>[Calls]<UL><LI><a href="#[131]">&gt;&gt;</a>&nbsp;&nbsp;&nbsp;printk
</UL>
<BR>[Called By]<UL><LI><a href="#[35c]">&gt;&gt;</a>&nbsp;&nbsp;&nbsp;_FaultHandle
</UL>

<P><STRONG><a name="[35a]"></a>_HardFault</STRONG> (Thumb, 106 bytes, Stack size 16 bytes, fault.o(.text))
<BR><BR>[Stack]<UL><LI>Max Depth = 216<LI>Call Chain = _HardFault &rArr; _MpuFault &rArr; printk &rArr; vprintk &rArr; _vprintk &rArr; _printk_dec_ulong
</UL>
<BR>[Calls]<UL><LI><a href="#[131]">&gt;&gt;</a>&nbsp;&nbsp;&nbsp;printk
<LI><a href="#[358]">&gt;&gt;</a>&nbsp;&nbsp;&nbsp;_UsageFault
<LI><a href="#[357]">&gt;&gt;</a>&nbsp;&nbsp;&nbsp;_BusFault
<LI><a href="#[355]">&gt;&gt;</a>&nbsp;&nbsp;&nbsp;_MpuFault
</UL>
<BR>[Called By]<UL><LI><a href="#[35c]">&gt;&gt;</a>&nbsp;&nbsp;&nbsp;_FaultHandle
</UL>

<P><STRONG><a name="[35b]"></a>_ReservedException</STRONG> (Thumb, 30 bytes, Stack size 16 bytes, fault.o(.text))
<BR><BR>[Stack]<UL><LI>Max Depth = 192<LI>Call Chain = _ReservedException &rArr; printk &rArr; vprintk &rArr; _vprintk &rArr; _printk_dec_ulong
</UL>
<BR>[Calls]<UL><LI><a href="#[131]">&gt;&gt;</a>&nbsp;&nbsp;&nbsp;printk
</UL>
<BR>[Called By]<UL><LI><a href="#[35c]">&gt;&gt;</a>&nbsp;&nbsp;&nbsp;_FaultHandle
</UL>

<P><STRONG><a name="[35c]"></a>_FaultHandle</STRONG> (Thumb, 112 bytes, Stack size 16 bytes, fault.o(.text))
<BR><BR>[Stack]<UL><LI>Max Depth = 232<LI>Call Chain = _FaultHandle &rArr; _HardFault &rArr; _MpuFault &rArr; printk &rArr; vprintk &rArr; _vprintk &rArr; _printk_dec_ulong
</UL>
<BR>[Calls]<UL><LI><a href="#[35b]">&gt;&gt;</a>&nbsp;&nbsp;&nbsp;_ReservedException
<LI><a href="#[35a]">&gt;&gt;</a>&nbsp;&nbsp;&nbsp;_HardFault
<LI><a href="#[359]">&gt;&gt;</a>&nbsp;&nbsp;&nbsp;_DebugMonitor
<LI><a href="#[358]">&gt;&gt;</a>&nbsp;&nbsp;&nbsp;_UsageFault
<LI><a href="#[357]">&gt;&gt;</a>&nbsp;&nbsp;&nbsp;_BusFault
<LI><a href="#[355]">&gt;&gt;</a>&nbsp;&nbsp;&nbsp;_MpuFault
<LI><a href="#[35d]">&gt;&gt;</a>&nbsp;&nbsp;&nbsp;_FaultShow
</UL>
<BR>[Called By]<UL><LI><a href="#[35e]">&gt;&gt;</a>&nbsp;&nbsp;&nbsp;_Fault
</UL>

<P><STRONG><a name="[373]"></a>_printf_core</STRONG> (Thumb, 436 bytes, Stack size 96 bytes, printf3.o(i._printf_core), UNUSED)
<BR><BR>[Calls]<UL><LI><a href="#[37d]">&gt;&gt;</a>&nbsp;&nbsp;&nbsp;__aeabi_uidivmod
</UL>
<BR>[Called By]<UL><LI><a href="#[372]">&gt;&gt;</a>&nbsp;&nbsp;&nbsp;__0printf$3
</UL>
<P>
<H3>
Undefined Global Symbols
</H3><HR></body></html>
