<html>
<body>
<pre>
<h1>µVision Build Log</h1>
<h2>Tool Versions:</h2>
IDE-Version: ¦ÌVision V5.21.1.0
Copyright (C) 2016 ARM Ltd and ARM Germany GmbH. All rights reserved.
License Information: ljh Microsoft, Microsoft, LIC=LSNJJ-U5G28-2LRCT-RU82W-EIBF5-K75TL
 
Tool Versions:
Toolchain:       MDK-ARM Plus  Version: 5.21a
Toolchain Path:  C:\Keil_v5\ARM\ARMCC\Bin
C Compiler:      Armcc.exe V5.06 update 3 (build 300)
Assembler:       Armasm.exe V5.06 update 3 (build 300)
Linker/Locator:  ArmLink.exe V5.06 update 3 (build 300)
Library Manager: ArmAr.exe V5.06 update 3 (build 300)
Hex Converter:   FromElf.exe V5.06 update 3 (build 300)
CPU DLL:         SARMCM3.DLL V5.21a
Dialog DLL:      DCM.DLL V1.13.8.0
Target DLL:      Segger\JL2CM3.dll V2.99.23.0
Dialog DLL:      TCM.DLL V1.14.14.0
 
<h2>Project:</h2>
\\172.21.49.1\tmp\alice_lee\to_william\0520\kelis\ugelis\kelis_example\ai_example\obj_ai_body_TinyyoloV2\mdk_qfn80\obj_ai_body_tinyyolov2.uvprojx
Project File Date:  05/20/2020

<h2>Output:</h2>
*** Using Compiler 'V5.06 update 3 (build 300)', folder: 'C:\Keil_v5\ARM\ARMCC\Bin'
Build target 'obj_ai_body_cross'
compiling post_yolo.c...
compiling obj_info.c...
compiling objcmd.c...
compiling app_processor.c...
compiling processor.c...
compiling protocol.c...
compiling storage.c...
compiling main.c...
compiling soc.c...
compiling soc_gm6721x.c...
compiling gm_common.c...
compiling weak_fixup.c...
compiling uart_gm.c...
compiling sys_clock_init.c...
compiling cortex_m_systick.c...
compiling uart_console.c...
compiling gpio_gm.c...
compiling pinmux_gm.c...
compiling display_gm6721x.c...
compiling vb_queue.c...
compiling gm_hal_uart.c...
compiling vin_gm6721x.c...
compiling gm_hal_gpio.c...
compiling gm_hal_dma.c...
compiling camera_interface.c...
compiling gm_hal_vout.c...
compiling gm_hal_vin.c...
compiling gm_hal_imp.c...
compiling gm_hal_kdp.c...
compiling gm_hal_cache.c...
compiling gm_hal_sqi_host.c...
compiling gm_hal_sqi.c...
compiling mailbox.c...
compiling gm_hal_i2c.c...
compiling mem_slab.c...
compiling mempool.c...
compiling msg_q.c...
compiling pipes.c...
compiling mutex.c...
compiling system_work_q.c...
compiling queue.c...
compiling sem.c...
compiling stack.c...
compiling device.c...
compiling timer.c...
compiling rand32_timer.c...
compiling poll.c...
compiling pinmux.c...
compiling shell_service.c...
compiling kernel_service.c...
compiling shell.c...
compiling line_fifo.c...
assembling vector_table.S...
compiling draw.c...
compiling lcd.c...
compiling camera.c...
compiling malloc_ext.c...
linking...
.\obj_ai__body_cross_new_compiler.sct(72): warning: L6329W: Pattern *(._k_timer.static.*) only matches removed unused sections.
Program Size: Code=85744 RO-data=28280 RW-data=32024 ZI-data=5165696  
Finished: 0 information, 1 warning and 0 error messages.
After Build - User command #1: fromelf -c .\obj\obj_ai_body_detection.axf -o .\obj\obj_ai_body_detection.dis
After Build - User command #2: fromelf --bin --output=.\obj\obj_ai_body_detection.bin .\obj\obj_ai_body_detection.axf
".\obj\obj_ai_body_detection.axf" - 0 Error(s), 1 Warning(s).

<h2>Collection of Component include folders:</h2>
  \\172.21.49.1\tmp\alice_lee\to_william\0520\kelis\ugelis\kelis_example\ai_example\obj_ai_body_TinyyoloV2\mdk_qfn80\RTE
  C:\Keil_v5\ARM\PACK\Keil\GM66xx_DFP\1.3.9\Device\Include

<h2>Collection of Component Files used:</h2>
Build Time Elapsed:  00:00:55
</pre>
</body>
</html>
